Archive member included to satisfy reference by file (symbol)

bin/obj/rslib.a(imx8mp_kernel-1a53598e06c50be6.imx8mp_kernel.241a9a11e0e6ae75-cgu.0.rcgu.o)
                              bin/obj/kernel/init/init.o (rust_kernel_initcalls_stage0)
bin/obj/rslib.a(core-dca77d77b03929cc.core.bbd04c23a4fa3c72-cgu.0.rcgu.o)
                              bin/obj/rslib.a(imx8mp_kernel-1a53598e06c50be6.imx8mp_kernel.241a9a11e0e6ae75-cgu.0.rcgu.o) (core::panicking::panic_fmt)
bin/obj/rslib.a(compiler_builtins-fabd8ee97a026881.compiler_builtins.f286be164c3a919f-cgu.099.rcgu.o)
                              bin/obj/rslib.a(core-dca77d77b03929cc.core.bbd04c23a4fa3c72-cgu.0.rcgu.o) (memcmp)
bin/obj/rslib.a(compiler_builtins-fabd8ee97a026881.compiler_builtins.f286be164c3a919f-cgu.173.rcgu.o)
                              bin/obj/kernel/kernel_entry.o (memcpy)
bin/obj/rslib.a(compiler_builtins-fabd8ee97a026881.compiler_builtins.f286be164c3a919f-cgu.242.rcgu.o)
                              bin/obj/drivers/arm_generic_timer/arm_generic_timer.o (__udivti3)
bin/obj/rslib.a(compiler_builtins-fabd8ee97a026881.compiler_builtins.f286be164c3a919f-cgu.295.rcgu.o)
                              bin/obj/kernel/mm/virt/containers/containers.o (memset)
bin/obj/rslib.a(compiler_builtins-fabd8ee97a026881.compiler_builtins.f286be164c3a919f-cgu.018.rcgu.o)
                              bin/obj/rslib.a(compiler_builtins-fabd8ee97a026881.compiler_builtins.f286be164c3a919f-cgu.242.rcgu.o) (compiler_builtins::int::specialized_div_rem::u128_div_rem)

Discarded input sections

 .group         0x0000000000000000        0xc bin/obj/kernel/irq/irq.o
 .group         0x0000000000000000        0xc bin/obj/kernel/irq/irq.o
 .group         0x0000000000000000        0xc bin/obj/kernel/irq/irq.o
 .group         0x0000000000000000        0xc bin/obj/kernel/irq/irq.o
 .group         0x0000000000000000        0xc bin/obj/kernel/irq/irq.o
 .group         0x0000000000000000        0xc bin/obj/kernel/irq/irq.o
 .group         0x0000000000000000        0xc bin/obj/kernel/irq/irq.o
 .group         0x0000000000000000        0xc bin/obj/kernel/irq/irq.o
 .group         0x0000000000000000        0xc bin/obj/kernel/irq/irq.o
 .group         0x0000000000000000        0xc bin/obj/kernel/irq/irq.o
 .group         0x0000000000000000        0xc bin/obj/kernel/irq/irq.o
 .group         0x0000000000000000        0xc bin/obj/kernel/irq/irq.o
 .group         0x0000000000000000        0xc bin/obj/kernel/devices/drivers.o
 .group         0x0000000000000000        0xc bin/obj/kernel/devices/drivers.o
 .group         0x0000000000000000        0xc bin/obj/kernel/devices/drivers.o
 .group         0x0000000000000000        0xc bin/obj/kernel/devices/drivers.o
 .group         0x0000000000000000        0xc bin/obj/kernel/devices/drivers.o
 .group         0x0000000000000000        0xc bin/obj/kernel/devices/drivers.o
 .group         0x0000000000000000        0xc bin/obj/kernel/devices/drivers.o
 .group         0x0000000000000000        0xc bin/obj/kernel/devices/drivers.o
 .group         0x0000000000000000        0xc bin/obj/kernel/devices/drivers.o
 .group         0x0000000000000000        0xc bin/obj/kernel/devices/drivers.o
 .group         0x0000000000000000        0xc bin/obj/kernel/devices/drivers.o
 .group         0x0000000000000000        0xc bin/obj/kernel/devices/drivers.o
 .group         0x0000000000000000        0xc bin/obj/kernel/devices/drivers.o
 .group         0x0000000000000000        0xc bin/obj/kernel/devices/drivers.o
 .debug_macro   0x0000000000000000      0xad8 bin/obj/kernel/devices/drivers.o
 .debug_macro   0x0000000000000000       0x82 bin/obj/kernel/devices/drivers.o
 .debug_macro   0x0000000000000000       0x1c bin/obj/kernel/devices/drivers.o
 .debug_macro   0x0000000000000000       0x22 bin/obj/kernel/devices/drivers.o
 .debug_macro   0x0000000000000000       0x1c bin/obj/kernel/devices/drivers.o
 .debug_macro   0x0000000000000000       0x2e bin/obj/kernel/devices/drivers.o
 .debug_macro   0x0000000000000000       0x10 bin/obj/kernel/devices/drivers.o
 .debug_macro   0x0000000000000000       0x61 bin/obj/kernel/devices/drivers.o
 .debug_macro   0x0000000000000000       0x22 bin/obj/kernel/devices/drivers.o
 .debug_macro   0x0000000000000000       0x10 bin/obj/kernel/devices/drivers.o
 .group         0x0000000000000000        0xc bin/obj/kernel/init/early_init.o
 .group         0x0000000000000000        0xc bin/obj/kernel/init/early_init.o
 .group         0x0000000000000000        0xc bin/obj/kernel/init/early_init.o
 .group         0x0000000000000000        0xc bin/obj/kernel/init/early_init.o
 .group         0x0000000000000000        0xc bin/obj/kernel/init/early_init.o
 .group         0x0000000000000000        0xc bin/obj/kernel/init/early_init.o
 .group         0x0000000000000000        0xc bin/obj/kernel/init/early_init.o
 .group         0x0000000000000000        0xc bin/obj/kernel/init/early_init.o
[...]
Memory Configuration

Name             Origin             Length             Attributes
HI_VMEM          0xffff800000000000 0x0000800000000000 xrw
DDR_HI           0x0000000100000000 0x0000000140000000 xrw
DDR_LO           0x0000000040000000 0x00000000c0000000 xrw
DDR              0x0000000040000000 0x0000000200000000 xrw
DDR_KERNEL       0x0000000040200000 0x00000001ffe00000 xrw
RESERVED_3F      0x000000003f000000 0x0000000001000000 rw
RESERVED_3E      0x000000003e000000 0x0000000001000000 rw
DDRC_PHY_BCAST   0x000000003dc00000 0x0000000000400000 rw
DDRC_PERF_MON    0x000000003d800000 0x0000000000400000 rw
DDRC_CTL         0x000000003d400000 0x0000000000400000 rw
RESERVED_3D10    0x000000003d100000 0x0000000000300000 rw
DDRC_BLK_CTRL    0x000000003d000000 0x0000000000100000 rw
DDRC_PHY         0x000000003c000000 0x0000000001000000 rw
AUDIO_DSP        0x000000003b000000 0x0000000001000000 rw
GIC              0x0000000038800000 0x0000000000100000 rw
NPU              0x0000000038500000 0x0000000000200000 rw
VPU              0x0000000038340000 0x0000000000200000 rw
VPU_BLK_CTRL     0x0000000038330000 0x0000000000200000 rw
VPU_VC8000E      0x0000000038320000 0x0000000000200000 rw
VPU_G2           0x0000000038310000 0x0000000000200000 rw
VPU_G1           0x0000000038300000 0x0000000000200000 rw
USB2             0x0000000038200000 0x0000000000100000 rw
USB1             0x0000000038100000 0x0000000000100000 rw
GPU_3D           0x0000000038000000 0x0000000000008000 rw
GPU_2D           0x0000000038008000 0x0000000000008000 rw
QSPI_RX          0x0000000036000000 0x0000000002000000 rw
QSPI_RX_1        0x0000000034000000 0x0000000002000000 rw
QSPI_TX          0x0000000033008000 0x0000000000008000 rw
APBH_DMA         0x0000000033000000 0x0000000000008000 rw
AIPS_1           0x0000000030000000 0x0000000000400000 rw
AIPS_2           0x0000000030400000 0x0000000000400000 rw
AIPS_3           0x0000000030800000 0x0000000000400000 rw
AIPS_4           0x0000000032c00000 0x0000000000400000 rw
AIPS_5           0x0000000030c00000 0x0000000000400000 rw
PCIE_REG         0x0000000018000000 0x0000000008000000 rw
OCRAM            0x0000000000900000 0x0000000000090000 xrw
OCRAM_S          0x0000000000180000 0x0000000000009000 rw
OCRAM_S2         0x0000000000189000 0x0000000000007000 rw
CAAM_SEC_RAM     0x0000000000108000 0x0000000000008000 rw
BOOT_ROM         0x0000000000000000 0x000000000003f000 r
*default*        0x0000000000000000 0xffffffffffffffff

Linker script and memory map

                0x0000000000000004                __NUM_CORES = 0x4
                0x0000000000020000                __EL2_STACK_SIZE = 0x20000
                0x0000000000100000                __EL1_STACK_SIZE = 0x100000
                0x0000000000200000                __TFA_PROTECTED_SIZE = 0x200000
                0xffff800000000000                HI_VA_BASE = 0xffff800000000000
                0x0000800000000000                HI_VA_SIZE = 0x800000000000
                0x0000000040200000                KERNEL_PA_BASE = (ORIGIN (DDR) + __TFA_PROTECTED_SIZE)
                0xffff800040200000                KERNEL_VA_BASE = (KERNEL_PA_BASE + HI_VA_BASE)
                0xffff800040200000                . = KERNEL_VA_BASE

.text           0xffff800040200000    0x43000 load address 0x0000000040200000
                0xffff800040200000                __text_start = .
 *(.text.boot)
 .text.boot     0xffff800040200000       0xc0 bin/obj/__boot/boot.o
                0xffff800040200000                _start
 *(.text*)
 .text          0xffff8000402000c0       0x20 bin/obj/__kernel/mm/mm.o
                0xffff8000402000c0                _get_pc
                0xffff8000402000c8                _mm_kva_to_kpa
                0xffff8000402000d4                _mm_kpa_to_kva
 .text          0xffff8000402000e0       0x40 bin/obj/__kernel/mm/reloc/reloc.o
                0xffff8000402000e0                _jmp_to_with_offset
                0xffff8000402000e8                _reloc_cfg_end
                0xffff800040200114                _return_to_kernel_entry
 .text          0xffff800040200120       0x40 bin/obj/__arm/cache/cache.o
                0xffff800040200120                _cache_flush_range
 .text          0xffff800040200160       0x3c bin/obj/__arm/cache/icache.o
                0xffff800040200160                _icache_flush_range
 .text          0xffff80004020019c       0x3c bin/obj/__arm/cache/dcache.o
                0xffff80004020019c                _dcache_flush_range
 *fill*         0xffff8000402001d8        0x8 
 .text          0xffff8000402001e0       0x10 bin/obj/__arm/tfa/smccc.o
                0xffff8000402001e0                _smc_call
 .text          0xffff8000402001f0      0x114 bin/obj/__arm/sysregs/arm_generic_timer.o
                0xffff8000402001f0                _ARM_CNTFRQ_EL0_set
                0xffff8000402001fc                _ARM_CNTFRQ_EL0_get
                0xffff800040200204                _ARM_CNTPCT_EL0_get
                0xffff80004020020c                _ARM_CNTVCT_EL0_get
                0xffff800040200214                _ARM_CNTP_CTL_EL0_set
                0xffff800040200220                _ARM_CNTP_CTL_EL0_get
                0xffff800040200228                _ARM_CNTP_CVAL_EL0_set
                0xffff800040200234                _ARM_CNTP_CVAL_EL0_get
                0xffff80004020023c                _ARM_CNTP_TVAL_EL0_set
                0xffff800040200248                _ARM_CNTP_TVAL_EL0_get
                0xffff800040200250                _ARM_CNTV_CTL_EL0_set
                0xffff80004020025c                _ARM_CNTV_CTL_EL0_get
                0xffff800040200264                _ARM_CNTV_CVAL_EL0_set
                0xffff800040200270                _ARM_CNTV_CVAL_EL0_get
                0xffff800040200278                _ARM_CNTV_TVAL_EL0_set
                0xffff800040200284                _ARM_CNTV_TVAL_EL0_get
                0xffff80004020028c                _ARM_CNTKCTL_EL1_set
                0xffff800040200298                _ARM_CNTKCTL_EL1_get
                0xffff8000402002a0                _ARM_CNTHCTL_EL2_set
                0xffff8000402002ac                _ARM_CNTHCTL_EL2_get
                0xffff8000402002b4                _ARM_CNTVOFF_EL2_set
                0xffff8000402002c0                _ARM_CNTVOFF_EL2_get
                0xffff8000402002c8                _ARM_CNTPS_CTL_EL1_set
                0xffff8000402002d4                _ARM_CNTPS_CTL_EL1_get
                0xffff8000402002dc                _ARM_CNTPS_CVAL_EL1_set
                0xffff8000402002e8                _ARM_CNTPS_CVAL_EL1_get
                0xffff8000402002f0                _ARM_CNTPS_TVAL_EL1_set
                0xffff8000402002fc                _ARM_CNTPS_TVAL_EL1_get
 .text          0xffff800040200304       0x74 bin/obj/__arm/sysregs/sysregs.o
                0xffff800040200304                _ARM_currentEL
                0xffff800040200310                _ARM_MPIDR_EL1
                0xffff800040200318                _ARM_ICC_SRE_EL2
                0xffff800040200320                _ARM_HCR_EL2
                0xffff800040200328                _ARM_ESR_EL2
                0xffff800040200330                _ARM_ELR_EL2
                0xffff800040200338                _ARM_FAR_EL2
                0xffff800040200340                _ARM_SPSR_EL2
                0xffff800040200348                _ARM_ESR_EL1
                0xffff800040200350                _ARM_ELR_EL1
                0xffff800040200358                _ARM_FAR_EL1
                0xffff800040200360                _ARM_SPSR_EL1
                0xffff800040200368                _ARM_SCTLR_EL1
                0xffff800040200370                _ARM_SCTLR_EL2
 *fill*         0xffff800040200378      0x488 
 .text          0xffff800040200800     0x1100 bin/obj/__arm/exceptions/el2_vectors.o
                0xffff800040200800                _el2_init_vector
 .text          0xffff800040201900       0x68 bin/obj/__arm/exceptions/exceptions.o
                0xffff800040201900                _exceptions_get_DAIF
                0xffff800040201908                _fiq_exceptions_enable
                0xffff800040201914                _irq_exceptions_enable
                0xffff800040201920                _serror_exceptions_enable
                0xffff80004020192c                _debug_exceptions_enable
                0xffff800040201938                _fiq_exceptions_disable
                0xffff800040201944                _irq_exceptions_disable
                0xffff800040201950                _serror_exceptions_disable
                0xffff80004020195c                _debug_exceptions_disable
 *fill*         0xffff800040201968      0x698 
 .text          0xffff800040202000     0x1100 bin/obj/__arm/exceptions/el1_vectors.o
                0xffff800040202000                _el1_init_vector
 .text          0xffff800040203100        0x8 bin/obj/__arm/cpu.o
                0xffff800040203100                _ARM_get_sp
 *fill*         0xffff800040203108        0x8 
 .text          0xffff800040203110       0xa0 bin/obj/__arm/mmu/regs/mmu_sysregs.o
                0xffff800040203110                _mmu_get_MAIR_EL1
                0xffff800040203118                _mmu_set_MAIR_EL1
                0xffff800040203150                _mmu_get_SCTLR_EL1
                0xffff800040203158                _mmu_set_SCTLR_EL1
                0xffff800040203164                _mmu_get_TTBR0_EL1
                0xffff80004020316c                _mmu_set_TTBR0_EL1
                0xffff80004020317c                _mmu_get_TTBR1_EL1
                0xffff800040203184                _mmu_set_TTBR1_EL1
                0xffff800040203194                _mmu_get_TCR_EL1
                0xffff80004020319c                _mmu_set_TCR_EL1
                0xffff8000402031a8                _mmu_get_ID_AA64MMFR0_EL1
 .text          0xffff8000402031b0       0x3c bin/obj/__lib/lock/spinlock_irq.o
                0xffff8000402031b0                _spin_lock_irqsave
                0xffff8000402031cc                _spin_unlock_irqrestore
 *fill*         0xffff8000402031ec        0x4 
 .text          0xffff8000402031f0       0x6c bin/obj/__lib/lock/spinlock.o
                0xffff8000402031f0                _spin_try_lock
                0xffff800040203218                _spin_lock
                0xffff800040203238                _spin_unlock
 *fill*         0xffff80004020325c        0x4 
 .text          0xffff800040203260       0x14 bin/obj/__lib/lock/irqlock.o
                0xffff800040203260                _irq_lock
                0xffff80004020326c                _irq_unlock
 .text          0xffff800040203274       0xc0 bin/obj/__lib/lock/corelock.o
                0xffff800040203274                _core_lock
                0xffff8000402032b8                _core_unlock
                0xffff8000402032e8                _core_try_lock
 *fill*         0xffff800040203334        0xc 
 .text          0xffff800040203340      0x250 bin/obj/__lib/mem/memcpy/memcpy.o
                0xffff800040203340                _memcpy
                0xffff800040203450                _memcpy64
                0xffff800040203480                _memcpy32
                0xffff8000402034b0                _memcpy16
                0xffff8000402034e0                _memcpy8
                0xffff800040203510                _memcpy4
                0xffff800040203540                _memcpy2
                0xffff800040203570                _memcpy1
 .text          0xffff800040203590        0x0 bin/obj/__lib/mem/memzero/memzero.o
 .text          0xffff800040203590        0x8 bin/obj/__lib/mem/mem.o
                0xffff800040203590                _ID_AA64MMFR0_EL1_read
 .text          0xffff800040203598       0x60 bin/obj/__boot/clean_bss.o
                0xffff800040203598                _clean_bss
 .text          0xffff8000402035f8        0x0 bin/obj/__boot/boot.o
 *fill*         0xffff8000402035f8        0x8 
 .text          0xffff800040203600       0x8c bin/obj/__boot/el1.o
                0xffff800040203600                _switch_to_el1
                0xffff800040203660                _el1_entry
 *fill*         0xffff80004020368c        0x4 
 .text          0xffff800040203690       0x98 bin/obj/__boot/stacks.o
                0xffff800040203690                _setup_stack_el1
                0xffff8000402036c4                _reset_stack_el1
 *fill*         0xffff800040203728        0x8 
 .text          0xffff800040203730       0x68 bin/obj/__boot/secondary_entry.o
                0xffff800040203730                _secondary_entry
 .text          0xffff800040203798      0x108 bin/obj/__boot/gpr.o
                0xffff800040203798                _init_gpr
 .text          0xffff8000402038a0        0x8 bin/obj/__drivers/tmu/tmu_critical_default.o
                0xffff8000402038a0                _TMU_critical_hang
 *fill*         0xffff8000402038a8        0x8 
 .text          0xffff8000402038b0       0x3c bin/obj/__drivers/interrupts/gicv3/gicv3_arm_interface.o
                0xffff8000402038b0                _GICV3_ARM_ICC_SRE_EL1_write
                0xffff8000402038bc                _GICV3_ARM_ICC_PMR_EL1_write
                0xffff8000402038c8                _GICV3_ARM_ICC_PMR_EL1_read
                0xffff8000402038d0                _GICV3_ARM_ICC_IGRPEN1_EL1_write
                0xffff8000402038dc                _GICV3_ARM_ICC_IAR1_EL1_read
                0xffff8000402038e4                _GICV3_ARM_ICC_EOIR1_EL1_write
 .text          0xffff8000402038ec      0x22c bin/obj/kernel/irq/irq.o
                0xffff800040203acc                kernel_handle_irq
 .text          0xffff800040203b18        0x0 bin/obj/kernel/devices/drivers.o
 .text          0xffff800040203b18       0x4c bin/obj/kernel/init/early_init.o
                0xffff800040203b38                kernel_early_init
 .text          0xffff800040203b64      0x1c0 bin/obj/kernel/init/init_drivers.o
 .text          0xffff800040203d24      0x158 bin/obj/kernel/init/init.o
                0xffff800040203d44                kernel_init
 .text          0xffff800040203e7c       0xf8 bin/obj/kernel/lib/smp.o
                0xffff800040203e7c                get_core_id
                0xffff800040203f10                wake_core
 .text          0xffff800040203f74     0x2edc bin/obj/kernel/mm/phys/page_allocator.o
                0xffff800040204f24                page_allocator_bytes_to_order
                0xffff800040204f50                page_malloc
                0xffff8000402050b4                page_free
                0xffff800040205238                page_free_by_tag
                0xffff800040205398                page_allocator_init
                0xffff800040205ae8                page_allocator_update_memblocks
                0xffff800040205c5c                page_allocator_testing_init
                0xffff800040205e18                page_allocator_debug_pages
                0xffff8000402062ac                page_allocator_validate
                0xffff800040206b70                page_allocator_debug
 .text          0xffff800040206e50      0x6e0 bin/obj/kernel/mm/phys/tests.o
                0xffff800040206e50                test_single_alloc_free
                0xffff800040206f00                test_split_to_zero
                0xffff800040206fb0                test_many_small_allocs
                0xffff8000402070e8                test_mixed_orders
                0xffff8000402071e8                test_full_merge
                0xffff800040207340                test_stress_pattern
                0xffff80004020745c                run_page_allocator_tests
 .text          0xffff800040207530      0x2b0 bin/obj/kernel/mm/init/identity_mapping.o
                0xffff800040207650                early_identity_mapping
 .text          0xffff8000402077e0      0x484 bin/obj/kernel/mm/init/init.o
                0xffff800040207af8                mm_early_init
                0xffff800040207c4c                mm_init
 .text          0xffff800040207c64      0x1f0 bin/obj/kernel/mm/mm_info.o
                0xffff800040207c90                mm_info_init
                0xffff800040207de4                mm_info_max_ddr_size
                0xffff800040207df4                mm_info_ddr_size
                0xffff800040207e04                mm_info_ddr_start
                0xffff800040207e14                mm_info_ddr_end
                0xffff800040207e24                mm_info_kernel_start
                0xffff800040207e34                mm_info_page_count
                0xffff800040207e44                mm_info_mm_addr_space
 .text          0xffff800040207e54      0x1ac bin/obj/kernel/mm/mm.o
                0xffff800040207e54                mm_kernel_is_relocated
                0xffff800040207e84                mm_kva_to_kpa
                0xffff800040207f28                mm_kpa_to_kva
                0xffff800040207fcc                mm_dbg_print_mmu
 .text          0xffff800040208000      0xdb0 bin/obj/kernel/mm/virt/containers/containers.o
                0xffff800040208658                vmalloc_init_containers
                0xffff800040208714                get_new_fva_node
                0xffff8000402087c8                get_new_rva_node
                0xffff80004020887c                free_fva_node
                0xffff800040208ac4                free_rva_node
 .text          0xffff800040208db0     0x2de8 bin/obj/kernel/mm/virt/vmalloc.o
                0xffff800040209614                vmalloc_init
                0xffff800040209708                vmalloc_update_memblocks
                0xffff80004020aa3c                vmalloc
                0xffff80004020ad24                vmalloc_get_free_bytes
                0xffff80004020adbc                vmalloc_get_reserved_bytes
                0xffff80004020ae54                vmalloc_update_tag
                0xffff80004020afa8                vmalloc_get_addr_info
                0xffff80004020b1a8                vmalloc_get_token
                0xffff80004020b4bc                __vmalloc_token__vmalloc_get_mdt
                0xffff80004020b4e8                __voidptr__vmalloc_get_mdt
                0xffff80004020b510                vmalloc_push_pa
                0xffff80004020b558                vmalloc_get_pa_count
                0xffff80004020b588                vmalloc_get_pa_info
                0xffff80004020b660                __vmalloc_token__vfree
                0xffff80004020b6c8                __voidptr__vfree
                0xffff80004020b6f8                vmalloc_debug_free
                0xffff80004020b8f4                vmalloc_debug_reserved
 .text          0xffff80004020bb98     0x13d4 bin/obj/kernel/mm/virt/mdt/mdt.o
                0xffff80004020c368                vmalloc_pa_mdt_init
                0xffff80004020ca14                vmalloc_pa_mdt_push
                0xffff80004020cc9c                vmalloc_pa_mdt_free
 .text          0xffff80004020cf6c      0x89c bin/obj/kernel/mm/malloc/early_kalloc.o
                0xffff80004020cf88                early_kalloc_init
                0xffff80004020d33c                early_kalloc
                0xffff80004020d4d0                early_kalloc_get_memblocks
                0xffff80004020d5a4                early_kfree
 .text          0xffff80004020d808      0x788 bin/obj/kernel/mm/malloc/reserve_malloc.o
                0xffff80004020d85c                reserve_malloc_init
                0xffff80004020dae4                reserve_malloc
                0xffff80004020dd20                reserve_malloc_fill
 .text          0xffff80004020df90      0xe70 bin/obj/kernel/mm/malloc/raw_kmalloc.o
                0xffff80004020e7b4                raw_kmalloc_init
                0xffff80004020e7d4                raw_kmalloc
                0xffff80004020ea00                raw_kfree
 .text          0xffff80004020ee00      0x13c bin/obj/kernel/mm/reloc/reloc.o
                0xffff80004020ee00                mm_reloc_kernel
                0xffff80004020ee94                reloc_cfg_end
 .text          0xffff80004020ef3c      0x1c0 bin/obj/kernel/kernel_entry.o
                0xffff80004020ef3c                kernel_entry
 .text          0xffff80004020f0fc      0x420 bin/obj/kernel/io/term.o
                0xffff80004020f0fc                term_init_early
                0xffff80004020f158                term_init_full
                0xffff80004020f194                term_add_output
                0xffff80004020f298                term_printc
                0xffff80004020f2d8                term_prints
                0xffff80004020f40c                term_printf
 .text          0xffff80004020f51c      0x428 bin/obj/kernel/panic/panic.o
                0xffff80004020f8fc                panic
                0xffff80004020f918                panicr
 .text          0xffff80004020f944       0xe8 bin/obj/kernel/panic/panic_puts.o
                0xffff80004020f9a4                panic_puts
 .text          0xffff80004020fa2c      0x238 bin/obj/kernel/panic/panic_exception/panic_exception_handlers.o
                0xffff80004020fb88                handle_sync_panic
                0xffff80004020fbc8                handle_irq_panic
                0xffff80004020fbfc                handle_fiq_panic
                0xffff80004020fc30                handle_serror_panic
 .text          0xffff80004020fc64      0x370 bin/obj/kernel/panic/panic_exception/esr/esr.o
                0xffff80004020fe8c                print_esr
 .text          0xffff80004020ffd4      0x5d8 bin/obj/kernel/panic/panic_exception/esr/data_abort.o
                0xffff800040210348                print_data_abort_info
 .text          0xffff8000402105ac        0x0 bin/obj/arm/tfa/smccc.o
 .text          0xffff8000402105ac       0x58 bin/obj/arm/cpu.o
                0xffff8000402105ac                ARM_get_cpu_affinity
 .text          0xffff800040210604       0x50 bin/obj/arm/exceptions/handlers/el1/el1_low_a32_serror.o
                0xffff800040210604                el1_low_a32_serror_handler
 .text          0xffff800040210654       0x50 bin/obj/arm/exceptions/handlers/el1/el1_low_a32_fiq.o
                0xffff800040210654                el1_low_a32_fiq_handler
 .text          0xffff8000402106a4       0x50 bin/obj/arm/exceptions/handlers/el1/el1_low_a64_sync.o
                0xffff8000402106a4                el1_low_a64_sync_handler
 .text          0xffff8000402106f4       0x50 bin/obj/arm/exceptions/handlers/el1/el1_cur_spx_fiq.o
                0xffff8000402106f4                el1_cur_spx_fiq_handler
 .text          0xffff800040210744       0x2c bin/obj/arm/exceptions/handlers/el1/el1_cur_spx_irq.o
                0xffff800040210744                el1_cur_spx_irq_handler
 .text          0xffff800040210770       0x50 bin/obj/arm/exceptions/handlers/el1/el1_cur_spx_serror.o
                0xffff800040210770                el1_cur_spx_serror_handler
 .text          0xffff8000402107c0       0x50 bin/obj/arm/exceptions/handlers/el1/el1_low_a32_irq.o
                0xffff8000402107c0                el1_low_a32_irq_handler
 .text          0xffff800040210810       0x50 bin/obj/arm/exceptions/handlers/el1/el1_low_a64_fiq.o
                0xffff800040210810                el1_low_a64_fiq_handler
 .text          0xffff800040210860       0x50 bin/obj/arm/exceptions/handlers/el1/el1_low_a64_irq.o
                0xffff800040210860                el1_low_a64_irq_handler
 .text          0xffff8000402108b0       0x50 bin/obj/arm/exceptions/handlers/el1/el1_cur_sp0_sync.o
                0xffff8000402108b0                el1_cur_sp0_sync_handler
 .text          0xffff800040210900       0x50 bin/obj/arm/exceptions/handlers/el1/el1_low_a64_serror.o
                0xffff800040210900                el1_low_a64_serror_handler
 .text          0xffff800040210950       0x50 bin/obj/arm/exceptions/handlers/el1/el1_low_a32_sync.o
                0xffff800040210950                el1_low_a32_sync_handler
 .text          0xffff8000402109a0       0x50 bin/obj/arm/exceptions/handlers/el1/el1_cur_spx_sync.o
                0xffff8000402109a0                el1_cur_spx_sync_handler
 .text          0xffff8000402109f0       0x50 bin/obj/arm/exceptions/handlers/el1/el1_cur_sp0_fiq.o
                0xffff8000402109f0                el1_cur_sp0_fiq_handler
 .text          0xffff800040210a40       0x50 bin/obj/arm/exceptions/handlers/el1/el1_cur_sp0_serror.o
                0xffff800040210a40                el1_cur_sp0_serror_handler
 .text          0xffff800040210a90       0x50 bin/obj/arm/exceptions/handlers/el1/el1_cur_sp0_irq.o
                0xffff800040210a90                el1_cur_sp0_irq_handler
 .text          0xffff800040210ae0       0x50 bin/obj/arm/exceptions/handlers/el2/el2_low_a32_serror.o
                0xffff800040210ae0                el2_low_a32_serror_handler
 .text          0xffff800040210b30       0x50 bin/obj/arm/exceptions/handlers/el2/el2_cur_spx_serror.o
                0xffff800040210b30                el2_cur_spx_serror_handler
 .text          0xffff800040210b80       0x50 bin/obj/arm/exceptions/handlers/el2/el2_low_a64_serror.o
                0xffff800040210b80                el2_low_a64_serror_handler
 .text          0xffff800040210bd0       0x50 bin/obj/arm/exceptions/handlers/el2/el2_low_a64_sync.o
                0xffff800040210bd0                el2_low_a64_sync_handler
 .text          0xffff800040210c20       0x50 bin/obj/arm/exceptions/handlers/el2/el2_cur_sp0_irq.o
                0xffff800040210c20                el2_cur_sp0_irq_handler
 .text          0xffff800040210c70       0x50 bin/obj/arm/exceptions/handlers/el2/el2_cur_sp0_serror.o
                0xffff800040210c70                el2_cur_sp0_serror_handler
 .text          0xffff800040210cc0       0x50 bin/obj/arm/exceptions/handlers/el2/el2_low_a64_irq.o
                0xffff800040210cc0                el2_low_a64_irq_handler
 .text          0xffff800040210d10       0x50 bin/obj/arm/exceptions/handlers/el2/el2_low_a64_fiq.o
                0xffff800040210d10                el2_low_a64_fiq_handler
 .text          0xffff800040210d60       0x50 bin/obj/arm/exceptions/handlers/el2/el2_cur_spx_fiq.o
                0xffff800040210d60                el2_cur_spx_fiq_handler
 .text          0xffff800040210db0       0x50 bin/obj/arm/exceptions/handlers/el2/el2_low_a32_irq.o
                0xffff800040210db0                el2_low_a32_irq_handler
 .text          0xffff800040210e00       0x50 bin/obj/arm/exceptions/handlers/el2/el2_cur_sp0_fiq.o
                0xffff800040210e00                el2_cur_sp0_fiq_handler
 .text          0xffff800040210e50       0x50 bin/obj/arm/exceptions/handlers/el2/el2_low_a32_fiq.o
                0xffff800040210e50                el2_low_a32_fiq_handler
 .text          0xffff800040210ea0       0x50 bin/obj/arm/exceptions/handlers/el2/el2_cur_spx_sync.o
                0xffff800040210ea0                el2_cur_spx_sync_handler
 .text          0xffff800040210ef0       0x50 bin/obj/arm/exceptions/handlers/el2/el2_low_a32_sync.o
                0xffff800040210ef0                el2_low_a32_sync_handler
 .text          0xffff800040210f40       0x50 bin/obj/arm/exceptions/handlers/el2/el2_cur_sp0_sync.o
                0xffff800040210f40                el2_cur_sp0_sync_handler
 .text          0xffff800040210f90       0x50 bin/obj/arm/exceptions/handlers/el2/el2_cur_spx_irq.o
                0xffff800040210f90                el2_cur_spx_irq_handler
 .text          0xffff800040210fe0      0x2ec bin/obj/arm/exceptions/handlers/exception_macros.o
                0xffff800040210fe0                select_src_enum_
                0xffff800040211140                select_exception_type_enum_
                0xffff80004021125c                exception_panic
 .text          0xffff8000402112cc      0x2c8 bin/obj/arm/exceptions/exceptions.o
                0xffff8000402112cc                arm_exceptions_get_status
                0xffff800040211360                arm_exceptions_set_status
                0xffff800040211498                arm_exceptions_enable
                0xffff80004021150c                arm_exceptions_disable
                0xffff800040211580                arm_get_exception_level
 .text          0xffff800040211594      0x5e8 bin/obj/arm/mmu/regs/mmu_sysregs.o
                0xffff800040211724                mmu_apply_cfg
 .text          0xffff800040211b7c     0x1450 bin/obj/arm/mmu/mmu_debugging.o
                0xffff800040212464                mmu_debug_dump_tbl_
                0xffff800040212774                mmu_debug_dump
                0xffff8000402127cc                mmu_stress_test
 .text          0xffff800040212fcc     0x3738 bin/obj/arm/mmu/mmu.o
                0xffff800040214a08                mmu_init
                0xffff800040214b0c                mmu_get_physmap_offset
                0xffff800040214b24                mmu_activate
                0xffff800040214b64                mmu_deactivate
                0xffff800040214ba4                mmu_is_active
                0xffff800040214bc8                mmu_hi_va_bits
                0xffff800040214be4                mmu_lo_va_bits
                0xffff800040214c00                mmu_get_cfg
                0xffff800040214c58                mmu_reconfig_allocators
                0xffff800040214cbc                mmu_pg_cfg_new
                0xffff800040214d30                mmu_cfg_new
                0xffff80004021568c                mmu_map
                0xffff800040215724                UNLOCKED_unmap_
                0xffff800040215c94                mmu_unmap
                0xffff800040215d1c                mmu_peek
                0xffff8000402161d0                mmu_reloc
                0xffff800040216698                mmu_destroy
 .text          0xffff800040216704      0x2bc bin/obj/lib/lock/corelock.o
                0xffff800040216704                corelock_init
                0xffff80004021672c                core_lock
                0xffff800040216764                core_unlock
                0xffff800040216964                core_try_lock
 .text          0xffff8000402169c0      0xde4 bin/obj/lib/malloc/xalloc.o
                0xffff8000402172b8                xalloc_init
                0xffff8000402173b8                xalloc_get_block_size
                0xffff8000402173d0                xalloc_get_region_blocks
                0xffff800040217428                xalloc_get_region_id
                0xffff800040217478                xalloc_get_region_bytes
                0xffff8000402174ac                xalloc_alloc
                0xffff8000402176a4                xalloc_calloc
                0xffff800040217734                xalloc_free
                0xffff80004021776c                xalloc_free_id
 .text          0xffff8000402177a4      0x1b0 bin/obj/lib/string/string.o
                0xffff8000402177a4                strcopy
                0xffff800040217838                strcmp
 .text          0xffff800040217954      0xcf4 bin/obj/lib/string/fmt.o
                0xffff800040217954                uint8_to_ascii_char
                0xffff8000402179f8                stdint_to_ascii
                0xffff800040218178                str_fmt_print
 .text          0xffff800040218648      0x470 bin/obj/lib/mem/memcpy/memcpy.o
                0xffff800040218648                memcpy64_aligned
                0xffff8000402187f0                memcpy64
                0xffff8000402188a8                test_memcpy
 .text          0xffff800040218ab8      0x170 bin/obj/lib/mem/mem.o
                0xffff800040218ab8                pa_supported_bits
 .text          0xffff800040218c28      0x790 bin/obj/drivers/arm_generic_timer/arm_generic_timer.o
                0xffff800040218c28                AGT_ns_to_cycles
                0xffff800040218cd4                AGT_us_to_cycles
                0xffff800040218d74                AGT_cnt_cycles
                0xffff800040218d88                AGT_cnt_freq
                0xffff800040218d9c                AGT_cnt_time_ns
                0xffff800040218e04                AGT_cnt_time_us
                0xffff800040218f00                AGT_timer_schedule_cycles
                0xffff800040218ff0                AGT_timer_schedule_delta
                0xffff800040219100                AGT_timer_is_armed
                0xffff80004021915c                AGT_timer_has_fired
                0xffff8000402191f0                AGT_timer_cancel
                0xffff80004021924c                AGT_handle_irq
                0xffff800040219348                AGT_init_stage0
 .text          0xffff8000402193b8     0x1fa8 bin/obj/drivers/tmu/tmu.o
                0xffff80004021a54c                TMU_init_stage0
                0xffff80004021a6a0                TMU_init_stage1
                0xffff80004021aa30                TMU_handle_irq
                0xffff80004021aabc                TMU_set_warn_temp
                0xffff80004021acb0                TMU_get_warnings_enabled
                0xffff80004021ada8                TMU_enable_warnings
                0xffff80004021ae14                TMU_disable_warnings
                0xffff80004021ae80                TMU_warn_pending
                0xffff80004021aeec                TMU_set_critical_temp
                0xffff80004021b0e0                TMU_get_temp
 .text          0xffff80004021b360     0x1294 bin/obj/drivers/interrupts/gicv3/gicv3.o
                0xffff80004021be94                GICV3_set_cpu_priority_threshold
                0xffff80004021bfb0                GICV3_set_spi_group1ns
                0xffff80004021c02c                GICV3_route_spi_to_cpu
                0xffff80004021c0ac                GICV3_route_spi_to_self
                0xffff80004021c0dc                GICV3_enable_spi
                0xffff80004021c130                GICV3_set_priority
                0xffff80004021c1ac                GICV3_set_edge_triggered
                0xffff80004021c224                GICV3_set_level_sensitive
                0xffff80004021c29c                GICV3_wake_redistributor
                0xffff80004021c354                GICV3_init_distributor
                0xffff80004021c3a4                GICV3_init_cpu
                0xffff80004021c3d0                GICV3_init_irq
                0xffff80004021c4d8                GICV3_get_intid_el1
                0xffff80004021c4f4                GICV3_ack_intid_el1
                0xffff80004021c514                GICV3_enable_ppi
 .text          0xffff80004021c5f4     0x2bdc bin/obj/drivers/uart/uart.o
                0xffff80004021d61c                uart_reset
                0xffff80004021d7a8                uart_read
                0xffff80004021e7ec                uart_handle_irq
                0xffff80004021e894                uart_init_stage0
                0xffff80004021eb18                uart_init_stage1
                0xffff80004021ebc8                uart_putc_sync
                0xffff80004021ec38                uart_puts_sync
                0xffff80004021edd0                uart_putc
                0xffff80004021ee40                uart_puts
                0xffff80004021eedc                uart_early_init
                0xffff80004021f114                uart_putc_early
                0xffff80004021f18c                uart_puts_early
 .text          0xffff80004021f1d0        0x0 bin/obj/rslib.a(imx8mp_kernel-1a53598e06c50be6.imx8mp_kernel.241a9a11e0e6ae75-cgu.0.rcgu.o)
 .text._RNvCsiGVaDesi5rv_7___rustc17rust_begin_unwind
                0xffff80004021f1d0        0x4 bin/obj/rslib.a(imx8mp_kernel-1a53598e06c50be6.imx8mp_kernel.241a9a11e0e6ae75-cgu.0.rcgu.o)
                0xffff80004021f1d0                __rustc::rust_begin_unwind
 .text.pow2_ring_buffer_new
                0xffff80004021f1d4       0x70 bin/obj/rslib.a(imx8mp_kernel-1a53598e06c50be6.imx8mp_kernel.241a9a11e0e6ae75-cgu.0.rcgu.o)
                0xffff80004021f1d4                pow2_ring_buffer_new
 .text.pow2_ring_buffer_pop
                0xffff80004021f244       0x90 bin/obj/rslib.a(imx8mp_kernel-1a53598e06c50be6.imx8mp_kernel.241a9a11e0e6ae75-cgu.0.rcgu.o)
                0xffff80004021f244                pow2_ring_buffer_pop
 .text.pow2_ring_buffer_push
                0xffff80004021f2d4       0xbc bin/obj/rslib.a(imx8mp_kernel-1a53598e06c50be6.imx8mp_kernel.241a9a11e0e6ae75-cgu.0.rcgu.o)
                0xffff80004021f2d4                pow2_ring_buffer_push
 .text.rust_kernel_initcalls_stage0
                0xffff80004021f390        0x4 bin/obj/rslib.a(imx8mp_kernel-1a53598e06c50be6.imx8mp_kernel.241a9a11e0e6ae75-cgu.0.rcgu.o)
                0xffff80004021f390                rust_kernel_initcalls_stage1
                0xffff80004021f390                rust_kernel_initcalls_stage2
                0xffff80004021f390                rust_kernel_initcalls_stage0
 .text.unlikely.rust_test_panic
                0xffff80004021f394       0x2c bin/obj/rslib.a(imx8mp_kernel-1a53598e06c50be6.imx8mp_kernel.241a9a11e0e6ae75-cgu.0.rcgu.o)
                0xffff80004021f394                rust_test_panic
 .text.uart_rx_len
                0xffff80004021f3c0       0x18 bin/obj/rslib.a(imx8mp_kernel-1a53598e06c50be6.imx8mp_kernel.241a9a11e0e6ae75-cgu.0.rcgu.o)
                0xffff80004021f3c0                uart_rx_len
 .text.uart_rxbuf_pop
                0xffff80004021f3d8       0x58 bin/obj/rslib.a(imx8mp_kernel-1a53598e06c50be6.imx8mp_kernel.241a9a11e0e6ae75-cgu.0.rcgu.o)
                0xffff80004021f3d8                uart_rxbuf_pop
 .text.uart_rxbuf_push
                0xffff80004021f430       0x6c bin/obj/rslib.a(imx8mp_kernel-1a53598e06c50be6.imx8mp_kernel.241a9a11e0e6ae75-cgu.0.rcgu.o)
                0xffff80004021f430                uart_rxbuf_push
 .text.uart_tx_len
                0xffff80004021f49c       0x18 bin/obj/rslib.a(imx8mp_kernel-1a53598e06c50be6.imx8mp_kernel.241a9a11e0e6ae75-cgu.0.rcgu.o)
                0xffff80004021f49c                uart_tx_len
 .text.uart_txbuf_pop
                0xffff80004021f4b4       0x68 bin/obj/rslib.a(imx8mp_kernel-1a53598e06c50be6.imx8mp_kernel.241a9a11e0e6ae75-cgu.0.rcgu.o)
                0xffff80004021f4b4                uart_txbuf_pop
 .text.uart_txbuf_push
                0xffff80004021f51c       0x60 bin/obj/rslib.a(imx8mp_kernel-1a53598e06c50be6.imx8mp_kernel.241a9a11e0e6ae75-cgu.0.rcgu.o)
                0xffff80004021f51c                uart_txbuf_push
 .text          0xffff80004021f57c        0x0 bin/obj/rslib.a(core-dca77d77b03929cc.core.bbd04c23a4fa3c72-cgu.0.rcgu.o)
 .text._ZN101_$LT$core..char..CaseMappingIter$u20$as$u20$core..iter..traits..double_ended..DoubleEndedIterator$GT$15advance_back_by17hf0d6f1ce58d3f07dE
                0xffff80004021f57c       0x28 bin/obj/rslib.a(core-dca77d77b03929cc.core.bbd04c23a4fa3c72-cgu.0.rcgu.o)
                0xffff80004021f57c                <core::char::CaseMappingIter as core::iter::traits::double_ended::DoubleEndedIterator>::advance_back_by
 .text._ZN101_$LT$core..char..CaseMappingIter$u20$as$u20$core..iter..traits..double_ended..DoubleEndedIterator$GT$9next_back17hc65cc64a3027a392E
                0xffff80004021f5a4       0x28 bin/obj/rslib.a(core-dca77d77b03929cc.core.bbd04c23a4fa3c72-cgu.0.rcgu.o)
                0xffff80004021f5a4                <core::char::CaseMappingIter as core::iter::traits::double_ended::DoubleEndedIterator>::next_back
 .text._ZN105_$LT$core..slice..ascii..EscapeAscii$u20$as$u20$core..iter..traits..double_ended..DoubleEndedIterator$GT$9next_back17h61446658ee893423E
                0xffff80004021f5cc      0x120 bin/obj/rslib.a(core-dca77d77b03929cc.core.bbd04c23a4fa3c72-cgu.0.rcgu.o)
                0xffff80004021f5cc                <core::slice::ascii::EscapeAscii as core::iter::traits::double_ended::DoubleEndedIterator>::next_back
 .text._ZN105_$LT$dyn$u20$core..any..Any$u2b$core..marker..Send$u2b$core..marker..Sync$u20$as$u20$core..fmt..Debug$GT$3fmt17hd0716b989b3da57dE
                0xffff80004021f6ec       0x60 bin/obj/rslib.a(core-dca77d77b03929cc.core.bbd04c23a4fa3c72-cgu.0.rcgu.o)
                0xffff80004021f6ec                <dyn core::any::Any as core::fmt::Debug>::fmt
                0xffff80004021f6ec                <dyn core::any::Any+core::marker::Send as core::fmt::Debug>::fmt
                0xffff80004021f6ec                <dyn core::any::Any+core::marker::Send+core::marker::Sync as core::fmt::Debug>::fmt
 .text._ZN110_$LT$$LT$core..wtf8..EncodeWide$u20$as$u20$core..fmt..Debug$GT$..fmt..CodeUnit$u20$as$u20$core..fmt..Debug$GT$3fmt17hda14d4f4daf3c5c9E
                0xffff80004021f74c       0xa0 bin/obj/rslib.a(core-dca77d77b03929cc.core.bbd04c23a4fa3c72-cgu.0.rcgu.o)
                0xffff80004021f74c                <<core::wtf8::EncodeWide as core::fmt::Debug>::fmt::CodeUnit as core::fmt::Debug>::fmt
 .text._ZN116_$LT$core..net..ip_addr..Ipv4Addr$u20$as$u20$core..ops..bit..BitOrAssign$LT$$RF$core..net..ip_addr..Ipv4Addr$GT$$GT$12bitor_assign17h2747ee25fbf1738bE
                0xffff80004021f7ec       0x80 bin/obj/rslib.a(core-dca77d77b03929cc.core.bbd04c23a4fa3c72-cgu.0.rcgu.o)
                0xffff80004021f7ec                <core::net::ip_addr::Ipv4Addr as core::ops::bit::BitOrAssign<&core::net::ip_addr::Ipv4Addr>>::bitor_assign
 .text._ZN116_$LT$core..net..ip_addr..Ipv6Addr$u20$as$u20$core..ops..bit..BitOrAssign$LT$$RF$core..net..ip_addr..Ipv6Addr$GT$$GT$12bitor_assign17hff885b6f68f5609cE
                0xffff80004021f86c      0x1d0 bin/obj/rslib.a(core-dca77d77b03929cc.core.bbd04c23a4fa3c72-cgu.0.rcgu.o)
                0xffff80004021f86c                <core::net::ip_addr::Ipv6Addr as core::ops::bit::BitOrAssign<&core::net::ip_addr::Ipv6Addr>>::bitor_assign
 .text._ZN117_$LT$core..net..ip_addr..Ipv4Addr$u20$as$u20$core..ops..bit..BitAndAssign$LT$$RF$core..net..ip_addr..Ipv4Addr$GT$$GT$13bitand_assign17hb3faa6ba9d6ecb06E
                0xffff80004021fa3c       0x80 bin/obj/rslib.a(core-dca77d77b03929cc.core.bbd04c23a4fa3c72-cgu.0.rcgu.o)
                0xffff80004021fa3c                <core::net::ip_addr::Ipv4Addr as core::ops::bit::BitAndAssign<&core::net::ip_addr::Ipv4Addr>>::bitand_assign
 .text._ZN117_$LT$core..net..ip_addr..Ipv6Addr$u20$as$u20$core..ops..bit..BitAndAssign$LT$$RF$core..net..ip_addr..Ipv6Addr$GT$$GT$13bitand_assign17hb1c67c235aa10d9dE
                0xffff80004021fabc      0x1d0 bin/obj/rslib.a(core-dca77d77b03929cc.core.bbd04c23a4fa3c72-cgu.0.rcgu.o)
                0xffff80004021fabc                <core::net::ip_addr::Ipv6Addr as core::ops::bit::BitAndAssign<&core::net::ip_addr::Ipv6Addr>>::bitand_assign
 .text._ZN40_$LT$str$u20$as$u20$core..fmt..Debug$GT$3fmt17h5f6f1bf3a0007201E
                0xffff80004021fc8c      0x3b0 bin/obj/rslib.a(core-dca77d77b03929cc.core.bbd04c23a4fa3c72-cgu.0.rcgu.o)
                0xffff80004021fc8c                <str as core::fmt::Debug>::fmt
 .text._ZN41_$LT$char$u20$as$u20$core..fmt..Debug$GT$3fmt17h05bf1d95c56e9d68E
                0xffff80004022003c       0xe4 bin/obj/rslib.a(core-dca77d77b03929cc.core.bbd04c23a4fa3c72-cgu.0.rcgu.o)
                0xffff80004022003c                <char as core::fmt::Debug>::fmt
 .text._ZN42_$LT$$RF$T$u20$as$u20$core..fmt..Debug$GT$3fmt17h2cdcb51347d218f7E
                0xffff800040220120        0x8 bin/obj/rslib.a(core-dca77d77b03929cc.core.bbd04c23a4fa3c72-cgu.0.rcgu.o)
 .text._ZN42_$LT$$RF$T$u20$as$u20$core..fmt..Debug$GT$3fmt17h479b8efc69ca8267E
                0xffff800040220128        0x8 bin/obj/rslib.a(core-dca77d77b03929cc.core.bbd04c23a4fa3c72-cgu.0.rcgu.o)
 .text._ZN42_$LT$$RF$T$u20$as$u20$core..fmt..Debug$GT$3fmt17h5583193454f8b8d6E
                0xffff800040220130      0x164 bin/obj/rslib.a(core-dca77d77b03929cc.core.bbd04c23a4fa3c72-cgu.0.rcgu.o)
 .text._ZN42_$LT$$RF$T$u20$as$u20$core..fmt..Debug$GT$3fmt17h56b7a391078316eaE
                0xffff800040220294        0xc bin/obj/rslib.a(core-dca77d77b03929cc.core.bbd04c23a4fa3c72-cgu.0.rcgu.o)
 .text._ZN42_$LT$$RF$T$u20$as$u20$core..fmt..Debug$GT$3fmt17h7040e3522c936441E
                0xffff8000402202a0        0xc bin/obj/rslib.a(core-dca77d77b03929cc.core.bbd04c23a4fa3c72-cgu.0.rcgu.o)
 .text._ZN42_$LT$$RF$T$u20$as$u20$core..fmt..Debug$GT$3fmt17h73d6b45e08bc8e15E
                0xffff8000402202ac       0x14 bin/obj/rslib.a(core-dca77d77b03929cc.core.bbd04c23a4fa3c72-cgu.0.rcgu.o)
 .text._ZN42_$LT$$RF$T$u20$as$u20$core..fmt..Debug$GT$3fmt17ha642bfdd7996c379E
                0xffff8000402202c0       0x14 bin/obj/rslib.a(core-dca77d77b03929cc.core.bbd04c23a4fa3c72-cgu.0.rcgu.o)
 .text._ZN42_$LT$str$u20$as$u20$core..fmt..Display$GT$3fmt17hc0780a4df539a16aE
                0xffff8000402202d4       0x14 bin/obj/rslib.a(core-dca77d77b03929cc.core.bbd04c23a4fa3c72-cgu.0.rcgu.o)
                0xffff8000402202d4                <str as core::fmt::Display>::fmt
 .text._ZN43_$LT$bool$u20$as$u20$core..fmt..Display$GT$3fmt17h9806e9f5fa916ff1E
                0xffff8000402202e8       0x2c bin/obj/rslib.a(core-dca77d77b03929cc.core.bbd04c23a4fa3c72-cgu.0.rcgu.o)
                0xffff8000402202e8                <bool as core::fmt::Display>::fmt
 .text._ZN43_$LT$char$u20$as$u20$core..fmt..Display$GT$3fmt17h83f04f7b2308e64bE
                0xffff800040220314       0xf8 bin/obj/rslib.a(core-dca77d77b03929cc.core.bbd04c23a4fa3c72-cgu.0.rcgu.o)
                0xffff800040220314                <char as core::fmt::Display>::fmt
 .text._ZN44_$LT$$RF$T$u20$as$u20$core..fmt..Display$GT$3fmt17h703b070ad8b43283E
                0xffff80004022040c        0x8 bin/obj/rslib.a(core-dca77d77b03929cc.core.bbd04c23a4fa3c72-cgu.0.rcgu.o)
 .text._ZN44_$LT$$RF$T$u20$as$u20$core..fmt..Display$GT$3fmt17h9bd2ce85ae1d3eddE
                0xffff800040220414      0x158 bin/obj/rslib.a(core-dca77d77b03929cc.core.bbd04c23a4fa3c72-cgu.0.rcgu.o)
 .text._ZN44_$LT$$RF$T$u20$as$u20$core..fmt..Display$GT$3fmt17hac20f0bb39cfdd9eE
                0xffff80004022056c       0x10 bin/obj/rslib.a(core-dca77d77b03929cc.core.bbd04c23a4fa3c72-cgu.0.rcgu.o)
 .text._ZN44_$LT$$RF$T$u20$as$u20$core..fmt..Display$GT$3fmt17hfec459358b2b0a7cE
                0xffff80004022057c        0x8 bin/obj/rslib.a(core-dca77d77b03929cc.core.bbd04c23a4fa3c72-cgu.0.rcgu.o)
 .text._ZN45_$LT$$RF$T$u20$as$u20$core..fmt..LowerHex$GT$3fmt17h05bd91b15c4ae0d9E
                0xffff800040220584       0x7c bin/obj/rslib.a(core-dca77d77b03929cc.core.bbd04c23a4fa3c72-cgu.0.rcgu.o)
 .text._ZN46_$LT$i8$u20$as$u20$core..pat..RangePattern$GT$7sub_one17h9a01a105c96fcbd5E
                0xffff800040220600       0x48 bin/obj/rslib.a(core-dca77d77b03929cc.core.bbd04c23a4fa3c72-cgu.0.rcgu.o)
                0xffff800040220600                <i8 as core::pat::RangePattern>::sub_one
 .text._ZN46_$LT$u8$u20$as$u20$core..pat..RangePattern$GT$7sub_one17h670240648e8e7fb4E
                0xffff800040220648       0x40 bin/obj/rslib.a(core-dca77d77b03929cc.core.bbd04c23a4fa3c72-cgu.0.rcgu.o)
                0xffff800040220648                <u8 as core::pat::RangePattern>::sub_one
 .text._ZN47_$LT$i16$u20$as$u20$core..pat..RangePattern$GT$7sub_one17h541e4bf249e12cddE
                0xffff800040220688       0x48 bin/obj/rslib.a(core-dca77d77b03929cc.core.bbd04c23a4fa3c72-cgu.0.rcgu.o)
                0xffff800040220688                <i16 as core::pat::RangePattern>::sub_one
 .text._ZN47_$LT$i32$u20$as$u20$core..pat..RangePattern$GT$7sub_one17h97b022b5d897e388E
                0xffff8000402206d0       0x3c bin/obj/rslib.a(core-dca77d77b03929cc.core.bbd04c23a4fa3c72-cgu.0.rcgu.o)
                0xffff8000402206d0                <i32 as core::pat::RangePattern>::sub_one
 .text._ZN47_$LT$i64$u20$as$u20$core..pat..RangePattern$GT$7sub_one17h0d4cbf88673eab66E
                0xffff80004022070c       0x3c bin/obj/rslib.a(core-dca77d77b03929cc.core.bbd04c23a4fa3c72-cgu.0.rcgu.o)
                0xffff80004022070c                <i64 as core::pat::RangePattern>::sub_one
                0xffff80004022070c                <isize as core::pat::RangePattern>::sub_one
 .text._ZN47_$LT$u16$u20$as$u20$core..pat..RangePattern$GT$7sub_one17hf1b3147e5737ed06E
                0xffff800040220748       0x40 bin/obj/rslib.a(core-dca77d77b03929cc.core.bbd04c23a4fa3c72-cgu.0.rcgu.o)
                0xffff800040220748                <u16 as core::pat::RangePattern>::sub_one
 .text._ZN47_$LT$u32$u20$as$u20$core..pat..RangePattern$GT$7sub_one17h5f94339af8ab10a1E
                0xffff800040220788       0x3c bin/obj/rslib.a(core-dca77d77b03929cc.core.bbd04c23a4fa3c72-cgu.0.rcgu.o)
                0xffff800040220788                <u32 as core::pat::RangePattern>::sub_one
 .text._ZN47_$LT$u64$u20$as$u20$core..pat..RangePattern$GT$7sub_one17h24c018f405b1f310E
                0xffff8000402207c4       0x3c bin/obj/rslib.a(core-dca77d77b03929cc.core.bbd04c23a4fa3c72-cgu.0.rcgu.o)
                0xffff8000402207c4                <usize as core::pat::RangePattern>::sub_one
                0xffff8000402207c4                <u64 as core::pat::RangePattern>::sub_one
 .text._ZN48_$LT$char$u20$as$u20$core..pat..RangePattern$GT$7sub_one17he70177f83f7ceafcE
                0xffff800040220800       0x54 bin/obj/rslib.a(core-dca77d77b03929cc.core.bbd04c23a4fa3c72-cgu.0.rcgu.o)
                0xffff800040220800                <char as core::pat::RangePattern>::sub_one
 .text._ZN48_$LT$i128$u20$as$u20$core..pat..RangePattern$GT$7sub_one17hcbc11fca96f2cd53E
                0xffff800040220854       0x4c bin/obj/rslib.a(core-dca77d77b03929cc.core.bbd04c23a4fa3c72-cgu.0.rcgu.o)
                0xffff800040220854                <i128 as core::pat::RangePattern>::sub_one
 .text._ZN48_$LT$u128$u20$as$u20$core..pat..RangePattern$GT$7sub_one17h082c3491375e9509E
                0xffff8000402208a0       0x4c bin/obj/rslib.a(core-dca77d77b03929cc.core.bbd04c23a4fa3c72-cgu.0.rcgu.o)
                0xffff8000402208a0                <u128 as core::pat::RangePattern>::sub_one
 .text._ZN49_$LT$u8$u20$as$u20$core..num..bignum..FullOps$GT$12full_div_rem17h6fed2e224afbc72dE
                0xffff8000402208ec       0x38 bin/obj/rslib.a(core-dca77d77b03929cc.core.bbd04c23a4fa3c72-cgu.0.rcgu.o)
                0xffff8000402208ec                <u8 as core::num::bignum::FullOps>::full_div_rem
 .text.unlikely._ZN4core3f3221_$LT$impl$u20$f32$GT$5clamp8do_panic7runtime17h36a43f140f64d661E
                0xffff800040220924       0x50 bin/obj/rslib.a(core-dca77d77b03929cc.core.bbd04c23a4fa3c72-cgu.0.rcgu.o)
                0xffff800040220924                core::f32::<impl f32>::clamp::do_panic::runtime
 .text.unlikely._ZN4core3f6421_$LT$impl$u20$f64$GT$5clamp8do_panic7runtime17h94d48098c87e850eE
                0xffff800040220974       0x50 bin/obj/rslib.a(core-dca77d77b03929cc.core.bbd04c23a4fa3c72-cgu.0.rcgu.o)
                0xffff800040220974                core::f64::<impl f64>::clamp::do_panic::runtime
 .text._ZN4core3ffi5c_str4CStr19from_bytes_with_nul17hf7126ca100a56b9eE
                0xffff8000402209c4       0xf0 bin/obj/rslib.a(core-dca77d77b03929cc.core.bbd04c23a4fa3c72-cgu.0.rcgu.o)
                0xffff8000402209c4                core::ffi::c_str::CStr::from_bytes_with_nul
 .text._ZN4core3ffi5c_str4CStr20from_bytes_until_nul17h4a4d4ec068c826baE
                0xffff800040220ab4       0xdc bin/obj/rslib.a(core-dca77d77b03929cc.core.bbd04c23a4fa3c72-cgu.0.rcgu.o)
                0xffff800040220ab4                core::ffi::c_str::CStr::from_bytes_until_nul
 .text._ZN4core3ffi5c_str4CStr6to_str17hf906734cbe15885eE
                0xffff800040220b90        0x8 bin/obj/rslib.a(core-dca77d77b03929cc.core.bbd04c23a4fa3c72-cgu.0.rcgu.o)
                0xffff800040220b90                core::ffi::c_str::CStr::to_str
 .text._ZN4core3fmt17FormattingOptions8get_fill17he0043a57724473c7E
                0xffff800040220b98        0xc bin/obj/rslib.a(core-dca77d77b03929cc.core.bbd04c23a4fa3c72-cgu.0.rcgu.o)
                0xffff800040220b98                core::fmt::FormattingOptions::get_fill
 .text._ZN4core3fmt17pointer_fmt_inner17h9512fbe23d32d8a3E
                0xffff800040220ba4       0xb8 bin/obj/rslib.a(core-dca77d77b03929cc.core.bbd04c23a4fa3c72-cgu.0.rcgu.o)
                0xffff800040220ba4                core::fmt::pointer_fmt_inner
 .text._ZN4core3fmt3num22_$LT$impl$u20$i128$GT$11format_into17h7da8cadabd24f583E
                0xffff800040220c5c       0x74 bin/obj/rslib.a(core-dca77d77b03929cc.core.bbd04c23a4fa3c72-cgu.0.rcgu.o)
                0xffff800040220c5c                core::fmt::num::<impl i128>::format_into
 .text._ZN4core3fmt3num22_$LT$impl$u20$u128$GT$10_fmt_inner17hf030a7152409751aE
                0xffff800040220cd0      0x578 bin/obj/rslib.a(core-dca77d77b03929cc.core.bbd04c23a4fa3c72-cgu.0.rcgu.o)
 .text._ZN4core3fmt3num22_$LT$impl$u20$u128$GT$11format_into17h5dee2ace129fe29cE
                0xffff800040221248       0x34 bin/obj/rslib.a(core-dca77d77b03929cc.core.bbd04c23a4fa3c72-cgu.0.rcgu.o)
                0xffff800040221248                core::fmt::num::<impl u128>::format_into
 .text._ZN4core3fmt3num22_$LT$impl$u20$u128$GT$4_fmt17ha65d27b87d338669E
                0xffff80004022127c       0x2c bin/obj/rslib.a(core-dca77d77b03929cc.core.bbd04c23a4fa3c72-cgu.0.rcgu.o)
                0xffff80004022127c                core::fmt::num::<impl u128>::_fmt
 .text._ZN4core3fmt3num3imp20_$LT$impl$u20$i8$GT$11format_into17hfa6336419ff83042E
                0xffff8000402212a8      0x134 bin/obj/rslib.a(core-dca77d77b03929cc.core.bbd04c23a4fa3c72-cgu.0.rcgu.o)
                0xffff8000402212a8                core::fmt::num::imp::<impl i8>::format_into
 .text._ZN4core3fmt3num3imp20_$LT$impl$u20$u8$GT$11format_into17h879b7eff6dae2147E
                0xffff8000402213dc       0xa0 bin/obj/rslib.a(core-dca77d77b03929cc.core.bbd04c23a4fa3c72-cgu.0.rcgu.o)
                0xffff8000402213dc                core::fmt::num::imp::<impl u8>::format_into
 .text._ZN4core3fmt3num3imp20_$LT$impl$u20$u8$GT$4_fmt17ha676af9982528506E
                0xffff80004022147c       0x90 bin/obj/rslib.a(core-dca77d77b03929cc.core.bbd04c23a4fa3c72-cgu.0.rcgu.o)
                0xffff80004022147c                core::fmt::num::imp::<impl u8>::_fmt
 .text._ZN4core3fmt3num3imp21_$LT$impl$u20$i16$GT$11format_into17h2f71a14c8f3a6320E
                0xffff80004022150c      0x1ec bin/obj/rslib.a(core-dca77d77b03929cc.core.bbd04c23a4fa3c72-cgu.0.rcgu.o)
                0xffff80004022150c                core::fmt::num::imp::<impl i16>::format_into
 .text._ZN4core3fmt3num3imp21_$LT$impl$u20$i32$GT$11format_into17hbc98fbdd3b5c6d6eE
                0xffff8000402216f8      0x274 bin/obj/rslib.a(core-dca77d77b03929cc.core.bbd04c23a4fa3c72-cgu.0.rcgu.o)
                0xffff8000402216f8                core::fmt::num::imp::<impl i32>::format_into
 .text._ZN4core3fmt3num3imp21_$LT$impl$u20$i64$GT$11format_into17he56d1a706514badaE
                0xffff80004022196c      0x27c bin/obj/rslib.a(core-dca77d77b03929cc.core.bbd04c23a4fa3c72-cgu.0.rcgu.o)
                0xffff80004022196c                core::fmt::num::imp::<impl isize>::format_into
                0xffff80004022196c                core::fmt::num::imp::<impl i64>::format_into
 .text._ZN4core3fmt3num3imp21_$LT$impl$u20$u16$GT$11format_into17hf5acce3bc060a7a4E
                0xffff800040221be8       0xf8 bin/obj/rslib.a(core-dca77d77b03929cc.core.bbd04c23a4fa3c72-cgu.0.rcgu.o)
                0xffff800040221be8                core::fmt::num::imp::<impl u16>::format_into
 .text._ZN4core3fmt3num3imp21_$LT$impl$u20$u16$GT$4_fmt17h9b16707f2c4d83c7E
                0xffff800040221ce0      0x108 bin/obj/rslib.a(core-dca77d77b03929cc.core.bbd04c23a4fa3c72-cgu.0.rcgu.o)
                0xffff800040221ce0                core::fmt::num::imp::<impl u16>::_fmt
 .text._ZN4core3fmt3num3imp21_$LT$impl$u20$u32$GT$11format_into17h699a29a216c381bfE
                0xffff800040221de8      0x12c bin/obj/rslib.a(core-dca77d77b03929cc.core.bbd04c23a4fa3c72-cgu.0.rcgu.o)
                0xffff800040221de8                core::fmt::num::imp::<impl u32>::format_into
 .text._ZN4core3fmt3num3imp21_$LT$impl$u20$u32$GT$4_fmt17hc5bdfc1c3dd3fd08E
                0xffff800040221f14      0x130 bin/obj/rslib.a(core-dca77d77b03929cc.core.bbd04c23a4fa3c72-cgu.0.rcgu.o)
                0xffff800040221f14                core::fmt::num::imp::<impl u32>::_fmt
 .text._ZN4core3fmt3num3imp21_$LT$impl$u20$u64$GT$11format_into17he2b4201a970f20d7E
                0xffff800040222044      0x130 bin/obj/rslib.a(core-dca77d77b03929cc.core.bbd04c23a4fa3c72-cgu.0.rcgu.o)
                0xffff800040222044                core::fmt::num::imp::<impl u64>::format_into
                0xffff800040222044                core::fmt::num::imp::<impl usize>::format_into
 .text._ZN4core3fmt3num3imp21_$LT$impl$u20$u64$GT$4_fmt17hf5cf8cc64887d18dE
                0xffff800040222174      0x134 bin/obj/rslib.a(core-dca77d77b03929cc.core.bbd04c23a4fa3c72-cgu.0.rcgu.o)
                0xffff800040222174                core::fmt::num::imp::<impl u64>::_fmt
                0xffff800040222174                core::fmt::num::imp::<impl usize>::_fmt
 .text._ZN4core3fmt3num3imp51_$LT$impl$u20$core..fmt..Display$u20$for$u20$i8$GT$3fmt17hcb39de988782ba27E
                0xffff8000402222a8       0xcc bin/obj/rslib.a(core-dca77d77b03929cc.core.bbd04c23a4fa3c72-cgu.0.rcgu.o)
                0xffff8000402222a8                core::fmt::num::imp::<impl core::fmt::Display for i8>::fmt
 .text._ZN4core3fmt3num3imp51_$LT$impl$u20$core..fmt..Display$u20$for$u20$u8$GT$3fmt17hf7d8c920e29b5333E
                0xffff800040222374       0xac bin/obj/rslib.a(core-dca77d77b03929cc.core.bbd04c23a4fa3c72-cgu.0.rcgu.o)
                0xffff800040222374                core::fmt::num::imp::<impl core::fmt::Display for u8>::fmt
 .text._ZN4core3fmt3num3imp52_$LT$impl$u20$core..fmt..Display$u20$for$u20$i16$GT$3fmt17h104a3911dccd2ff7E
                0xffff800040222420      0x11c bin/obj/rslib.a(core-dca77d77b03929cc.core.bbd04c23a4fa3c72-cgu.0.rcgu.o)
                0xffff800040222420                core::fmt::num::imp::<impl core::fmt::Display for i16>::fmt
 .text._ZN4core3fmt3num3imp52_$LT$impl$u20$core..fmt..Display$u20$for$u20$i32$GT$3fmt17h80bd409755b2ddaeE
                0xffff80004022253c      0x158 bin/obj/rslib.a(core-dca77d77b03929cc.core.bbd04c23a4fa3c72-cgu.0.rcgu.o)
                0xffff80004022253c                core::fmt::num::imp::<impl core::fmt::Display for i32>::fmt
 .text._ZN4core3fmt3num3imp52_$LT$impl$u20$core..fmt..Display$u20$for$u20$i64$GT$3fmt17h1e801d532e5ecaafE
                0xffff800040222694      0x15c bin/obj/rslib.a(core-dca77d77b03929cc.core.bbd04c23a4fa3c72-cgu.0.rcgu.o)
                0xffff800040222694                core::fmt::num::imp::<impl core::fmt::Display for isize>::fmt
                0xffff800040222694                core::fmt::num::imp::<impl core::fmt::Display for i64>::fmt
 .text._ZN4core3fmt3num3imp52_$LT$impl$u20$core..fmt..Display$u20$for$u20$u16$GT$3fmt17hdb2998ab968581d1E
                0xffff8000402227f0      0x104 bin/obj/rslib.a(core-dca77d77b03929cc.core.bbd04c23a4fa3c72-cgu.0.rcgu.o)
                0xffff8000402227f0                core::fmt::num::imp::<impl core::fmt::Display for u16>::fmt
 .text._ZN4core3fmt3num3imp52_$LT$impl$u20$core..fmt..Display$u20$for$u20$u32$GT$3fmt17h0b158e54c199f5dbE
                0xffff8000402228f4      0x14c bin/obj/rslib.a(core-dca77d77b03929cc.core.bbd04c23a4fa3c72-cgu.0.rcgu.o)
                0xffff8000402228f4                core::fmt::num::imp::<impl core::fmt::Display for u32>::fmt
 .text._ZN4core3fmt3num3imp52_$LT$impl$u20$core..fmt..Display$u20$for$u20$u64$GT$3fmt17h64f3911dafa6269fE
                0xffff800040222a40      0x154 bin/obj/rslib.a(core-dca77d77b03929cc.core.bbd04c23a4fa3c72-cgu.0.rcgu.o)
                0xffff800040222a40                core::fmt::num::imp::<impl core::fmt::Display for usize>::fmt
                0xffff800040222a40                core::fmt::num::imp::<impl core::fmt::Display for u64>::fmt
 .text._ZN4core3fmt3num3imp52_$LT$impl$u20$core..fmt..LowerExp$u20$for$u20$i8$GT$3fmt17h58d82f5837eb5be0E
                0xffff800040222b94       0x24 bin/obj/rslib.a(core-dca77d77b03929cc.core.bbd04c23a4fa3c72-cgu.0.rcgu.o)
                0xffff800040222b94                core::fmt::num::imp::<impl core::fmt::LowerExp for i8>::fmt
 .text._ZN4core3fmt3num3imp52_$LT$impl$u20$core..fmt..LowerExp$u20$for$u20$u8$GT$3fmt17h501ecc2dbdd34467E
                0xffff800040222bb8       0x18 bin/obj/rslib.a(core-dca77d77b03929cc.core.bbd04c23a4fa3c72-cgu.0.rcgu.o)
                0xffff800040222bb8                core::fmt::num::imp::<impl core::fmt::LowerExp for u8>::fmt
 .text._ZN4core3fmt3num3imp52_$LT$impl$u20$core..fmt..UpperExp$u20$for$u20$i8$GT$3fmt17ha0f846b22050294aE
                0xffff800040222bd0       0x24 bin/obj/rslib.a(core-dca77d77b03929cc.core.bbd04c23a4fa3c72-cgu.0.rcgu.o)
                0xffff800040222bd0                core::fmt::num::imp::<impl core::fmt::UpperExp for i8>::fmt
 .text._ZN4core3fmt3num3imp52_$LT$impl$u20$core..fmt..UpperExp$u20$for$u20$u8$GT$3fmt17h010e9c1ce5bc6f83E
                0xffff800040222bf4       0x18 bin/obj/rslib.a(core-dca77d77b03929cc.core.bbd04c23a4fa3c72-cgu.0.rcgu.o)
                0xffff800040222bf4                core::fmt::num::imp::<impl core::fmt::UpperExp for u8>::fmt
 .text._ZN4core3fmt3num3imp53_$LT$impl$u20$core..fmt..LowerExp$u20$for$u20$i16$GT$3fmt17h0ef11d9cfa7db045E
                0xffff800040222c0c       0x24 bin/obj/rslib.a(core-dca77d77b03929cc.core.bbd04c23a4fa3c72-cgu.0.rcgu.o)
                0xffff800040222c0c                core::fmt::num::imp::<impl core::fmt::LowerExp for i16>::fmt
 .text._ZN4core3fmt3num3imp53_$LT$impl$u20$core..fmt..LowerExp$u20$for$u20$i32$GT$3fmt17h73a92d63361655e1E
                0xffff800040222c30       0x24 bin/obj/rslib.a(core-dca77d77b03929cc.core.bbd04c23a4fa3c72-cgu.0.rcgu.o)
                0xffff800040222c30                core::fmt::num::imp::<impl core::fmt::LowerExp for i32>::fmt
 .text._ZN4core3fmt3num3imp53_$LT$impl$u20$core..fmt..LowerExp$u20$for$u20$i64$GT$3fmt17he8eaeb98c7470710E
                0xffff800040222c54       0x24 bin/obj/rslib.a(core-dca77d77b03929cc.core.bbd04c23a4fa3c72-cgu.0.rcgu.o)
                0xffff800040222c54                core::fmt::num::imp::<impl core::fmt::LowerExp for isize>::fmt
                0xffff800040222c54                core::fmt::num::imp::<impl core::fmt::LowerExp for i64>::fmt
 .text._ZN4core3fmt3num3imp53_$LT$impl$u20$core..fmt..LowerExp$u20$for$u20$u16$GT$3fmt17h49c4e818814d45dbE
                0xffff800040222c78       0x18 bin/obj/rslib.a(core-dca77d77b03929cc.core.bbd04c23a4fa3c72-cgu.0.rcgu.o)
                0xffff800040222c78                core::fmt::num::imp::<impl core::fmt::LowerExp for u16>::fmt
 .text._ZN4core3fmt3num3imp53_$LT$impl$u20$core..fmt..LowerExp$u20$for$u20$u32$GT$3fmt17h158f35b2865c949eE
                0xffff800040222c90       0x18 bin/obj/rslib.a(core-dca77d77b03929cc.core.bbd04c23a4fa3c72-cgu.0.rcgu.o)
                0xffff800040222c90                core::fmt::num::imp::<impl core::fmt::LowerExp for u32>::fmt
 .text._ZN4core3fmt3num3imp53_$LT$impl$u20$core..fmt..LowerExp$u20$for$u20$u64$GT$3fmt17hd02b9c2dab05dc10E
                0xffff800040222ca8       0x18 bin/obj/rslib.a(core-dca77d77b03929cc.core.bbd04c23a4fa3c72-cgu.0.rcgu.o)
                0xffff800040222ca8                core::fmt::num::imp::<impl core::fmt::LowerExp for usize>::fmt
                0xffff800040222ca8                core::fmt::num::imp::<impl core::fmt::LowerExp for u64>::fmt
 .text._ZN4core3fmt3num3imp53_$LT$impl$u20$core..fmt..UpperExp$u20$for$u20$i16$GT$3fmt17h3fab035472132d68E
                0xffff800040222cc0       0x24 bin/obj/rslib.a(core-dca77d77b03929cc.core.bbd04c23a4fa3c72-cgu.0.rcgu.o)
                0xffff800040222cc0                core::fmt::num::imp::<impl core::fmt::UpperExp for i16>::fmt
 .text._ZN4core3fmt3num3imp53_$LT$impl$u20$core..fmt..UpperExp$u20$for$u20$i32$GT$3fmt17hc873c09afcd74914E
                0xffff800040222ce4       0x24 bin/obj/rslib.a(core-dca77d77b03929cc.core.bbd04c23a4fa3c72-cgu.0.rcgu.o)
                0xffff800040222ce4                core::fmt::num::imp::<impl core::fmt::UpperExp for i32>::fmt
 .text._ZN4core3fmt3num3imp53_$LT$impl$u20$core..fmt..UpperExp$u20$for$u20$i64$GT$3fmt17he2f6e251da279662E
                0xffff800040222d08       0x24 bin/obj/rslib.a(core-dca77d77b03929cc.core.bbd04c23a4fa3c72-cgu.0.rcgu.o)
                0xffff800040222d08                core::fmt::num::imp::<impl core::fmt::UpperExp for isize>::fmt
                0xffff800040222d08                core::fmt::num::imp::<impl core::fmt::UpperExp for i64>::fmt
 .text._ZN4core3fmt3num3imp53_$LT$impl$u20$core..fmt..UpperExp$u20$for$u20$u16$GT$3fmt17h2e49b62056d088d3E
                0xffff800040222d2c       0x18 bin/obj/rslib.a(core-dca77d77b03929cc.core.bbd04c23a4fa3c72-cgu.0.rcgu.o)
                0xffff800040222d2c                core::fmt::num::imp::<impl core::fmt::UpperExp for u16>::fmt
 .text._ZN4core3fmt3num3imp53_$LT$impl$u20$core..fmt..UpperExp$u20$for$u20$u32$GT$3fmt17h67f329f6a561b042E
                0xffff800040222d44       0x18 bin/obj/rslib.a(core-dca77d77b03929cc.core.bbd04c23a4fa3c72-cgu.0.rcgu.o)
                0xffff800040222d44                core::fmt::num::imp::<impl core::fmt::UpperExp for u32>::fmt
 .text._ZN4core3fmt3num3imp53_$LT$impl$u20$core..fmt..UpperExp$u20$for$u20$u64$GT$3fmt17h089d5041d0086602E
                0xffff800040222d5c       0x18 bin/obj/rslib.a(core-dca77d77b03929cc.core.bbd04c23a4fa3c72-cgu.0.rcgu.o)
                0xffff800040222d5c                core::fmt::num::imp::<impl core::fmt::UpperExp for usize>::fmt
                0xffff800040222d5c                core::fmt::num::imp::<impl core::fmt::UpperExp for u64>::fmt
 .text._ZN4core3fmt3num3imp7exp_u6417hcfe3e43662793de3E
                0xffff800040222d74      0x540 bin/obj/rslib.a(core-dca77d77b03929cc.core.bbd04c23a4fa3c72-cgu.0.rcgu.o)
 .text._ZN4core3fmt3num49_$LT$impl$u20$core..fmt..Debug$u20$for$u20$i8$GT$3fmt17h827ef15b7c2cc75eE
                0xffff8000402232b4      0x18c bin/obj/rslib.a(core-dca77d77b03929cc.core.bbd04c23a4fa3c72-cgu.0.rcgu.o)
 .text._ZN4core3fmt3num49_$LT$impl$u20$core..fmt..Debug$u20$for$u20$u8$GT$3fmt17hbfcfc52b811f831eE
                0xffff800040223440      0x170 bin/obj/rslib.a(core-dca77d77b03929cc.core.bbd04c23a4fa3c72-cgu.0.rcgu.o)
 .text._ZN4core3fmt3num49_$LT$impl$u20$core..fmt..Octal$u20$for$u20$i8$GT$3fmt17h938552005bb66eb0E
                0xffff8000402235b0       0x78 bin/obj/rslib.a(core-dca77d77b03929cc.core.bbd04c23a4fa3c72-cgu.0.rcgu.o)
                0xffff8000402235b0                core::fmt::num::<impl core::fmt::Octal for i8>::fmt
 .text._ZN4core3fmt3num49_$LT$impl$u20$core..fmt..Octal$u20$for$u20$u8$GT$3fmt17hf4ab8ae14edcc341E
                0xffff800040223628       0x78 bin/obj/rslib.a(core-dca77d77b03929cc.core.bbd04c23a4fa3c72-cgu.0.rcgu.o)
                0xffff800040223628                core::fmt::num::<impl core::fmt::Octal for u8>::fmt
 .text._ZN4core3fmt3num50_$LT$impl$u20$core..fmt..Binary$u20$for$u20$i8$GT$3fmt17h364fc7cada5f95ebE
                0xffff8000402236a0       0x78 bin/obj/rslib.a(core-dca77d77b03929cc.core.bbd04c23a4fa3c72-cgu.0.rcgu.o)
                0xffff8000402236a0                core::fmt::num::<impl core::fmt::Binary for i8>::fmt
 .text._ZN4core3fmt3num50_$LT$impl$u20$core..fmt..Binary$u20$for$u20$u8$GT$3fmt17he2c0567fc6506356E
                0xffff800040223718       0x78 bin/obj/rslib.a(core-dca77d77b03929cc.core.bbd04c23a4fa3c72-cgu.0.rcgu.o)
                0xffff800040223718                core::fmt::num::<impl core::fmt::Binary for u8>::fmt
 .text._ZN4core3fmt3num50_$LT$impl$u20$core..fmt..Debug$u20$for$u20$i16$GT$3fmt17hd85915d27365f48cE
                0xffff800040223790      0x1dc bin/obj/rslib.a(core-dca77d77b03929cc.core.bbd04c23a4fa3c72-cgu.0.rcgu.o)
 .text._ZN4core3fmt3num50_$LT$impl$u20$core..fmt..Debug$u20$for$u20$u16$GT$3fmt17h02c79a3af51ec021E
                0xffff80004022396c      0x1c8 bin/obj/rslib.a(core-dca77d77b03929cc.core.bbd04c23a4fa3c72-cgu.0.rcgu.o)
 .text._ZN4core3fmt3num50_$LT$impl$u20$core..fmt..Debug$u20$for$u20$u32$GT$3fmt17hdcaa54ae5b814f37E
                0xffff800040223b34      0x200 bin/obj/rslib.a(core-dca77d77b03929cc.core.bbd04c23a4fa3c72-cgu.0.rcgu.o)
 .text._ZN4core3fmt3num50_$LT$impl$u20$core..fmt..Debug$u20$for$u20$u64$GT$3fmt17h6612a6d4aeffcfe3E
                0xffff800040223d34      0x1fc bin/obj/rslib.a(core-dca77d77b03929cc.core.bbd04c23a4fa3c72-cgu.0.rcgu.o)
 .text._ZN4core3fmt3num50_$LT$impl$u20$core..fmt..Octal$u20$for$u20$i16$GT$3fmt17hb30f0eff41b795d7E
                0xffff800040223f30       0x78 bin/obj/rslib.a(core-dca77d77b03929cc.core.bbd04c23a4fa3c72-cgu.0.rcgu.o)
                0xffff800040223f30                core::fmt::num::<impl core::fmt::Octal for i16>::fmt
 .text._ZN4core3fmt3num50_$LT$impl$u20$core..fmt..Octal$u20$for$u20$i32$GT$3fmt17h96bda70b13d869cfE
                0xffff800040223fa8       0x78 bin/obj/rslib.a(core-dca77d77b03929cc.core.bbd04c23a4fa3c72-cgu.0.rcgu.o)
                0xffff800040223fa8                core::fmt::num::<impl core::fmt::Octal for i32>::fmt
 .text._ZN4core3fmt3num50_$LT$impl$u20$core..fmt..Octal$u20$for$u20$i64$GT$3fmt17hbca0bdf49b956695E
                0xffff800040224020       0x78 bin/obj/rslib.a(core-dca77d77b03929cc.core.bbd04c23a4fa3c72-cgu.0.rcgu.o)
                0xffff800040224020                core::fmt::num::<impl core::fmt::Octal for i64>::fmt
                0xffff800040224020                core::fmt::num::<impl core::fmt::Octal for isize>::fmt
 .text._ZN4core3fmt3num50_$LT$impl$u20$core..fmt..Octal$u20$for$u20$u16$GT$3fmt17haa5505935580f60eE
                0xffff800040224098       0x78 bin/obj/rslib.a(core-dca77d77b03929cc.core.bbd04c23a4fa3c72-cgu.0.rcgu.o)
                0xffff800040224098                core::fmt::num::<impl core::fmt::Octal for u16>::fmt
 .text._ZN4core3fmt3num50_$LT$impl$u20$core..fmt..Octal$u20$for$u20$u32$GT$3fmt17h4a01e2886ae035d3E
                0xffff800040224110       0x78 bin/obj/rslib.a(core-dca77d77b03929cc.core.bbd04c23a4fa3c72-cgu.0.rcgu.o)
                0xffff800040224110                core::fmt::num::<impl core::fmt::Octal for u32>::fmt
 .text._ZN4core3fmt3num50_$LT$impl$u20$core..fmt..Octal$u20$for$u20$u64$GT$3fmt17hf6bc247530776172E
                0xffff800040224188       0x78 bin/obj/rslib.a(core-dca77d77b03929cc.core.bbd04c23a4fa3c72-cgu.0.rcgu.o)
                0xffff800040224188                core::fmt::num::<impl core::fmt::Octal for usize>::fmt
                0xffff800040224188                core::fmt::num::<impl core::fmt::Octal for u64>::fmt
 .text._ZN4core3fmt3num51_$LT$impl$u20$core..fmt..Binary$u20$for$u20$i16$GT$3fmt17h57858060feef142cE
                0xffff800040224200       0x78 bin/obj/rslib.a(core-dca77d77b03929cc.core.bbd04c23a4fa3c72-cgu.0.rcgu.o)
                0xffff800040224200                core::fmt::num::<impl core::fmt::Binary for i16>::fmt
 .text._ZN4core3fmt3num51_$LT$impl$u20$core..fmt..Binary$u20$for$u20$i32$GT$3fmt17h0b19d692da06108dE
                0xffff800040224278       0x78 bin/obj/rslib.a(core-dca77d77b03929cc.core.bbd04c23a4fa3c72-cgu.0.rcgu.o)
                0xffff800040224278                core::fmt::num::<impl core::fmt::Binary for i32>::fmt
 .text._ZN4core3fmt3num51_$LT$impl$u20$core..fmt..Binary$u20$for$u20$i64$GT$3fmt17haeba80af4dc4e17eE
                0xffff8000402242f0       0x78 bin/obj/rslib.a(core-dca77d77b03929cc.core.bbd04c23a4fa3c72-cgu.0.rcgu.o)
                0xffff8000402242f0                core::fmt::num::<impl core::fmt::Binary for isize>::fmt
                0xffff8000402242f0                core::fmt::num::<impl core::fmt::Binary for i64>::fmt
 .text._ZN4core3fmt3num51_$LT$impl$u20$core..fmt..Binary$u20$for$u20$u16$GT$3fmt17h994032199faeaac8E
                0xffff800040224368       0x78 bin/obj/rslib.a(core-dca77d77b03929cc.core.bbd04c23a4fa3c72-cgu.0.rcgu.o)
                0xffff800040224368                core::fmt::num::<impl core::fmt::Binary for u16>::fmt
 .text._ZN4core3fmt3num51_$LT$impl$u20$core..fmt..Binary$u20$for$u20$u32$GT$3fmt17h97ec4d142d6b0a75E
                0xffff8000402243e0       0x78 bin/obj/rslib.a(core-dca77d77b03929cc.core.bbd04c23a4fa3c72-cgu.0.rcgu.o)
                0xffff8000402243e0                core::fmt::num::<impl core::fmt::Binary for u32>::fmt
 .text._ZN4core3fmt3num51_$LT$impl$u20$core..fmt..Binary$u20$for$u20$u64$GT$3fmt17h88494fdefc0ff8d9E
                0xffff800040224458       0x78 bin/obj/rslib.a(core-dca77d77b03929cc.core.bbd04c23a4fa3c72-cgu.0.rcgu.o)
                0xffff800040224458                core::fmt::num::<impl core::fmt::Binary for u64>::fmt
                0xffff800040224458                core::fmt::num::<impl core::fmt::Binary for usize>::fmt
 .text._ZN4core3fmt3num51_$LT$impl$u20$core..fmt..Debug$u20$for$u20$i128$GT$3fmt17h02f9e17982837adcE
                0xffff8000402244d0      0x148 bin/obj/rslib.a(core-dca77d77b03929cc.core.bbd04c23a4fa3c72-cgu.0.rcgu.o)
 .text._ZN4core3fmt3num51_$LT$impl$u20$core..fmt..Debug$u20$for$u20$u128$GT$3fmt17hacbd24b09e2e612dE
                0xffff800040224618      0x128 bin/obj/rslib.a(core-dca77d77b03929cc.core.bbd04c23a4fa3c72-cgu.0.rcgu.o)
 .text._ZN4core3fmt3num51_$LT$impl$u20$core..fmt..Octal$u20$for$u20$i128$GT$3fmt17h30a46ebffb686345E
                0xffff800040224740       0x84 bin/obj/rslib.a(core-dca77d77b03929cc.core.bbd04c23a4fa3c72-cgu.0.rcgu.o)
                0xffff800040224740                core::fmt::num::<impl core::fmt::Octal for i128>::fmt
 .text._ZN4core3fmt3num51_$LT$impl$u20$core..fmt..Octal$u20$for$u20$u128$GT$3fmt17he9c20ead1f4ddb45E
                0xffff8000402247c4       0x84 bin/obj/rslib.a(core-dca77d77b03929cc.core.bbd04c23a4fa3c72-cgu.0.rcgu.o)
                0xffff8000402247c4                core::fmt::num::<impl core::fmt::Octal for u128>::fmt
 .text._ZN4core3fmt3num52_$LT$impl$u20$core..fmt..Binary$u20$for$u20$i128$GT$3fmt17h5ddc35715bb3478dE
                0xffff800040224848       0x84 bin/obj/rslib.a(core-dca77d77b03929cc.core.bbd04c23a4fa3c72-cgu.0.rcgu.o)
                0xffff800040224848                core::fmt::num::<impl core::fmt::Binary for i128>::fmt
 .text._ZN4core3fmt3num52_$LT$impl$u20$core..fmt..Binary$u20$for$u20$u128$GT$3fmt17h7c0ba53f984ef09eE
                0xffff8000402248cc       0x84 bin/obj/rslib.a(core-dca77d77b03929cc.core.bbd04c23a4fa3c72-cgu.0.rcgu.o)
                0xffff8000402248cc                core::fmt::num::<impl core::fmt::Binary for u128>::fmt
 .text._ZN4core3fmt3num52_$LT$impl$u20$core..fmt..Debug$u20$for$u20$usize$GT$3fmt17h43b30080ace008ecE
                0xffff800040224950      0x208 bin/obj/rslib.a(core-dca77d77b03929cc.core.bbd04c23a4fa3c72-cgu.0.rcgu.o)
 .text._ZN4core3fmt3num52_$LT$impl$u20$core..fmt..LowerHex$u20$for$u20$i8$GT$3fmt17hf695129635c083b3E
                0xffff800040224b58       0x78 bin/obj/rslib.a(core-dca77d77b03929cc.core.bbd04c23a4fa3c72-cgu.0.rcgu.o)
                0xffff800040224b58                core::fmt::num::<impl core::fmt::LowerHex for i8>::fmt
 .text._ZN4core3fmt3num52_$LT$impl$u20$core..fmt..LowerHex$u20$for$u20$u8$GT$3fmt17h41223f6c79c82479E
                0xffff800040224bd0       0x78 bin/obj/rslib.a(core-dca77d77b03929cc.core.bbd04c23a4fa3c72-cgu.0.rcgu.o)
                0xffff800040224bd0                core::fmt::num::<impl core::fmt::LowerHex for u8>::fmt
 .text._ZN4core3fmt3num52_$LT$impl$u20$core..fmt..UpperHex$u20$for$u20$i8$GT$3fmt17h407840cf8f4701b9E
                0xffff800040224c48       0x78 bin/obj/rslib.a(core-dca77d77b03929cc.core.bbd04c23a4fa3c72-cgu.0.rcgu.o)
                0xffff800040224c48                core::fmt::num::<impl core::fmt::UpperHex for i8>::fmt
 .text._ZN4core3fmt3num52_$LT$impl$u20$core..fmt..UpperHex$u20$for$u20$u8$GT$3fmt17h1c056f3c85dae395E
                0xffff800040224cc0       0x78 bin/obj/rslib.a(core-dca77d77b03929cc.core.bbd04c23a4fa3c72-cgu.0.rcgu.o)
                0xffff800040224cc0                core::fmt::num::<impl core::fmt::UpperHex for u8>::fmt
 .text._ZN4core3fmt3num53_$LT$impl$u20$core..fmt..Display$u20$for$u20$i128$GT$3fmt17h143e7e69baa593e3E
                0xffff800040224d38       0x78 bin/obj/rslib.a(core-dca77d77b03929cc.core.bbd04c23a4fa3c72-cgu.0.rcgu.o)
                0xffff800040224d38                core::fmt::num::<impl core::fmt::Display for i128>::fmt
 .text._ZN4core3fmt3num53_$LT$impl$u20$core..fmt..Display$u20$for$u20$u128$GT$3fmt17h93d3e8374317a9ebE
                0xffff800040224db0       0x64 bin/obj/rslib.a(core-dca77d77b03929cc.core.bbd04c23a4fa3c72-cgu.0.rcgu.o)
                0xffff800040224db0                core::fmt::num::<impl core::fmt::Display for u128>::fmt
 .text._ZN4core3fmt3num53_$LT$impl$u20$core..fmt..LowerHex$u20$for$u20$i16$GT$3fmt17h5b03a43fe071e9d2E
                0xffff800040224e14       0x78 bin/obj/rslib.a(core-dca77d77b03929cc.core.bbd04c23a4fa3c72-cgu.0.rcgu.o)
                0xffff800040224e14                core::fmt::num::<impl core::fmt::LowerHex for i16>::fmt
 .text._ZN4core3fmt3num53_$LT$impl$u20$core..fmt..LowerHex$u20$for$u20$i32$GT$3fmt17hc95ab94a833a1d52E
                0xffff800040224e8c       0x78 bin/obj/rslib.a(core-dca77d77b03929cc.core.bbd04c23a4fa3c72-cgu.0.rcgu.o)
                0xffff800040224e8c                core::fmt::num::<impl core::fmt::LowerHex for i32>::fmt
 .text._ZN4core3fmt3num53_$LT$impl$u20$core..fmt..LowerHex$u20$for$u20$i64$GT$3fmt17h78bab8b90a4593cfE
                0xffff800040224f04       0x78 bin/obj/rslib.a(core-dca77d77b03929cc.core.bbd04c23a4fa3c72-cgu.0.rcgu.o)
                0xffff800040224f04                core::fmt::num::<impl core::fmt::LowerHex for i64>::fmt
                0xffff800040224f04                core::fmt::num::<impl core::fmt::LowerHex for isize>::fmt
 .text._ZN4core3fmt3num53_$LT$impl$u20$core..fmt..LowerHex$u20$for$u20$u16$GT$3fmt17h763f8ccc440b53a1E
                0xffff800040224f7c       0x78 bin/obj/rslib.a(core-dca77d77b03929cc.core.bbd04c23a4fa3c72-cgu.0.rcgu.o)
                0xffff800040224f7c                core::fmt::num::<impl core::fmt::LowerHex for u16>::fmt
 .text._ZN4core3fmt3num53_$LT$impl$u20$core..fmt..LowerHex$u20$for$u20$u32$GT$3fmt17h549c5dc88a23e071E
                0xffff800040224ff4       0x78 bin/obj/rslib.a(core-dca77d77b03929cc.core.bbd04c23a4fa3c72-cgu.0.rcgu.o)
                0xffff800040224ff4                core::fmt::num::<impl core::fmt::LowerHex for u32>::fmt
 .text._ZN4core3fmt3num53_$LT$impl$u20$core..fmt..LowerHex$u20$for$u20$u64$GT$3fmt17hdaccb1a7b83ad970E
                0xffff80004022506c       0x78 bin/obj/rslib.a(core-dca77d77b03929cc.core.bbd04c23a4fa3c72-cgu.0.rcgu.o)
                0xffff80004022506c                core::fmt::num::<impl core::fmt::LowerHex for usize>::fmt
                0xffff80004022506c                core::fmt::num::<impl core::fmt::LowerHex for u64>::fmt
 .text._ZN4core3fmt3num53_$LT$impl$u20$core..fmt..UpperHex$u20$for$u20$i16$GT$3fmt17hdc971805de989b2aE
                0xffff8000402250e4       0x78 bin/obj/rslib.a(core-dca77d77b03929cc.core.bbd04c23a4fa3c72-cgu.0.rcgu.o)
                0xffff8000402250e4                core::fmt::num::<impl core::fmt::UpperHex for i16>::fmt
 .text._ZN4core3fmt3num53_$LT$impl$u20$core..fmt..UpperHex$u20$for$u20$i32$GT$3fmt17h7f105a3b4f757369E
                0xffff80004022515c       0x78 bin/obj/rslib.a(core-dca77d77b03929cc.core.bbd04c23a4fa3c72-cgu.0.rcgu.o)
                0xffff80004022515c                core::fmt::num::<impl core::fmt::UpperHex for i32>::fmt
 .text._ZN4core3fmt3num53_$LT$impl$u20$core..fmt..UpperHex$u20$for$u20$i64$GT$3fmt17h9e197d4c17bda1a5E
                0xffff8000402251d4       0x78 bin/obj/rslib.a(core-dca77d77b03929cc.core.bbd04c23a4fa3c72-cgu.0.rcgu.o)
                0xffff8000402251d4                core::fmt::num::<impl core::fmt::UpperHex for isize>::fmt
                0xffff8000402251d4                core::fmt::num::<impl core::fmt::UpperHex for i64>::fmt
 .text._ZN4core3fmt3num53_$LT$impl$u20$core..fmt..UpperHex$u20$for$u20$u16$GT$3fmt17h4d373f4e1b192db5E
                0xffff80004022524c       0x78 bin/obj/rslib.a(core-dca77d77b03929cc.core.bbd04c23a4fa3c72-cgu.0.rcgu.o)
                0xffff80004022524c                core::fmt::num::<impl core::fmt::UpperHex for u16>::fmt
 .text._ZN4core3fmt3num53_$LT$impl$u20$core..fmt..UpperHex$u20$for$u20$u32$GT$3fmt17hfe57b8c17b9bbf1aE
                0xffff8000402252c4       0x78 bin/obj/rslib.a(core-dca77d77b03929cc.core.bbd04c23a4fa3c72-cgu.0.rcgu.o)
                0xffff8000402252c4                core::fmt::num::<impl core::fmt::UpperHex for u32>::fmt
 .text._ZN4core3fmt3num53_$LT$impl$u20$core..fmt..UpperHex$u20$for$u20$u64$GT$3fmt17h995153f9b3a5bfe9E
                0xffff80004022533c       0x78 bin/obj/rslib.a(core-dca77d77b03929cc.core.bbd04c23a4fa3c72-cgu.0.rcgu.o)
                0xffff80004022533c                core::fmt::num::<impl core::fmt::UpperHex for usize>::fmt
                0xffff80004022533c                core::fmt::num::<impl core::fmt::UpperHex for u64>::fmt
 .text._ZN4core3fmt3num54_$LT$impl$u20$core..fmt..LowerExp$u20$for$u20$i128$GT$3fmt17h30434f360a41b4c4E
                0xffff8000402253b4       0x2c bin/obj/rslib.a(core-dca77d77b03929cc.core.bbd04c23a4fa3c72-cgu.0.rcgu.o)
                0xffff8000402253b4                core::fmt::num::<impl core::fmt::LowerExp for i128>::fmt
 .text._ZN4core3fmt3num54_$LT$impl$u20$core..fmt..LowerExp$u20$for$u20$u128$GT$3fmt17ha11197f8c52dd830E
                0xffff8000402253e0       0x14 bin/obj/rslib.a(core-dca77d77b03929cc.core.bbd04c23a4fa3c72-cgu.0.rcgu.o)
                0xffff8000402253e0                core::fmt::num::<impl core::fmt::LowerExp for u128>::fmt
 .text._ZN4core3fmt3num54_$LT$impl$u20$core..fmt..LowerHex$u20$for$u20$i128$GT$3fmt17hb7c2328b2927a7e4E
                0xffff8000402253f4       0x84 bin/obj/rslib.a(core-dca77d77b03929cc.core.bbd04c23a4fa3c72-cgu.0.rcgu.o)
                0xffff8000402253f4                core::fmt::num::<impl core::fmt::LowerHex for i128>::fmt
 .text._ZN4core3fmt3num54_$LT$impl$u20$core..fmt..LowerHex$u20$for$u20$u128$GT$3fmt17hb4c13cc4839c5400E
                0xffff800040225478       0x84 bin/obj/rslib.a(core-dca77d77b03929cc.core.bbd04c23a4fa3c72-cgu.0.rcgu.o)
                0xffff800040225478                core::fmt::num::<impl core::fmt::LowerHex for u128>::fmt
 .text._ZN4core3fmt3num54_$LT$impl$u20$core..fmt..UpperExp$u20$for$u20$i128$GT$3fmt17h5f34c241245c987fE
                0xffff8000402254fc       0x2c bin/obj/rslib.a(core-dca77d77b03929cc.core.bbd04c23a4fa3c72-cgu.0.rcgu.o)
                0xffff8000402254fc                core::fmt::num::<impl core::fmt::UpperExp for i128>::fmt
 .text._ZN4core3fmt3num54_$LT$impl$u20$core..fmt..UpperExp$u20$for$u20$u128$GT$3fmt17h6e59dbb5e808480cE
                0xffff800040225528       0x14 bin/obj/rslib.a(core-dca77d77b03929cc.core.bbd04c23a4fa3c72-cgu.0.rcgu.o)
                0xffff800040225528                core::fmt::num::<impl core::fmt::UpperExp for u128>::fmt
 .text._ZN4core3fmt3num54_$LT$impl$u20$core..fmt..UpperHex$u20$for$u20$i128$GT$3fmt17h37959fbc370fc230E
                0xffff80004022553c       0x84 bin/obj/rslib.a(core-dca77d77b03929cc.core.bbd04c23a4fa3c72-cgu.0.rcgu.o)
                0xffff80004022553c                core::fmt::num::<impl core::fmt::UpperHex for i128>::fmt
 .text._ZN4core3fmt3num54_$LT$impl$u20$core..fmt..UpperHex$u20$for$u20$u128$GT$3fmt17h631d1b7b37eac1b1E
                0xffff8000402255c0       0x84 bin/obj/rslib.a(core-dca77d77b03929cc.core.bbd04c23a4fa3c72-cgu.0.rcgu.o)
                0xffff8000402255c0                core::fmt::num::<impl core::fmt::UpperHex for u128>::fmt
 .text._ZN4core3fmt3num8exp_u12817h1e087a08c7e7821cE
                0xffff800040225644      0x908 bin/obj/rslib.a(core-dca77d77b03929cc.core.bbd04c23a4fa3c72-cgu.0.rcgu.o)
 .text._ZN4core3fmt5Write10write_char17h6c9f62c53d255419E
                0xffff800040225f4c      0x110 bin/obj/rslib.a(core-dca77d77b03929cc.core.bbd04c23a4fa3c72-cgu.0.rcgu.o)
 .text._ZN4core3fmt5Write10write_char17hab3113e5f50b8d55E
                0xffff80004022605c      0x110 bin/obj/rslib.a(core-dca77d77b03929cc.core.bbd04c23a4fa3c72-cgu.0.rcgu.o)
 .text._ZN4core3fmt5Write10write_char17hafd2cc98f3cc0f9eE
                0xffff80004022616c      0x110 bin/obj/rslib.a(core-dca77d77b03929cc.core.bbd04c23a4fa3c72-cgu.0.rcgu.o)
 .text._ZN4core3fmt5Write10write_char17hafeca256d596fff5E
                0xffff80004022627c      0x110 bin/obj/rslib.a(core-dca77d77b03929cc.core.bbd04c23a4fa3c72-cgu.0.rcgu.o)
 .text._ZN4core3fmt5Write9write_fmt17h520d20e91ea5545dE
                0xffff80004022638c       0x10 bin/obj/rslib.a(core-dca77d77b03929cc.core.bbd04c23a4fa3c72-cgu.0.rcgu.o)
 .text._ZN4core3fmt5Write9write_fmt17h7c092140abd88642E
                0xffff80004022639c       0x10 bin/obj/rslib.a(core-dca77d77b03929cc.core.bbd04c23a4fa3c72-cgu.0.rcgu.o)
 .text._ZN4core3fmt5Write9write_fmt17h95b21c1cd5581451E
                0xffff8000402263ac       0x10 bin/obj/rslib.a(core-dca77d77b03929cc.core.bbd04c23a4fa3c72-cgu.0.rcgu.o)
 .text._ZN4core3fmt5Write9write_fmt17h9e49c072d75e96bdE
                0xffff8000402263bc       0x10 bin/obj/rslib.a(core-dca77d77b03929cc.core.bbd04c23a4fa3c72-cgu.0.rcgu.o)
 .text._ZN4core3fmt5Write9write_fmt17hb1a75934f62025f1E
                0xffff8000402263cc       0x10 bin/obj/rslib.a(core-dca77d77b03929cc.core.bbd04c23a4fa3c72-cgu.0.rcgu.o)
 .text._ZN4core3fmt5float29float_to_decimal_common_exact17h0e50918e8fa3ee13E
                0xffff8000402263dc      0x330 bin/obj/rslib.a(core-dca77d77b03929cc.core.bbd04c23a4fa3c72-cgu.0.rcgu.o)
 .text._ZN4core3fmt5float29float_to_decimal_common_exact17hb9a2c5d04883627eE
                0xffff80004022670c      0x32c bin/obj/rslib.a(core-dca77d77b03929cc.core.bbd04c23a4fa3c72-cgu.0.rcgu.o)
 .text._ZN4core3fmt5float29float_to_decimal_common_exact17hca083ab3e7c8879bE
                0xffff800040226a38      0x330 bin/obj/rslib.a(core-dca77d77b03929cc.core.bbd04c23a4fa3c72-cgu.0.rcgu.o)
 .text._ZN4core3fmt5float32float_to_decimal_common_shortest17h0ceec187bec91d8aE
                0xffff800040226d68      0x274 bin/obj/rslib.a(core-dca77d77b03929cc.core.bbd04c23a4fa3c72-cgu.0.rcgu.o)
 .text._ZN4core3fmt5float32float_to_decimal_common_shortest17hccc6e50c18412f99E
                0xffff800040226fdc      0x270 bin/obj/rslib.a(core-dca77d77b03929cc.core.bbd04c23a4fa3c72-cgu.0.rcgu.o)
 .text._ZN4core3fmt5float32float_to_decimal_common_shortest17he31e808fe2c6de51E
                0xffff80004022724c      0x274 bin/obj/rslib.a(core-dca77d77b03929cc.core.bbd04c23a4fa3c72-cgu.0.rcgu.o)
 .text._ZN4core3fmt5float33float_to_exponential_common_exact17h139f809f18339707E
                0xffff8000402274c0      0x364 bin/obj/rslib.a(core-dca77d77b03929cc.core.bbd04c23a4fa3c72-cgu.0.rcgu.o)
 .text._ZN4core3fmt5float33float_to_exponential_common_exact17h3b54b606a5e93c9aE
                0xffff800040227824      0x360 bin/obj/rslib.a(core-dca77d77b03929cc.core.bbd04c23a4fa3c72-cgu.0.rcgu.o)
 .text._ZN4core3fmt5float33float_to_exponential_common_exact17h72232f886c9338e7E
                0xffff800040227b84      0x364 bin/obj/rslib.a(core-dca77d77b03929cc.core.bbd04c23a4fa3c72-cgu.0.rcgu.o)
 .text._ZN4core3fmt5float36float_to_exponential_common_shortest17hd613faf6d122fffdE
                0xffff800040227ee8      0x324 bin/obj/rslib.a(core-dca77d77b03929cc.core.bbd04c23a4fa3c72-cgu.0.rcgu.o)
 .text._ZN4core3fmt5float36float_to_exponential_common_shortest17hd81e605b83b8c904E
                0xffff80004022820c      0x324 bin/obj/rslib.a(core-dca77d77b03929cc.core.bbd04c23a4fa3c72-cgu.0.rcgu.o)
 .text._ZN4core3fmt5float36float_to_exponential_common_shortest17hf01e77856c0611c9E
                0xffff800040228530      0x320 bin/obj/rslib.a(core-dca77d77b03929cc.core.bbd04c23a4fa3c72-cgu.0.rcgu.o)
 .text._ZN4core3fmt5float50_$LT$impl$u20$core..fmt..Debug$u20$for$u20$f16$GT$3fmt17h98073eaa521987d1E
                0xffff800040228850       0x84 bin/obj/rslib.a(core-dca77d77b03929cc.core.bbd04c23a4fa3c72-cgu.0.rcgu.o)
                0xffff800040228850                core::fmt::float::<impl core::fmt::Debug for f16>::fmt
 .text._ZN4core3fmt5float50_$LT$impl$u20$core..fmt..Debug$u20$for$u20$f32$GT$3fmt17h356a0d769d6699d8E
                0xffff8000402288d4       0x78 bin/obj/rslib.a(core-dca77d77b03929cc.core.bbd04c23a4fa3c72-cgu.0.rcgu.o)
                0xffff8000402288d4                core::fmt::float::<impl core::fmt::Debug for f32>::fmt
 .text._ZN4core3fmt5float50_$LT$impl$u20$core..fmt..Debug$u20$for$u20$f64$GT$3fmt17hf05e6bf68a96b818E
                0xffff80004022894c       0x70 bin/obj/rslib.a(core-dca77d77b03929cc.core.bbd04c23a4fa3c72-cgu.0.rcgu.o)
                0xffff80004022894c                core::fmt::float::<impl core::fmt::Debug for f64>::fmt
 .text._ZN4core3fmt5float52_$LT$impl$u20$core..fmt..Display$u20$for$u20$f16$GT$3fmt17h99e2214d9239d00dE
                0xffff8000402289bc       0x2c bin/obj/rslib.a(core-dca77d77b03929cc.core.bbd04c23a4fa3c72-cgu.0.rcgu.o)
                0xffff8000402289bc                core::fmt::float::<impl core::fmt::Display for f16>::fmt
 .text._ZN4core3fmt5float52_$LT$impl$u20$core..fmt..Display$u20$for$u20$f32$GT$3fmt17h65e0a609525384cfE
                0xffff8000402289e8       0x2c bin/obj/rslib.a(core-dca77d77b03929cc.core.bbd04c23a4fa3c72-cgu.0.rcgu.o)
                0xffff8000402289e8                core::fmt::float::<impl core::fmt::Display for f32>::fmt
 .text._ZN4core3fmt5float52_$LT$impl$u20$core..fmt..Display$u20$for$u20$f64$GT$3fmt17he0314ea48bfe4fd0E
                0xffff800040228a14       0x2c bin/obj/rslib.a(core-dca77d77b03929cc.core.bbd04c23a4fa3c72-cgu.0.rcgu.o)
                0xffff800040228a14                core::fmt::float::<impl core::fmt::Display for f64>::fmt
 .text._ZN4core3fmt5float53_$LT$impl$u20$core..fmt..LowerExp$u20$for$u20$f16$GT$3fmt17h32eae0d8e61a65e8E
                0xffff800040228a40       0x38 bin/obj/rslib.a(core-dca77d77b03929cc.core.bbd04c23a4fa3c72-cgu.0.rcgu.o)
                0xffff800040228a40                core::fmt::float::<impl core::fmt::LowerExp for f16>::fmt
 .text._ZN4core3fmt5float53_$LT$impl$u20$core..fmt..LowerExp$u20$for$u20$f32$GT$3fmt17h48c202800b407b9eE
                0xffff800040228a78       0x38 bin/obj/rslib.a(core-dca77d77b03929cc.core.bbd04c23a4fa3c72-cgu.0.rcgu.o)
                0xffff800040228a78                core::fmt::float::<impl core::fmt::LowerExp for f32>::fmt
 .text._ZN4core3fmt5float53_$LT$impl$u20$core..fmt..LowerExp$u20$for$u20$f64$GT$3fmt17h12fcc30f7b05009fE
                0xffff800040228ab0       0x38 bin/obj/rslib.a(core-dca77d77b03929cc.core.bbd04c23a4fa3c72-cgu.0.rcgu.o)
                0xffff800040228ab0                core::fmt::float::<impl core::fmt::LowerExp for f64>::fmt
 .text._ZN4core3fmt5float53_$LT$impl$u20$core..fmt..UpperExp$u20$for$u20$f16$GT$3fmt17h83654050f23ca0ecE
                0xffff800040228ae8       0x38 bin/obj/rslib.a(core-dca77d77b03929cc.core.bbd04c23a4fa3c72-cgu.0.rcgu.o)
                0xffff800040228ae8                core::fmt::float::<impl core::fmt::UpperExp for f16>::fmt
 .text._ZN4core3fmt5float53_$LT$impl$u20$core..fmt..UpperExp$u20$for$u20$f32$GT$3fmt17haac13dd2190c86bbE
                0xffff800040228b20       0x38 bin/obj/rslib.a(core-dca77d77b03929cc.core.bbd04c23a4fa3c72-cgu.0.rcgu.o)
                0xffff800040228b20                core::fmt::float::<impl core::fmt::UpperExp for f32>::fmt
 .text._ZN4core3fmt5float53_$LT$impl$u20$core..fmt..UpperExp$u20$for$u20$f64$GT$3fmt17hb5db0cd4a81cbe98E
                0xffff800040228b58       0x38 bin/obj/rslib.a(core-dca77d77b03929cc.core.bbd04c23a4fa3c72-cgu.0.rcgu.o)
                0xffff800040228b58                core::fmt::float::<impl core::fmt::UpperExp for f64>::fmt
 .text._ZN4core3fmt5write17h698d48d1740424bfE
                0xffff800040228b90      0x1fc bin/obj/rslib.a(core-dca77d77b03929cc.core.bbd04c23a4fa3c72-cgu.0.rcgu.o)
                0xffff800040228b90                core::fmt::write
 .text._ZN4core3fmt8builders10DebugTuple21finish_non_exhaustive17hd2c31e03f38e3753E
                0xffff800040228d8c       0xd8 bin/obj/rslib.a(core-dca77d77b03929cc.core.bbd04c23a4fa3c72-cgu.0.rcgu.o)
                0xffff800040228d8c                core::fmt::builders::DebugTuple::finish_non_exhaustive
 .text._ZN4core3fmt8builders10DebugTuple5field17h0c3dc53d82f7d67cE
                0xffff800040228e64      0x148 bin/obj/rslib.a(core-dca77d77b03929cc.core.bbd04c23a4fa3c72-cgu.0.rcgu.o)
                0xffff800040228e64                core::fmt::builders::DebugTuple::field
 .text._ZN4core3fmt8builders10DebugTuple6finish17he2f6749e23997c91E
                0xffff800040228fac       0xb4 bin/obj/rslib.a(core-dca77d77b03929cc.core.bbd04c23a4fa3c72-cgu.0.rcgu.o)
                0xffff800040228fac                core::fmt::builders::DebugTuple::finish
 .text._ZN4core3fmt8builders10PadAdapter4wrap17h0aa4106c3af43afeE
                0xffff800040229060       0x4c bin/obj/rslib.a(core-dca77d77b03929cc.core.bbd04c23a4fa3c72-cgu.0.rcgu.o)
                0xffff800040229060                core::fmt::builders::PadAdapter::wrap
 .text._ZN4core3fmt8builders11DebugStruct21finish_non_exhaustive17h9d430e37bcaaaa21E
                0xffff8000402290ac       0xdc bin/obj/rslib.a(core-dca77d77b03929cc.core.bbd04c23a4fa3c72-cgu.0.rcgu.o)
                0xffff8000402290ac                core::fmt::builders::DebugStruct::finish_non_exhaustive
 .text._ZN4core3fmt8builders11DebugStruct5field17hdd0b0d168b5ab83eE
                0xffff800040229188      0x1bc bin/obj/rslib.a(core-dca77d77b03929cc.core.bbd04c23a4fa3c72-cgu.0.rcgu.o)
                0xffff800040229188                core::fmt::builders::DebugStruct::field
 .text._ZN4core3fmt8builders11DebugStruct6finish17h3c820a47c4c345e7E
                0xffff800040229344       0x78 bin/obj/rslib.a(core-dca77d77b03929cc.core.bbd04c23a4fa3c72-cgu.0.rcgu.o)
                0xffff800040229344                core::fmt::builders::DebugStruct::finish
 .text._ZN4core3fmt8builders8DebugMap21finish_non_exhaustive17hc6fb43df59fedc4eE
                0xffff8000402293bc      0x110 bin/obj/rslib.a(core-dca77d77b03929cc.core.bbd04c23a4fa3c72-cgu.0.rcgu.o)
                0xffff8000402293bc                core::fmt::builders::DebugMap::finish_non_exhaustive
 .text._ZN4core3fmt8builders8DebugMap3key17h8e51fdb022aefab0E