
There are no discarded input sections

Memory Configuration

Name             Origin             Length             Attributes
*default*        0x0000000000000000 0xffffffffffffffff

Linker script and memory map

                0x0000000040000000                . = 0x40000000

.text           0x0000000040000000     0x7980
                0x0000000040000000                __text_start = .
 *(.text.boot)
 .text.boot     0x0000000040000000       0x40 bin/obj/__boot/boot.o
                0x0000000040000000                _start
 *(.text*)
 .text          0x0000000040000040       0x40 bin/obj/__arm/cache/cache.o
                0x0000000040000040                _cache_flush_range
 .text          0x0000000040000080       0x3c bin/obj/__arm/cache/icache.o
                0x0000000040000080                _icache_flush_range
 .text          0x00000000400000bc       0x3c bin/obj/__arm/cache/dcache.o
                0x00000000400000bc                _dcache_flush_range
 .text          0x00000000400000f8       0x74 bin/obj/__arm/sysregs.o
                0x00000000400000f8                _ARM_currentEL
                0x0000000040000104                _ARM_MPIDR_EL1
                0x000000004000010c                _ARM_ICC_SRE_EL2
                0x0000000040000114                _ARM_HCR_EL2
                0x000000004000011c                _ARM_ESR_EL2
                0x0000000040000124                _ARM_ELR_EL2
                0x000000004000012c                _ARM_FAR_EL2
                0x0000000040000134                _ARM_SPSR_EL2
                0x000000004000013c                _ARM_ESR_EL1
                0x0000000040000144                _ARM_ELR_EL1
                0x000000004000014c                _ARM_FAR_EL1
                0x0000000040000154                _ARM_SPSR_EL1
                0x000000004000015c                _ARM_SCTLR_EL1
                0x0000000040000164                _ARM_SCTLR_EL2
 *fill*         0x000000004000016c      0x694 
 .text          0x0000000040000800     0x1100 bin/obj/__arm/exceptions/el2_vectors.o
                0x0000000040000800                _el2_init_vector
 .text          0x0000000040001900       0x68 bin/obj/__arm/exceptions/exceptions.o
                0x0000000040001900                _exceptions_get_DAIF
                0x0000000040001908                _fiq_exceptions_enable
                0x0000000040001914                _irq_exceptions_enable
                0x0000000040001920                _serror_exceptions_enable
                0x000000004000192c                _debug_exceptions_enable
                0x0000000040001938                _fiq_exceptions_disable
                0x0000000040001944                _irq_exceptions_disable
                0x0000000040001950                _serror_exceptions_disable
                0x000000004000195c                _debug_exceptions_disable
 *fill*         0x0000000040001968      0x698 
 .text          0x0000000040002000     0x1100 bin/obj/__arm/exceptions/el1_vectors.o
                0x0000000040002000                _el1_init_vector
 .text          0x0000000040003100      0x250 bin/obj/__lib/memcpy/memcpy.o
                0x0000000040003100                _memcpy
                0x0000000040003210                _memcpy64
                0x0000000040003240                _memcpy32
                0x0000000040003270                _memcpy16
                0x00000000400032a0                _memcpy8
                0x00000000400032d0                _memcpy4
                0x0000000040003300                _memcpy2
                0x0000000040003330                _memcpy1
 .text          0x0000000040003350       0x58 bin/obj/__boot/clean_bss.o
                0x0000000040003350                _clean_bss
 .text          0x00000000400033a8        0x0 bin/obj/__boot/boot.o
 *fill*         0x00000000400033a8        0x8 
 .text          0x00000000400033b0       0xc0 bin/obj/__boot/el1.o
                0x00000000400033b0                _switch_to_el1
                0x0000000040003420                _el1_entry
 .text          0x0000000040003470       0x68 bin/obj/__boot/panic/panic.o
                0x0000000040003470                _panic_exception_save_gpr
 *fill*         0x00000000400034d8        0x8 
 .text          0x00000000400034e0       0x34 bin/obj/__drivers/interrupts/gicv3/gicv3_arm_interface.o
                0x00000000400034e0                GICV3_ARM_ICC_SRE_EL1_write
                0x00000000400034ec                GICV3_ARM_ICC_PMR_EL1_write
                0x00000000400034f8                GICV3_ARM_ICC_IGRPEN1_EL1_EL1_write
                0x0000000040003504                GICV3_ARM_ICC_IAR1_EL1_read
                0x000000004000350c                GICV3_ARM_ICC_EOIR1_EL1_write
 .text          0x0000000040003514       0xa8 bin/obj/kernel/init.o
                0x0000000040003514                kernel_init
 .text          0x00000000400035bc      0x228 bin/obj/kernel/irq/handlers/uart.o
                0x0000000040003664                kernel_uart1_irq_handler
                0x00000000400036b8                kernel_uart2_irq_handler
                0x000000004000373c                kernel_uart3_irq_handler
                0x0000000040003790                kernel_uart4_irq_handler
 .text          0x00000000400037e4       0xdc bin/obj/kernel/irq/irq.o
                0x0000000040003894                kernel_handle_irq
 .text          0x00000000400038c0        0x0 bin/obj/kernel/malloc/buddy_allocator.o
 .text          0x00000000400038c0       0x24 bin/obj/kernel/kernel_entry.o
                0x00000000400038c0                kernel_entry
 .text          0x00000000400038e4       0x58 bin/obj/arm/cpu.o
                0x00000000400038e4                ARM_get_cpu_affinity
 .text          0x000000004000393c       0x54 bin/obj/arm/exceptions/handlers/el1/el1_cur_sp0_fiq.o
                0x000000004000393c                el1_cur_sp0_fiq_handler
 .text          0x0000000040003990       0x54 bin/obj/arm/exceptions/handlers/el1/el1_low_a32_serror.o
                0x0000000040003990                el1_low_a32_serror_handler
 .text          0x00000000400039e4       0x54 bin/obj/arm/exceptions/handlers/el1/el1_low_a32_fiq.o
                0x00000000400039e4                el1_low_a32_fiq_handler
 .text          0x0000000040003a38       0x54 bin/obj/arm/exceptions/handlers/el1/el1_low_a64_sync.o
                0x0000000040003a38                el1_low_a64_sync_handler
 .text          0x0000000040003a8c       0x54 bin/obj/arm/exceptions/handlers/el1/el1_cur_spx_sync.o
                0x0000000040003a8c                el1_cur_spx_sync_handler
 .text          0x0000000040003ae0       0x54 bin/obj/arm/exceptions/handlers/el1/el1_cur_spx_fiq.o
                0x0000000040003ae0                el1_cur_spx_fiq_handler
 .text          0x0000000040003b34       0x30 bin/obj/arm/exceptions/handlers/el1/el1_cur_spx_irq.o
                0x0000000040003b34                el1_cur_spx_irq_handler
 .text          0x0000000040003b64       0x54 bin/obj/arm/exceptions/handlers/el1/el1_cur_spx_serror.o
                0x0000000040003b64                el1_cur_spx_serror_handler
 .text          0x0000000040003bb8       0x54 bin/obj/arm/exceptions/handlers/el1/el1_low_a32_irq.o
                0x0000000040003bb8                el1_low_a32_irq_handler
 .text          0x0000000040003c0c       0x54 bin/obj/arm/exceptions/handlers/el1/el1_low_a64_fiq.o
                0x0000000040003c0c                el1_low_a64_fiq_handler
 .text          0x0000000040003c60       0x54 bin/obj/arm/exceptions/handlers/el1/el1_low_a64_irq.o
                0x0000000040003c60                el1_low_a64_irq_handler
 .text          0x0000000040003cb4       0x54 bin/obj/arm/exceptions/handlers/el1/el1_cur_sp0_sync.o
                0x0000000040003cb4                el1_cur_sp0_sync_handler
 .text          0x0000000040003d08       0x54 bin/obj/arm/exceptions/handlers/el1/el1_cur_sp0_irq.o
                0x0000000040003d08                el1_cur_sp0_irq_handler
 .text          0x0000000040003d5c       0x54 bin/obj/arm/exceptions/handlers/el1/el1_low_a64_serror.o
                0x0000000040003d5c                el1_low_a64_serror_handler
 .text          0x0000000040003db0       0x54 bin/obj/arm/exceptions/handlers/el1/el1_low_a32_sync.o
                0x0000000040003db0                el1_low_a32_sync_handler
 .text          0x0000000040003e04       0x54 bin/obj/arm/exceptions/handlers/el1/el1_cur_sp0_serror.o
                0x0000000040003e04                el1_cur_sp0_serror_handler
 .text          0x0000000040003e58       0x54 bin/obj/arm/exceptions/handlers/el2/el2_low_a32_serror.o
                0x0000000040003e58                el2_low_a32_serror_handler
 .text          0x0000000040003eac       0x54 bin/obj/arm/exceptions/handlers/el2/el2_cur_spx_serror.o
                0x0000000040003eac                el2_cur_spx_serror_handler
 .text          0x0000000040003f00       0x54 bin/obj/arm/exceptions/handlers/el2/el2_low_a64_serror.o
                0x0000000040003f00                el2_low_a64_serror_handler
 .text          0x0000000040003f54       0x54 bin/obj/arm/exceptions/handlers/el2/el2_low_a64_sync.o
                0x0000000040003f54                el2_low_a64_sync_handler
 .text          0x0000000040003fa8       0x54 bin/obj/arm/exceptions/handlers/el2/el2_cur_sp0_irq.o
                0x0000000040003fa8                el2_cur_sp0_irq_handler
 .text          0x0000000040003ffc       0x54 bin/obj/arm/exceptions/handlers/el2/el2_cur_sp0_serror.o
                0x0000000040003ffc                el2_cur_sp0_serror_handler
 .text          0x0000000040004050       0x54 bin/obj/arm/exceptions/handlers/el2/el2_low_a64_irq.o
                0x0000000040004050                el2_low_a64_irq_handler
 .text          0x00000000400040a4       0x54 bin/obj/arm/exceptions/handlers/el2/el2_low_a64_fiq.o
                0x00000000400040a4                el2_low_a64_fiq_handler
 .text          0x00000000400040f8       0x54 bin/obj/arm/exceptions/handlers/el2/el2_cur_spx_fiq.o
                0x00000000400040f8                el2_cur_spx_fiq_handler
 .text          0x000000004000414c       0x54 bin/obj/arm/exceptions/handlers/el2/el2_low_a32_irq.o
                0x000000004000414c                el2_low_a32_irq_handler
 .text          0x00000000400041a0       0x54 bin/obj/arm/exceptions/handlers/el2/el2_cur_sp0_fiq.o
                0x00000000400041a0                el2_cur_sp0_fiq_handler
 .text          0x00000000400041f4       0x54 bin/obj/arm/exceptions/handlers/el2/el2_low_a32_fiq.o
                0x00000000400041f4                el2_low_a32_fiq_handler
 .text          0x0000000040004248       0x54 bin/obj/arm/exceptions/handlers/el2/el2_cur_spx_sync.o
                0x0000000040004248                el2_cur_spx_sync_handler
 .text          0x000000004000429c       0x54 bin/obj/arm/exceptions/handlers/el2/el2_low_a32_sync.o
                0x000000004000429c                el2_low_a32_sync_handler
 .text          0x00000000400042f0       0x54 bin/obj/arm/exceptions/handlers/el2/el2_cur_sp0_sync.o
                0x00000000400042f0                el2_cur_sp0_sync_handler
 .text          0x0000000040004344       0x54 bin/obj/arm/exceptions/handlers/el2/el2_cur_spx_irq.o
                0x0000000040004344                el2_cur_spx_irq_handler
 .text          0x0000000040004398      0x2ac bin/obj/arm/exceptions/exceptions.o
                0x0000000040004398                ARM_exceptions_get_status
                0x000000004000442c                ARM_exceptions_set_status
                0x0000000040004548                ARM_exceptions_enable
                0x00000000400045bc                ARM_exceptions_disable
                0x0000000040004630                ARM_get_exception_level
 .text          0x0000000040004644      0x7ec bin/obj/lib/string.o
                0x0000000040004644                strcopy
                0x00000000400046d8                uint8_to_ascii_char
                0x0000000040004750                stdint_to_ascii
 .text          0x0000000040004e30      0x418 bin/obj/lib/memcpy/memcpy.o
                0x0000000040004e30                memcpy64_aligned
                0x0000000040004f84                memcpy64
                0x0000000040005020                test_memcpy
 .text          0x0000000040005248      0x80c bin/obj/boot/panic/panic.o
                0x0000000040005248                init_panic
                0x0000000040005350                set_panic
                0x00000000400053d0                panic
                0x00000000400055b8                set_and_throw_panic
 .text          0x0000000040005a54      0xcc8 bin/obj/drivers/interrupts/gicv3/gicv3.o
                0x00000000400061dc                GICV3_set_spi_group1ns
                0x000000004000624c                GICV3_route_spi_to_cpu
                0x00000000400062c8                GICV3_route_spi_to_self
                0x00000000400062f0                GICV3_enable_spi
                0x0000000040006340                GICV3_set_priority
                0x00000000400063b0                GICV3_set_edge_triggered
                0x000000004000641c                GICV3_set_level_sensitive
                0x0000000040006488                GICV3_wake_redistributor
                0x0000000040006524                GICV3_init_distributor
                0x0000000040006560                GICV3_init_cpu
                0x0000000040006584                uart_irq_init
                0x00000000400065d0                GICV3_get_intid_el1
                0x00000000400065e8                GICV3_imx8mp_irq_from_intid
                0x00000000400066fc                GICV3_ack_intid_el1
 .text          0x000000004000671c        0x0 bin/obj/drivers/interrupts/irq.o
 .text          0x000000004000671c     0x1230 bin/obj/drivers/uart/uart.o
                0x00000000400071b0                UART_putc
                0x0000000040007218                UART_puts
                0x0000000040007268                UART_reset
                0x00000000400072c0                UART_init
                0x0000000040007550                UART_read
                0x00000000400075c4                UART_get_irq_sources
                0x0000000040007980                . = ALIGN (0x40)
 *fill*         0x000000004000794c       0x34 
                0x0000000040007980                __text_end = .

.iplt           0x0000000040007980        0x0
 .iplt          0x0000000040007980        0x0 bin/obj/__arm/exceptions/el2_vectors.o

.vectors        0x0000000040008000      0xfc0
                0x0000000040008000                __vectors_start = .
 *(.vectors)
 .vectors       0x0000000040008000      0x784 bin/obj/__arm/exceptions/el2_vectors.o
                0x0000000040008000                _el2_vector_table
 *fill*         0x0000000040008784       0x7c 
 .vectors       0x0000000040008800      0x784 bin/obj/__arm/exceptions/el1_vectors.o
                0x0000000040008800                _el1_vector_table
                0x0000000040008fc0                . = ALIGN (0x40)
 *fill*         0x0000000040008f84       0x3c 
                0x0000000040008fc0                __vectors_end = .

.rela.dyn       0x0000000040008fc0        0x0
 .rela.iplt     0x0000000040008fc0        0x0 bin/obj/__arm/exceptions/el2_vectors.o
 .rela.text     0x0000000040008fc0        0x0 bin/obj/__arm/exceptions/el2_vectors.o
 .rela.text.boot
                0x0000000040008fc0        0x0 bin/obj/__arm/exceptions/el2_vectors.o

.rodata         0x0000000040008fc0     0x1380
 *(.rodata*)
 .rodata        0x0000000040008fc0       0xb2 bin/obj/kernel/irq/handlers/uart.o
 *fill*         0x0000000040009072        0x6 
 .rodata        0x0000000040009078       0x26 bin/obj/kernel/irq/irq.o
 *fill*         0x000000004000909e        0x2 
 .rodata        0x00000000400090a0        0xf bin/obj/kernel/kernel_entry.o
 *fill*         0x00000000400090af        0x1 
 .rodata        0x00000000400090b0       0x53 bin/obj/arm/exceptions/handlers/el1/el1_cur_sp0_fiq.o
 *fill*         0x0000000040009103        0x5 
 .rodata        0x0000000040009108       0x56 bin/obj/arm/exceptions/handlers/el1/el1_low_a32_serror.o
 *fill*         0x000000004000915e        0x2 
 .rodata        0x0000000040009160       0x53 bin/obj/arm/exceptions/handlers/el1/el1_low_a32_fiq.o
 *fill*         0x00000000400091b3        0x5 
 .rodata        0x00000000400091b8       0x54 bin/obj/arm/exceptions/handlers/el1/el1_low_a64_sync.o
 *fill*         0x000000004000920c        0x4 
 .rodata        0x0000000040009210       0x54 bin/obj/arm/exceptions/handlers/el1/el1_cur_spx_sync.o
 *fill*         0x0000000040009264        0x4 
 .rodata        0x0000000040009268       0x53 bin/obj/arm/exceptions/handlers/el1/el1_cur_spx_fiq.o
 *fill*         0x00000000400092bb        0x5 
 .rodata        0x00000000400092c0       0x56 bin/obj/arm/exceptions/handlers/el1/el1_cur_spx_serror.o
 *fill*         0x0000000040009316        0x2 
 .rodata        0x0000000040009318       0x53 bin/obj/arm/exceptions/handlers/el1/el1_low_a32_irq.o
 *fill*         0x000000004000936b        0x5 
 .rodata        0x0000000040009370       0x53 bin/obj/arm/exceptions/handlers/el1/el1_low_a64_fiq.o
 *fill*         0x00000000400093c3        0x5 
 .rodata        0x00000000400093c8       0x53 bin/obj/arm/exceptions/handlers/el1/el1_low_a64_irq.o
 *fill*         0x000000004000941b        0x5 
 .rodata        0x0000000040009420       0x54 bin/obj/arm/exceptions/handlers/el1/el1_cur_sp0_sync.o
 *fill*         0x0000000040009474        0x4 
 .rodata        0x0000000040009478       0x53 bin/obj/arm/exceptions/handlers/el1/el1_cur_sp0_irq.o
 *fill*         0x00000000400094cb        0x5 
 .rodata        0x00000000400094d0       0x56 bin/obj/arm/exceptions/handlers/el1/el1_low_a64_serror.o
 *fill*         0x0000000040009526        0x2 
 .rodata        0x0000000040009528       0x54 bin/obj/arm/exceptions/handlers/el1/el1_low_a32_sync.o
 *fill*         0x000000004000957c        0x4 
 .rodata        0x0000000040009580       0x56 bin/obj/arm/exceptions/handlers/el1/el1_cur_sp0_serror.o
 *fill*         0x00000000400095d6        0x2 
 .rodata        0x00000000400095d8       0x56 bin/obj/arm/exceptions/handlers/el2/el2_low_a32_serror.o
 *fill*         0x000000004000962e        0x2 
 .rodata        0x0000000040009630       0x56 bin/obj/arm/exceptions/handlers/el2/el2_cur_spx_serror.o
 *fill*         0x0000000040009686        0x2 
 .rodata        0x0000000040009688       0x56 bin/obj/arm/exceptions/handlers/el2/el2_low_a64_serror.o
 *fill*         0x00000000400096de        0x2 
 .rodata        0x00000000400096e0       0x54 bin/obj/arm/exceptions/handlers/el2/el2_low_a64_sync.o
 *fill*         0x0000000040009734        0x4 
 .rodata        0x0000000040009738       0x53 bin/obj/arm/exceptions/handlers/el2/el2_cur_sp0_irq.o
 *fill*         0x000000004000978b        0x5 
 .rodata        0x0000000040009790       0x56 bin/obj/arm/exceptions/handlers/el2/el2_cur_sp0_serror.o
 *fill*         0x00000000400097e6        0x2 
 .rodata        0x00000000400097e8       0x53 bin/obj/arm/exceptions/handlers/el2/el2_low_a64_irq.o
 *fill*         0x000000004000983b        0x5 
 .rodata        0x0000000040009840       0x53 bin/obj/arm/exceptions/handlers/el2/el2_low_a64_fiq.o
 *fill*         0x0000000040009893        0x5 
 .rodata        0x0000000040009898       0x53 bin/obj/arm/exceptions/handlers/el2/el2_cur_spx_fiq.o
 *fill*         0x00000000400098eb        0x5 
 .rodata        0x00000000400098f0       0x53 bin/obj/arm/exceptions/handlers/el2/el2_low_a32_irq.o
 *fill*         0x0000000040009943        0x5 
 .rodata        0x0000000040009948       0x53 bin/obj/arm/exceptions/handlers/el2/el2_cur_sp0_fiq.o
 *fill*         0x000000004000999b        0x5 
 .rodata        0x00000000400099a0       0x53 bin/obj/arm/exceptions/handlers/el2/el2_low_a32_fiq.o
 *fill*         0x00000000400099f3        0x5 
 .rodata        0x00000000400099f8       0x54 bin/obj/arm/exceptions/handlers/el2/el2_cur_spx_sync.o
 *fill*         0x0000000040009a4c        0x4 
 .rodata        0x0000000040009a50       0x54 bin/obj/arm/exceptions/handlers/el2/el2_low_a32_sync.o
 *fill*         0x0000000040009aa4        0x4 
 .rodata        0x0000000040009aa8       0x54 bin/obj/arm/exceptions/handlers/el2/el2_cur_sp0_sync.o
 *fill*         0x0000000040009afc        0x4 
 .rodata        0x0000000040009b00       0x53 bin/obj/arm/exceptions/handlers/el2/el2_cur_spx_irq.o
 *fill*         0x0000000040009b53        0x5 
 .rodata        0x0000000040009b58       0x41 bin/obj/arm/exceptions/exceptions.o
 *fill*         0x0000000040009b99        0x7 
 .rodata        0x0000000040009ba0      0x115 bin/obj/lib/string.o
 *fill*         0x0000000040009cb5        0x3 
 .rodata        0x0000000040009cb8      0x116 bin/obj/lib/memcpy/memcpy.o
 *fill*         0x0000000040009dce        0x2 
 .rodata        0x0000000040009dd0      0x2be bin/obj/boot/panic/panic.o
 *fill*         0x000000004000a08e        0x2 
 .rodata        0x000000004000a090      0x266 bin/obj/drivers/interrupts/gicv3/gicv3.o
 *fill*         0x000000004000a2f6        0x2 
 .rodata        0x000000004000a2f8       0x38 bin/obj/drivers/uart/uart.o
 *(.rodata.*)
                0x000000004000a330                . = ALIGN (0x8)
                0x000000004000a330                __kernel_init_start = .
 *(.kernel_init)
 .kernel_init   0x000000004000a330        0x8 bin/obj/kernel/irq/irq.o
                0x000000004000a338                . = ALIGN (0x8)
                0x000000004000a338                __kernel_init_end = .
                0x000000004000a340                . = ALIGN (0x10)
 *fill*         0x000000004000a338        0x8 

.data           0x000000004000a340       0x40
 *(.data*)
 .data          0x000000004000a340        0x0 bin/obj/__arm/cache/cache.o
 .data          0x000000004000a340        0x0 bin/obj/__arm/cache/icache.o
 .data          0x000000004000a340        0x0 bin/obj/__arm/cache/dcache.o
 .data          0x000000004000a340        0x0 bin/obj/__arm/sysregs.o
 .data          0x000000004000a340        0x0 bin/obj/__arm/exceptions/el2_vectors.o
 .data          0x000000004000a340        0x0 bin/obj/__arm/exceptions/exceptions.o
 .data          0x000000004000a340        0x0 bin/obj/__arm/exceptions/el1_vectors.o
 .data          0x000000004000a340        0x0 bin/obj/__lib/memcpy/memcpy.o
 .data          0x000000004000a340        0x0 bin/obj/__boot/clean_bss.o
 .data          0x000000004000a340        0x0 bin/obj/__boot/boot.o
 .data          0x000000004000a340        0x0 bin/obj/__boot/el1.o
 .data          0x000000004000a340        0x0 bin/obj/__boot/panic/panic.o
 .data          0x000000004000a340        0x0 bin/obj/__drivers/interrupts/gicv3/gicv3_arm_interface.o
 .data          0x000000004000a340        0x0 bin/obj/kernel/init.o
 .data          0x000000004000a340        0x0 bin/obj/kernel/irq/handlers/uart.o
 .data          0x000000004000a340        0x0 bin/obj/kernel/irq/irq.o
 .data          0x000000004000a340        0x0 bin/obj/kernel/malloc/buddy_allocator.o
 .data          0x000000004000a340        0x0 bin/obj/kernel/kernel_entry.o
 .data          0x000000004000a340        0x0 bin/obj/arm/cpu.o
 .data          0x000000004000a340        0x0 bin/obj/arm/exceptions/handlers/el1/el1_cur_sp0_fiq.o
 .data          0x000000004000a340        0x0 bin/obj/arm/exceptions/handlers/el1/el1_low_a32_serror.o
 .data          0x000000004000a340        0x0 bin/obj/arm/exceptions/handlers/el1/el1_low_a32_fiq.o
 .data          0x000000004000a340        0x0 bin/obj/arm/exceptions/handlers/el1/el1_low_a64_sync.o
 .data          0x000000004000a340        0x0 bin/obj/arm/exceptions/handlers/el1/el1_cur_spx_sync.o
 .data          0x000000004000a340        0x0 bin/obj/arm/exceptions/handlers/el1/el1_cur_spx_fiq.o
 .data          0x000000004000a340        0x0 bin/obj/arm/exceptions/handlers/el1/el1_cur_spx_irq.o
 .data          0x000000004000a340        0x0 bin/obj/arm/exceptions/handlers/el1/el1_cur_spx_serror.o
 .data          0x000000004000a340        0x0 bin/obj/arm/exceptions/handlers/el1/el1_low_a32_irq.o
 .data          0x000000004000a340        0x0 bin/obj/arm/exceptions/handlers/el1/el1_low_a64_fiq.o
 .data          0x000000004000a340        0x0 bin/obj/arm/exceptions/handlers/el1/el1_low_a64_irq.o
 .data          0x000000004000a340        0x0 bin/obj/arm/exceptions/handlers/el1/el1_cur_sp0_sync.o
 .data          0x000000004000a340        0x0 bin/obj/arm/exceptions/handlers/el1/el1_cur_sp0_irq.o
 .data          0x000000004000a340        0x0 bin/obj/arm/exceptions/handlers/el1/el1_low_a64_serror.o
 .data          0x000000004000a340        0x0 bin/obj/arm/exceptions/handlers/el1/el1_low_a32_sync.o
 .data          0x000000004000a340        0x0 bin/obj/arm/exceptions/handlers/el1/el1_cur_sp0_serror.o
 .data          0x000000004000a340        0x0 bin/obj/arm/exceptions/handlers/el2/el2_low_a32_serror.o
 .data          0x000000004000a340        0x0 bin/obj/arm/exceptions/handlers/el2/el2_cur_spx_serror.o
 .data          0x000000004000a340        0x0 bin/obj/arm/exceptions/handlers/el2/el2_low_a64_serror.o
 .data          0x000000004000a340        0x0 bin/obj/arm/exceptions/handlers/el2/el2_low_a64_sync.o
 .data          0x000000004000a340        0x0 bin/obj/arm/exceptions/handlers/el2/el2_cur_sp0_irq.o
 .data          0x000000004000a340        0x0 bin/obj/arm/exceptions/handlers/el2/el2_cur_sp0_serror.o
 .data          0x000000004000a340        0x0 bin/obj/arm/exceptions/handlers/el2/el2_low_a64_irq.o
 .data          0x000000004000a340        0x0 bin/obj/arm/exceptions/handlers/el2/el2_low_a64_fiq.o
 .data          0x000000004000a340        0x0 bin/obj/arm/exceptions/handlers/el2/el2_cur_spx_fiq.o
 .data          0x000000004000a340        0x0 bin/obj/arm/exceptions/handlers/el2/el2_low_a32_irq.o
 .data          0x000000004000a340        0x0 bin/obj/arm/exceptions/handlers/el2/el2_cur_sp0_fiq.o
 .data          0x000000004000a340        0x0 bin/obj/arm/exceptions/handlers/el2/el2_low_a32_fiq.o
 .data          0x000000004000a340        0x0 bin/obj/arm/exceptions/handlers/el2/el2_cur_spx_sync.o
 .data          0x000000004000a340        0x0 bin/obj/arm/exceptions/handlers/el2/el2_low_a32_sync.o
 .data          0x000000004000a340        0x0 bin/obj/arm/exceptions/handlers/el2/el2_cur_sp0_sync.o
 .data          0x000000004000a340        0x0 bin/obj/arm/exceptions/handlers/el2/el2_cur_spx_irq.o
 .data          0x000000004000a340        0x0 bin/obj/arm/exceptions/exceptions.o
 .data          0x000000004000a340        0x0 bin/obj/lib/string.o
 .data          0x000000004000a340        0x0 bin/obj/lib/memcpy/memcpy.o
 .data          0x000000004000a340       0x40 bin/obj/boot/panic/panic.o
 .data          0x000000004000a380        0x0 bin/obj/drivers/interrupts/gicv3/gicv3.o
 .data          0x000000004000a380        0x0 bin/obj/drivers/interrupts/irq.o
 .data          0x000000004000a380        0x0 bin/obj/drivers/uart/uart.o
                0x000000004000a380                . = ALIGN (0x10)

.igot.plt       0x000000004000a380        0x0
 .igot.plt      0x000000004000a380        0x0 bin/obj/__arm/exceptions/el2_vectors.o

.bss            0x000000004000a380   0xc01a40
                0x000000004000a380                __bss_start = .
 *(.bss*)
 .bss           0x000000004000a380        0x0 bin/obj/__arm/cache/cache.o
 .bss           0x000000004000a380        0x0 bin/obj/__arm/cache/icache.o
 .bss           0x000000004000a380        0x0 bin/obj/__arm/cache/dcache.o
 .bss           0x000000004000a380        0x0 bin/obj/__arm/sysregs.o
 .bss           0x000000004000a380        0x0 bin/obj/__arm/exceptions/el2_vectors.o
 .bss           0x000000004000a380        0x0 bin/obj/__arm/exceptions/exceptions.o
 .bss           0x000000004000a380        0x0 bin/obj/__arm/exceptions/el1_vectors.o
 .bss           0x000000004000a380        0x0 bin/obj/__lib/memcpy/memcpy.o
 .bss           0x000000004000a380        0x0 bin/obj/__boot/clean_bss.o
 .bss           0x000000004000a380        0x0 bin/obj/__boot/boot.o
 .bss           0x000000004000a380        0x0 bin/obj/__boot/el1.o
 .bss           0x000000004000a380        0x0 bin/obj/__boot/panic/panic.o
 .bss           0x000000004000a380        0x0 bin/obj/__drivers/interrupts/gicv3/gicv3_arm_interface.o
 .bss           0x000000004000a380        0x0 bin/obj/kernel/init.o
 .bss           0x000000004000a380        0x0 bin/obj/kernel/irq/handlers/uart.o
 .bss           0x000000004000a380      0x500 bin/obj/kernel/irq/irq.o
 .bss           0x000000004000a880        0x0 bin/obj/kernel/malloc/buddy_allocator.o
 .bss           0x000000004000a880        0x0 bin/obj/kernel/kernel_entry.o
 .bss           0x000000004000a880        0x0 bin/obj/arm/cpu.o
 .bss           0x000000004000a880        0x0 bin/obj/arm/exceptions/handlers/el1/el1_cur_sp0_fiq.o
 .bss           0x000000004000a880        0x0 bin/obj/arm/exceptions/handlers/el1/el1_low_a32_serror.o
 .bss           0x000000004000a880        0x0 bin/obj/arm/exceptions/handlers/el1/el1_low_a32_fiq.o
 .bss           0x000000004000a880        0x0 bin/obj/arm/exceptions/handlers/el1/el1_low_a64_sync.o
 .bss           0x000000004000a880        0x0 bin/obj/arm/exceptions/handlers/el1/el1_cur_spx_sync.o
 .bss           0x000000004000a880        0x0 bin/obj/arm/exceptions/handlers/el1/el1_cur_spx_fiq.o
 .bss           0x000000004000a880        0x0 bin/obj/arm/exceptions/handlers/el1/el1_cur_spx_irq.o
 .bss           0x000000004000a880        0x0 bin/obj/arm/exceptions/handlers/el1/el1_cur_spx_serror.o
 .bss           0x000000004000a880        0x0 bin/obj/arm/exceptions/handlers/el1/el1_low_a32_irq.o
 .bss           0x000000004000a880        0x0 bin/obj/arm/exceptions/handlers/el1/el1_low_a64_fiq.o
 .bss           0x000000004000a880        0x0 bin/obj/arm/exceptions/handlers/el1/el1_low_a64_irq.o
 .bss           0x000000004000a880        0x0 bin/obj/arm/exceptions/handlers/el1/el1_cur_sp0_sync.o
 .bss           0x000000004000a880        0x0 bin/obj/arm/exceptions/handlers/el1/el1_cur_sp0_irq.o
 .bss           0x000000004000a880        0x0 bin/obj/arm/exceptions/handlers/el1/el1_low_a64_serror.o
 .bss           0x000000004000a880        0x0 bin/obj/arm/exceptions/handlers/el1/el1_low_a32_sync.o
 .bss           0x000000004000a880        0x0 bin/obj/arm/exceptions/handlers/el1/el1_cur_sp0_serror.o
 .bss           0x000000004000a880        0x0 bin/obj/arm/exceptions/handlers/el2/el2_low_a32_serror.o
 .bss           0x000000004000a880        0x0 bin/obj/arm/exceptions/handlers/el2/el2_cur_spx_serror.o
 .bss           0x000000004000a880        0x0 bin/obj/arm/exceptions/handlers/el2/el2_low_a64_serror.o
 .bss           0x000000004000a880        0x0 bin/obj/arm/exceptions/handlers/el2/el2_low_a64_sync.o
 .bss           0x000000004000a880        0x0 bin/obj/arm/exceptions/handlers/el2/el2_cur_sp0_irq.o
 .bss           0x000000004000a880        0x0 bin/obj/arm/exceptions/handlers/el2/el2_cur_sp0_serror.o
 .bss           0x000000004000a880        0x0 bin/obj/arm/exceptions/handlers/el2/el2_low_a64_irq.o
 .bss           0x000000004000a880        0x0 bin/obj/arm/exceptions/handlers/el2/el2_low_a64_fiq.o
 .bss           0x000000004000a880        0x0 bin/obj/arm/exceptions/handlers/el2/el2_cur_spx_fiq.o
 .bss           0x000000004000a880        0x0 bin/obj/arm/exceptions/handlers/el2/el2_low_a32_irq.o
 .bss           0x000000004000a880        0x0 bin/obj/arm/exceptions/handlers/el2/el2_cur_sp0_fiq.o
 .bss           0x000000004000a880        0x0 bin/obj/arm/exceptions/handlers/el2/el2_low_a32_fiq.o
 .bss           0x000000004000a880        0x0 bin/obj/arm/exceptions/handlers/el2/el2_cur_spx_sync.o
 .bss           0x000000004000a880        0x0 bin/obj/arm/exceptions/handlers/el2/el2_low_a32_sync.o
 .bss           0x000000004000a880        0x0 bin/obj/arm/exceptions/handlers/el2/el2_cur_sp0_sync.o
 .bss           0x000000004000a880        0x0 bin/obj/arm/exceptions/handlers/el2/el2_cur_spx_irq.o
 .bss           0x000000004000a880        0x0 bin/obj/arm/exceptions/exceptions.o
 .bss           0x000000004000a880        0x0 bin/obj/lib/string.o
 .bss           0x000000004000a880   0xc00000 bin/obj/lib/memcpy/memcpy.o
                0x000000004000a880                src
                0x000000004040a880                dst
                0x000000004080a880                ref
 .bss           0x0000000040c0a880     0x1530 bin/obj/boot/panic/panic.o
                0x0000000040c0a880                PANIC_MESSAGE_BUF_SIZE
                0x0000000040c0a888                PANIC_FILE_BUF_SIZE
                0x0000000040c0a890                PANIC_MESSAGE_BUF_PTR
                0x0000000040c0a898                PANIC_FILE_BUF_PTR
                0x0000000040c0a8a0                PANIC_LINE
                0x0000000040c0a8a4                PANIC_COL
                0x0000000040c0a8a8                PANIC_REASON
                0x0000000040c0a8b0                PANIC_REGISTERS
 .bss           0x0000000040c0bdb0        0x0 bin/obj/drivers/interrupts/gicv3/gicv3.o
 .bss           0x0000000040c0bdb0        0x0 bin/obj/drivers/interrupts/irq.o
 .bss           0x0000000040c0bdb0        0x0 bin/obj/drivers/uart/uart.o
 *(COMMON)
                0x0000000040c0bdc0                . = ALIGN (0x40)
 *fill*         0x0000000040c0bdb0       0x10 
                0x0000000040c0bdc0                __bss_end = .

.stacks         0x0000000040c0c000   0xf00000
                0x0000000040c0c000                . = ALIGN (0x10)
                0x0000000040c0c000                __stack_el2_bottom = .
                0x000000004110c000                . = (. + 0x500000)
 *fill*         0x0000000040c0c000   0x500000 
                0x000000004110c000                __stack_el2_top = .
                0x000000004110c000                . = ALIGN (0x10)
                0x000000004110c000                __stack_el1_bottom = .
                0x000000004160c000                . = (. + 0x500000)
 *fill*         0x000000004110c000   0x500000 
                0x000000004160c000                __stack_el1_top = .
                0x000000004160c000                . = ALIGN (0x10)
                0x000000004160c000                __stack_el0_bottom = .
                0x0000000041b0c000                . = (. + 0x500000)
 *fill*         0x000000004160c000   0x500000 
                0x0000000041b0c000                __stack_el0_top = .
LOAD bin/obj/__arm/cache/cache.o
LOAD bin/obj/__arm/cache/icache.o
LOAD bin/obj/__arm/cache/dcache.o
LOAD bin/obj/__arm/sysregs.o
LOAD bin/obj/__arm/exceptions/el2_vectors.o
LOAD bin/obj/__arm/exceptions/exceptions.o
LOAD bin/obj/__arm/exceptions/el1_vectors.o
LOAD bin/obj/__lib/memcpy/memcpy.o
LOAD bin/obj/__boot/clean_bss.o
LOAD bin/obj/__boot/boot.o
LOAD bin/obj/__boot/el1.o
LOAD bin/obj/__boot/panic/panic.o
LOAD bin/obj/__drivers/interrupts/gicv3/gicv3_arm_interface.o
LOAD bin/obj/kernel/init.o
LOAD bin/obj/kernel/irq/handlers/uart.o
LOAD bin/obj/kernel/irq/irq.o
LOAD bin/obj/kernel/malloc/buddy_allocator.o
LOAD bin/obj/kernel/kernel_entry.o
LOAD bin/obj/arm/cpu.o
LOAD bin/obj/arm/exceptions/handlers/el1/el1_cur_sp0_fiq.o
LOAD bin/obj/arm/exceptions/handlers/el1/el1_low_a32_serror.o
LOAD bin/obj/arm/exceptions/handlers/el1/el1_low_a32_fiq.o
LOAD bin/obj/arm/exceptions/handlers/el1/el1_low_a64_sync.o
LOAD bin/obj/arm/exceptions/handlers/el1/el1_cur_spx_sync.o
LOAD bin/obj/arm/exceptions/handlers/el1/el1_cur_spx_fiq.o
LOAD bin/obj/arm/exceptions/handlers/el1/el1_cur_spx_irq.o
LOAD bin/obj/arm/exceptions/handlers/el1/el1_cur_spx_serror.o
LOAD bin/obj/arm/exceptions/handlers/el1/el1_low_a32_irq.o
LOAD bin/obj/arm/exceptions/handlers/el1/el1_low_a64_fiq.o
LOAD bin/obj/arm/exceptions/handlers/el1/el1_low_a64_irq.o
LOAD bin/obj/arm/exceptions/handlers/el1/el1_cur_sp0_sync.o
LOAD bin/obj/arm/exceptions/handlers/el1/el1_cur_sp0_irq.o
LOAD bin/obj/arm/exceptions/handlers/el1/el1_low_a64_serror.o
LOAD bin/obj/arm/exceptions/handlers/el1/el1_low_a32_sync.o
LOAD bin/obj/arm/exceptions/handlers/el1/el1_cur_sp0_serror.o
LOAD bin/obj/arm/exceptions/handlers/el2/el2_low_a32_serror.o
LOAD bin/obj/arm/exceptions/handlers/el2/el2_cur_spx_serror.o
LOAD bin/obj/arm/exceptions/handlers/el2/el2_low_a64_serror.o
LOAD bin/obj/arm/exceptions/handlers/el2/el2_low_a64_sync.o
LOAD bin/obj/arm/exceptions/handlers/el2/el2_cur_sp0_irq.o
LOAD bin/obj/arm/exceptions/handlers/el2/el2_cur_sp0_serror.o
LOAD bin/obj/arm/exceptions/handlers/el2/el2_low_a64_irq.o
LOAD bin/obj/arm/exceptions/handlers/el2/el2_low_a64_fiq.o
LOAD bin/obj/arm/exceptions/handlers/el2/el2_cur_spx_fiq.o
LOAD bin/obj/arm/exceptions/handlers/el2/el2_low_a32_irq.o
LOAD bin/obj/arm/exceptions/handlers/el2/el2_cur_sp0_fiq.o
LOAD bin/obj/arm/exceptions/handlers/el2/el2_low_a32_fiq.o
LOAD bin/obj/arm/exceptions/handlers/el2/el2_cur_spx_sync.o
LOAD bin/obj/arm/exceptions/handlers/el2/el2_low_a32_sync.o
LOAD bin/obj/arm/exceptions/handlers/el2/el2_cur_sp0_sync.o
LOAD bin/obj/arm/exceptions/handlers/el2/el2_cur_spx_irq.o
LOAD bin/obj/arm/exceptions/exceptions.o
LOAD bin/obj/lib/string.o
LOAD bin/obj/lib/memcpy/memcpy.o
LOAD bin/obj/boot/panic/panic.o
LOAD bin/obj/drivers/interrupts/gicv3/gicv3.o
LOAD bin/obj/drivers/interrupts/irq.o
LOAD bin/obj/drivers/uart/uart.o
LOAD bin/obj/rslib.a
OUTPUT(bin/kernel.elf elf64-littleaarch64)
LOAD linker stubs

.debug_line     0x0000000000000000     0x236f
 .debug_line    0x0000000000000000       0x5a bin/obj/__arm/cache/cache.o
 .debug_line    0x000000000000005a       0x59 bin/obj/__arm/cache/icache.o
 .debug_line    0x00000000000000b3       0x59 bin/obj/__arm/cache/dcache.o
 .debug_line    0x000000000000010c       0x67 bin/obj/__arm/sysregs.o
 .debug_line    0x0000000000000173       0xb3 bin/obj/__arm/exceptions/el2_vectors.o
 .debug_line    0x0000000000000226       0x64 bin/obj/__arm/exceptions/exceptions.o
 .debug_line    0x000000000000028a       0xb3 bin/obj/__arm/exceptions/el1_vectors.o
 .debug_line    0x000000000000033d       0xd4 bin/obj/__lib/memcpy/memcpy.o
 .debug_line    0x0000000000000411       0x5b bin/obj/__boot/clean_bss.o
 .debug_line    0x000000000000046c       0x58 bin/obj/__boot/boot.o
 .debug_line    0x00000000000004c4       0x6e bin/obj/__boot/el1.o
 .debug_line    0x0000000000000532       0x61 bin/obj/__boot/panic/panic.o
 .debug_line    0x0000000000000593       0x57 bin/obj/__drivers/interrupts/gicv3/gicv3_arm_interface.o
 .debug_line    0x00000000000005ea       0xc2 bin/obj/kernel/init.o
 .debug_line    0x00000000000006ac       0xc9 bin/obj/kernel/irq/handlers/uart.o
 .debug_line    0x0000000000000775       0xb5 bin/obj/kernel/irq/irq.o
 .debug_line    0x000000000000082a        0x0 bin/obj/kernel/malloc/buddy_allocator.o
 .debug_line    0x000000000000082a       0x66 bin/obj/kernel/kernel_entry.o
 .debug_line    0x0000000000000890       0x7f bin/obj/arm/cpu.o
 .debug_line    0x000000000000090f       0x60 bin/obj/arm/exceptions/handlers/el1/el1_cur_sp0_fiq.o
 .debug_line    0x000000000000096f       0x60 bin/obj/arm/exceptions/handlers/el1/el1_low_a32_serror.o
 .debug_line    0x00000000000009cf       0x60 bin/obj/arm/exceptions/handlers/el1/el1_low_a32_fiq.o
 .debug_line    0x0000000000000a2f       0x60 bin/obj/arm/exceptions/handlers/el1/el1_low_a64_sync.o
 .debug_line    0x0000000000000a8f       0x60 bin/obj/arm/exceptions/handlers/el1/el1_cur_spx_sync.o
 .debug_line    0x0000000000000aef       0x60 bin/obj/arm/exceptions/handlers/el1/el1_cur_spx_fiq.o
 .debug_line    0x0000000000000b4f       0x82 bin/obj/arm/exceptions/handlers/el1/el1_cur_spx_irq.o
 .debug_line    0x0000000000000bd1       0x60 bin/obj/arm/exceptions/handlers/el1/el1_cur_spx_serror.o
 .debug_line    0x0000000000000c31       0x60 bin/obj/arm/exceptions/handlers/el1/el1_low_a32_irq.o
 .debug_line    0x0000000000000c91       0x60 bin/obj/arm/exceptions/handlers/el1/el1_low_a64_fiq.o
 .debug_line    0x0000000000000cf1       0x60 bin/obj/arm/exceptions/handlers/el1/el1_low_a64_irq.o
 .debug_line    0x0000000000000d51       0x60 bin/obj/arm/exceptions/handlers/el1/el1_cur_sp0_sync.o
 .debug_line    0x0000000000000db1       0x60 bin/obj/arm/exceptions/handlers/el1/el1_cur_sp0_irq.o
 .debug_line    0x0000000000000e11       0x60 bin/obj/arm/exceptions/handlers/el1/el1_low_a64_serror.o
 .debug_line    0x0000000000000e71       0x60 bin/obj/arm/exceptions/handlers/el1/el1_low_a32_sync.o
 .debug_line    0x0000000000000ed1       0x60 bin/obj/arm/exceptions/handlers/el1/el1_cur_sp0_serror.o
 .debug_line    0x0000000000000f31       0x60 bin/obj/arm/exceptions/handlers/el2/el2_low_a32_serror.o
 .debug_line    0x0000000000000f91       0x60 bin/obj/arm/exceptions/handlers/el2/el2_cur_spx_serror.o
 .debug_line    0x0000000000000ff1       0x60 bin/obj/arm/exceptions/handlers/el2/el2_low_a64_serror.o
 .debug_line    0x0000000000001051       0x60 bin/obj/arm/exceptions/handlers/el2/el2_low_a64_sync.o
 .debug_line    0x00000000000010b1       0x60 bin/obj/arm/exceptions/handlers/el2/el2_cur_sp0_irq.o
 .debug_line    0x0000000000001111       0x60 bin/obj/arm/exceptions/handlers/el2/el2_cur_sp0_serror.o
 .debug_line    0x0000000000001171       0x60 bin/obj/arm/exceptions/handlers/el2/el2_low_a64_irq.o
 .debug_line    0x00000000000011d1       0x60 bin/obj/arm/exceptions/handlers/el2/el2_low_a64_fiq.o
 .debug_line    0x0000000000001231       0x60 bin/obj/arm/exceptions/handlers/el2/el2_cur_spx_fiq.o
 .debug_line    0x0000000000001291       0x60 bin/obj/arm/exceptions/handlers/el2/el2_low_a32_irq.o
 .debug_line    0x00000000000012f1       0x60 bin/obj/arm/exceptions/handlers/el2/el2_cur_sp0_fiq.o
 .debug_line    0x0000000000001351       0x60 bin/obj/arm/exceptions/handlers/el2/el2_low_a32_fiq.o
 .debug_line    0x00000000000013b1       0x60 bin/obj/arm/exceptions/handlers/el2/el2_cur_spx_sync.o
 .debug_line    0x0000000000001411       0x60 bin/obj/arm/exceptions/handlers/el2/el2_low_a32_sync.o
 .debug_line    0x0000000000001471       0x60 bin/obj/arm/exceptions/handlers/el2/el2_cur_sp0_sync.o
 .debug_line    0x00000000000014d1       0x60 bin/obj/arm/exceptions/handlers/el2/el2_cur_spx_irq.o
 .debug_line    0x0000000000001531      0x168 bin/obj/arm/exceptions/exceptions.o
 .debug_line    0x0000000000001699      0x275 bin/obj/lib/string.o
 .debug_line    0x000000000000190e      0x15e bin/obj/lib/memcpy/memcpy.o
 .debug_line    0x0000000000001a6c      0x24e bin/obj/boot/panic/panic.o
 .debug_line    0x0000000000001cba      0x306 bin/obj/drivers/interrupts/gicv3/gicv3.o
 .debug_line    0x0000000000001fc0        0x0 bin/obj/drivers/interrupts/irq.o
 .debug_line    0x0000000000001fc0      0x3af bin/obj/drivers/uart/uart.o

.debug_line_str
                0x0000000000000000      0xc4e
 .debug_line_str
                0x0000000000000000      0xc4e bin/obj/__arm/cache/cache.o
                                         0x42 (size before relaxing)
 .debug_line_str
                0x0000000000000c4e       0x43 bin/obj/__arm/cache/icache.o
 .debug_line_str
                0x0000000000000c4e       0x43 bin/obj/__arm/cache/dcache.o
 .debug_line_str
                0x0000000000000c4e       0x3e bin/obj/__arm/sysregs.o
 .debug_line_str
                0x0000000000000c4e       0x4d bin/obj/__arm/exceptions/el2_vectors.o
 .debug_line_str
                0x0000000000000c4e       0x4c bin/obj/__arm/exceptions/exceptions.o
 .debug_line_str
                0x0000000000000c4e       0x4d bin/obj/__arm/exceptions/el1_vectors.o
 .debug_line_str
                0x0000000000000c4e       0x44 bin/obj/__lib/memcpy/memcpy.o
 .debug_line_str
                0x0000000000000c4e       0x41 bin/obj/__boot/clean_bss.o
 .debug_line_str
                0x0000000000000c4e       0x3c bin/obj/__boot/boot.o
 .debug_line_str
                0x0000000000000c4e       0x3b bin/obj/__boot/el1.o
 .debug_line_str
                0x0000000000000c4e       0x43 bin/obj/__boot/panic/panic.o
 .debug_line_str
                0x0000000000000c4e       0x5f bin/obj/__drivers/interrupts/gicv3/gicv3_arm_interface.o
 .debug_line_str
                0x0000000000000c4e      0x145 bin/obj/kernel/init.o
 .debug_line_str
                0x0000000000000c4e       0xf4 bin/obj/kernel/irq/handlers/uart.o
 .debug_line_str
                0x0000000000000c4e      0x132 bin/obj/kernel/irq/irq.o
 .debug_line_str
                0x0000000000000c4e       0x50 bin/obj/kernel/malloc/buddy_allocator.o
 .debug_line_str
                0x0000000000000c4e       0xcf bin/obj/kernel/kernel_entry.o
 .debug_line_str
                0x0000000000000c4e       0xad bin/obj/arm/cpu.o
 .debug_line_str
                0x0000000000000c4e       0xfa bin/obj/arm/exceptions/handlers/el1/el1_cur_sp0_fiq.o
 .debug_line_str
                0x0000000000000c4e      0x103 bin/obj/arm/exceptions/handlers/el1/el1_low_a32_serror.o
 .debug_line_str
                0x0000000000000c4e       0xfa bin/obj/arm/exceptions/handlers/el1/el1_low_a32_fiq.o
 .debug_line_str
                0x0000000000000c4e       0xfd bin/obj/arm/exceptions/handlers/el1/el1_low_a64_sync.o
 .debug_line_str
                0x0000000000000c4e       0xfd bin/obj/arm/exceptions/handlers/el1/el1_cur_spx_sync.o
 .debug_line_str
                0x0000000000000c4e       0xfa bin/obj/arm/exceptions/handlers/el1/el1_cur_spx_fiq.o
 .debug_line_str
                0x0000000000000c4e      0x151 bin/obj/arm/exceptions/handlers/el1/el1_cur_spx_irq.o
 .debug_line_str
                0x0000000000000c4e      0x103 bin/obj/arm/exceptions/handlers/el1/el1_cur_spx_serror.o
 .debug_line_str
                0x0000000000000c4e       0xfa bin/obj/arm/exceptions/handlers/el1/el1_low_a32_irq.o
 .debug_line_str
                0x0000000000000c4e       0xfa bin/obj/arm/exceptions/handlers/el1/el1_low_a64_fiq.o
 .debug_line_str
                0x0000000000000c4e       0xfa bin/obj/arm/exceptions/handlers/el1/el1_low_a64_irq.o
 .debug_line_str
                0x0000000000000c4e       0xfd bin/obj/arm/exceptions/handlers/el1/el1_cur_sp0_sync.o
 .debug_line_str
                0x0000000000000c4e       0xfa bin/obj/arm/exceptions/handlers/el1/el1_cur_sp0_irq.o
 .debug_line_str
                0x0000000000000c4e      0x103 bin/obj/arm/exceptions/handlers/el1/el1_low_a64_serror.o
 .debug_line_str
                0x0000000000000c4e       0xfd bin/obj/arm/exceptions/handlers/el1/el1_low_a32_sync.o
 .debug_line_str
                0x0000000000000c4e      0x103 bin/obj/arm/exceptions/handlers/el1/el1_cur_sp0_serror.o
 .debug_line_str
                0x0000000000000c4e      0x103 bin/obj/arm/exceptions/handlers/el2/el2_low_a32_serror.o
 .debug_line_str
                0x0000000000000c4e      0x103 bin/obj/arm/exceptions/handlers/el2/el2_cur_spx_serror.o
 .debug_line_str
                0x0000000000000c4e      0x103 bin/obj/arm/exceptions/handlers/el2/el2_low_a64_serror.o
 .debug_line_str
                0x0000000000000c4e       0xfd bin/obj/arm/exceptions/handlers/el2/el2_low_a64_sync.o
 .debug_line_str
                0x0000000000000c4e       0xfa bin/obj/arm/exceptions/handlers/el2/el2_cur_sp0_irq.o
 .debug_line_str
                0x0000000000000c4e      0x103 bin/obj/arm/exceptions/handlers/el2/el2_cur_sp0_serror.o
 .debug_line_str
                0x0000000000000c4e       0xfa bin/obj/arm/exceptions/handlers/el2/el2_low_a64_irq.o
 .debug_line_str
                0x0000000000000c4e       0xfa bin/obj/arm/exceptions/handlers/el2/el2_low_a64_fiq.o
 .debug_line_str
                0x0000000000000c4e       0xfa bin/obj/arm/exceptions/handlers/el2/el2_cur_spx_fiq.o
 .debug_line_str
                0x0000000000000c4e       0xfa bin/obj/arm/exceptions/handlers/el2/el2_low_a32_irq.o
 .debug_line_str
                0x0000000000000c4e       0xfa bin/obj/arm/exceptions/handlers/el2/el2_cur_sp0_fiq.o
 .debug_line_str
                0x0000000000000c4e       0xfa bin/obj/arm/exceptions/handlers/el2/el2_low_a32_fiq.o
 .debug_line_str
                0x0000000000000c4e       0xfd bin/obj/arm/exceptions/handlers/el2/el2_cur_spx_sync.o
 .debug_line_str
                0x0000000000000c4e       0xfd bin/obj/arm/exceptions/handlers/el2/el2_low_a32_sync.o
 .debug_line_str
                0x0000000000000c4e       0xfd bin/obj/arm/exceptions/handlers/el2/el2_cur_sp0_sync.o
 .debug_line_str
                0x0000000000000c4e       0xfa bin/obj/arm/exceptions/handlers/el2/el2_cur_spx_irq.o
 .debug_line_str
                0x0000000000000c4e      0x10d bin/obj/arm/exceptions/exceptions.o
 .debug_line_str
                0x0000000000000c4e       0xaf bin/obj/lib/string.o
 .debug_line_str
                0x0000000000000c4e       0xec bin/obj/lib/memcpy/memcpy.o
 .debug_line_str
                0x0000000000000c4e      0x11c bin/obj/boot/panic/panic.o
 .debug_line_str
                0x0000000000000c4e      0x21b bin/obj/drivers/interrupts/gicv3/gicv3.o
 .debug_line_str
                0x0000000000000c4e       0x49 bin/obj/drivers/interrupts/irq.o
 .debug_line_str
                0x0000000000000c4e      0x1a3 bin/obj/drivers/uart/uart.o

.debug_info     0x0000000000000000     0x7ee9
 .debug_info    0x0000000000000000       0x28 bin/obj/__arm/cache/cache.o
 .debug_info    0x0000000000000028       0x28 bin/obj/__arm/cache/icache.o
 .debug_info    0x0000000000000050       0x28 bin/obj/__arm/cache/dcache.o
 .debug_info    0x0000000000000078       0x28 bin/obj/__arm/sysregs.o
 .debug_info    0x00000000000000a0       0x23 bin/obj/__arm/exceptions/el2_vectors.o
 .debug_info    0x00000000000000c3       0x28 bin/obj/__arm/exceptions/exceptions.o
 .debug_info    0x00000000000000eb       0x23 bin/obj/__arm/exceptions/el1_vectors.o
 .debug_info    0x000000000000010e       0x29 bin/obj/__lib/memcpy/memcpy.o
 .debug_info    0x0000000000000137       0x28 bin/obj/__boot/clean_bss.o
 .debug_info    0x000000000000015f       0x28 bin/obj/__boot/boot.o
 .debug_info    0x0000000000000187       0x29 bin/obj/__boot/el1.o
 .debug_info    0x00000000000001b0       0x28 bin/obj/__boot/panic/panic.o
 .debug_info    0x00000000000001d8       0x28 bin/obj/__drivers/interrupts/gicv3/gicv3_arm_interface.o
 .debug_info    0x0000000000000200      0x2e2 bin/obj/kernel/init.o
 .debug_info    0x00000000000004e2      0x3a2 bin/obj/kernel/irq/handlers/uart.o
 .debug_info    0x0000000000000884      0x610 bin/obj/kernel/irq/irq.o
 .debug_info    0x0000000000000e94       0xff bin/obj/kernel/kernel_entry.o
 .debug_info    0x0000000000000f93      0x116 bin/obj/arm/cpu.o
 .debug_info    0x00000000000010a9      0x15e bin/obj/arm/exceptions/handlers/el1/el1_cur_sp0_fiq.o
 .debug_info    0x0000000000001207      0x15e bin/obj/arm/exceptions/handlers/el1/el1_low_a32_serror.o
 .debug_info    0x0000000000001365      0x15e bin/obj/arm/exceptions/handlers/el1/el1_low_a32_fiq.o
 .debug_info    0x00000000000014c3      0x15e bin/obj/arm/exceptions/handlers/el1/el1_low_a64_sync.o
 .debug_info    0x0000000000001621      0x15e bin/obj/arm/exceptions/handlers/el1/el1_cur_spx_sync.o
 .debug_info    0x000000000000177f      0x15e bin/obj/arm/exceptions/handlers/el1/el1_cur_spx_fiq.o
 .debug_info    0x00000000000018dd      0x4d7 bin/obj/arm/exceptions/handlers/el1/el1_cur_spx_irq.o
 .debug_info    0x0000000000001db4      0x15e bin/obj/arm/exceptions/handlers/el1/el1_cur_spx_serror.o
 .debug_info    0x0000000000001f12      0x15e bin/obj/arm/exceptions/handlers/el1/el1_low_a32_irq.o
 .debug_info    0x0000000000002070      0x15e bin/obj/arm/exceptions/handlers/el1/el1_low_a64_fiq.o
 .debug_info    0x00000000000021ce      0x15e bin/obj/arm/exceptions/handlers/el1/el1_low_a64_irq.o
 .debug_info    0x000000000000232c      0x15e bin/obj/arm/exceptions/handlers/el1/el1_cur_sp0_sync.o
 .debug_info    0x000000000000248a      0x15e bin/obj/arm/exceptions/handlers/el1/el1_cur_sp0_irq.o
 .debug_info    0x00000000000025e8      0x15e bin/obj/arm/exceptions/handlers/el1/el1_low_a64_serror.o
 .debug_info    0x0000000000002746      0x15e bin/obj/arm/exceptions/handlers/el1/el1_low_a32_sync.o
 .debug_info    0x00000000000028a4      0x15e bin/obj/arm/exceptions/handlers/el1/el1_cur_sp0_serror.o
 .debug_info    0x0000000000002a02      0x15e bin/obj/arm/exceptions/handlers/el2/el2_low_a32_serror.o
 .debug_info    0x0000000000002b60      0x15e bin/obj/arm/exceptions/handlers/el2/el2_cur_spx_serror.o
 .debug_info    0x0000000000002cbe      0x15e bin/obj/arm/exceptions/handlers/el2/el2_low_a64_serror.o
 .debug_info    0x0000000000002e1c      0x15e bin/obj/arm/exceptions/handlers/el2/el2_low_a64_sync.o
 .debug_info    0x0000000000002f7a      0x15e bin/obj/arm/exceptions/handlers/el2/el2_cur_sp0_irq.o
 .debug_info    0x00000000000030d8      0x15e bin/obj/arm/exceptions/handlers/el2/el2_cur_sp0_serror.o
 .debug_info    0x0000000000003236      0x15e bin/obj/arm/exceptions/handlers/el2/el2_low_a64_irq.o
 .debug_info    0x0000000000003394      0x15e bin/obj/arm/exceptions/handlers/el2/el2_low_a64_fiq.o
 .debug_info    0x00000000000034f2      0x15e bin/obj/arm/exceptions/handlers/el2/el2_cur_spx_fiq.o
 .debug_info    0x0000000000003650      0x15e bin/obj/arm/exceptions/handlers/el2/el2_low_a32_irq.o
 .debug_info    0x00000000000037ae      0x15e bin/obj/arm/exceptions/handlers/el2/el2_cur_sp0_fiq.o
 .debug_info    0x000000000000390c      0x15e bin/obj/arm/exceptions/handlers/el2/el2_low_a32_fiq.o
 .debug_info    0x0000000000003a6a      0x15e bin/obj/arm/exceptions/handlers/el2/el2_cur_spx_sync.o
 .debug_info    0x0000000000003bc8      0x15e bin/obj/arm/exceptions/handlers/el2/el2_low_a32_sync.o
 .debug_info    0x0000000000003d26      0x15e bin/obj/arm/exceptions/handlers/el2/el2_cur_sp0_sync.o
 .debug_info    0x0000000000003e84      0x15e bin/obj/arm/exceptions/handlers/el2/el2_cur_spx_irq.o
 .debug_info    0x0000000000003fe2      0x327 bin/obj/arm/exceptions/exceptions.o
 .debug_info    0x0000000000004309      0x47f bin/obj/lib/string.o
 .debug_info    0x0000000000004788      0x506 bin/obj/lib/memcpy/memcpy.o
 .debug_info    0x0000000000004c8e      0x834 bin/obj/boot/panic/panic.o
 .debug_info    0x00000000000054c2     0x1362 bin/obj/drivers/interrupts/gicv3/gicv3.o
 .debug_info    0x0000000000006824     0x16c5 bin/obj/drivers/uart/uart.o

.debug_abbrev   0x0000000000000000     0x2af8
 .debug_abbrev  0x0000000000000000       0x14 bin/obj/__arm/cache/cache.o
 .debug_abbrev  0x0000000000000014       0x14 bin/obj/__arm/cache/icache.o
 .debug_abbrev  0x0000000000000028       0x14 bin/obj/__arm/cache/dcache.o
 .debug_abbrev  0x000000000000003c       0x14 bin/obj/__arm/sysregs.o
 .debug_abbrev  0x0000000000000050       0x12 bin/obj/__arm/exceptions/el2_vectors.o
 .debug_abbrev  0x0000000000000062       0x14 bin/obj/__arm/exceptions/exceptions.o
 .debug_abbrev  0x0000000000000076       0x12 bin/obj/__arm/exceptions/el1_vectors.o
 .debug_abbrev  0x0000000000000088       0x14 bin/obj/__lib/memcpy/memcpy.o
 .debug_abbrev  0x000000000000009c       0x14 bin/obj/__boot/clean_bss.o
 .debug_abbrev  0x00000000000000b0       0x14 bin/obj/__boot/boot.o
 .debug_abbrev  0x00000000000000c4       0x14 bin/obj/__boot/el1.o
 .debug_abbrev  0x00000000000000d8       0x14 bin/obj/__boot/panic/panic.o
 .debug_abbrev  0x00000000000000ec       0x14 bin/obj/__drivers/interrupts/gicv3/gicv3_arm_interface.o
 .debug_abbrev  0x0000000000000100      0x13a bin/obj/kernel/init.o
 .debug_abbrev  0x000000000000023a      0x1b3 bin/obj/kernel/irq/handlers/uart.o
 .debug_abbrev  0x00000000000003ed      0x169 bin/obj/kernel/irq/irq.o
 .debug_abbrev  0x0000000000000556       0xb0 bin/obj/kernel/kernel_entry.o
 .debug_abbrev  0x0000000000000606       0xad bin/obj/arm/cpu.o
 .debug_abbrev  0x00000000000006b3       0xca bin/obj/arm/exceptions/handlers/el1/el1_cur_sp0_fiq.o
 .debug_abbrev  0x000000000000077d       0xca bin/obj/arm/exceptions/handlers/el1/el1_low_a32_serror.o
 .debug_abbrev  0x0000000000000847       0xca bin/obj/arm/exceptions/handlers/el1/el1_low_a32_fiq.o
 .debug_abbrev  0x0000000000000911       0xca bin/obj/arm/exceptions/handlers/el1/el1_low_a64_sync.o
 .debug_abbrev  0x00000000000009db       0xca bin/obj/arm/exceptions/handlers/el1/el1_cur_spx_sync.o
 .debug_abbrev  0x0000000000000aa5       0xca bin/obj/arm/exceptions/handlers/el1/el1_cur_spx_fiq.o
 .debug_abbrev  0x0000000000000b6f       0xc8 bin/obj/arm/exceptions/handlers/el1/el1_cur_spx_irq.o
 .debug_abbrev  0x0000000000000c37       0xca bin/obj/arm/exceptions/handlers/el1/el1_cur_spx_serror.o
 .debug_abbrev  0x0000000000000d01       0xca bin/obj/arm/exceptions/handlers/el1/el1_low_a32_irq.o
 .debug_abbrev  0x0000000000000dcb       0xca bin/obj/arm/exceptions/handlers/el1/el1_low_a64_fiq.o
 .debug_abbrev  0x0000000000000e95       0xca bin/obj/arm/exceptions/handlers/el1/el1_low_a64_irq.o
 .debug_abbrev  0x0000000000000f5f       0xca bin/obj/arm/exceptions/handlers/el1/el1_cur_sp0_sync.o
 .debug_abbrev  0x0000000000001029       0xca bin/obj/arm/exceptions/handlers/el1/el1_cur_sp0_irq.o
 .debug_abbrev  0x00000000000010f3       0xca bin/obj/arm/exceptions/handlers/el1/el1_low_a64_serror.o
 .debug_abbrev  0x00000000000011bd       0xca bin/obj/arm/exceptions/handlers/el1/el1_low_a32_sync.o
 .debug_abbrev  0x0000000000001287       0xca bin/obj/arm/exceptions/handlers/el1/el1_cur_sp0_serror.o
 .debug_abbrev  0x0000000000001351       0xca bin/obj/arm/exceptions/handlers/el2/el2_low_a32_serror.o
 .debug_abbrev  0x000000000000141b       0xca bin/obj/arm/exceptions/handlers/el2/el2_cur_spx_serror.o
 .debug_abbrev  0x00000000000014e5       0xca bin/obj/arm/exceptions/handlers/el2/el2_low_a64_serror.o
 .debug_abbrev  0x00000000000015af       0xca bin/obj/arm/exceptions/handlers/el2/el2_low_a64_sync.o
 .debug_abbrev  0x0000000000001679       0xca bin/obj/arm/exceptions/handlers/el2/el2_cur_sp0_irq.o
 .debug_abbrev  0x0000000000001743       0xca bin/obj/arm/exceptions/handlers/el2/el2_cur_sp0_serror.o
 .debug_abbrev  0x000000000000180d       0xca bin/obj/arm/exceptions/handlers/el2/el2_low_a64_irq.o
 .debug_abbrev  0x00000000000018d7       0xca bin/obj/arm/exceptions/handlers/el2/el2_low_a64_fiq.o
 .debug_abbrev  0x00000000000019a1       0xca bin/obj/arm/exceptions/handlers/el2/el2_cur_spx_fiq.o
 .debug_abbrev  0x0000000000001a6b       0xca bin/obj/arm/exceptions/handlers/el2/el2_low_a32_irq.o
 .debug_abbrev  0x0000000000001b35       0xca bin/obj/arm/exceptions/handlers/el2/el2_cur_sp0_fiq.o
 .debug_abbrev  0x0000000000001bff       0xca bin/obj/arm/exceptions/handlers/el2/el2_low_a32_fiq.o
 .debug_abbrev  0x0000000000001cc9       0xca bin/obj/arm/exceptions/handlers/el2/el2_cur_spx_sync.o
 .debug_abbrev  0x0000000000001d93       0xca bin/obj/arm/exceptions/handlers/el2/el2_low_a32_sync.o
 .debug_abbrev  0x0000000000001e5d       0xca bin/obj/arm/exceptions/handlers/el2/el2_cur_sp0_sync.o
 .debug_abbrev  0x0000000000001f27       0xca bin/obj/arm/exceptions/handlers/el2/el2_cur_spx_irq.o
 .debug_abbrev  0x0000000000001ff1      0x163 bin/obj/arm/exceptions/exceptions.o
 .debug_abbrev  0x0000000000002154      0x193 bin/obj/lib/string.o
 .debug_abbrev  0x00000000000022e7      0x1e0 bin/obj/lib/memcpy/memcpy.o
 .debug_abbrev  0x00000000000024c7      0x223 bin/obj/boot/panic/panic.o
 .debug_abbrev  0x00000000000026ea      0x26b bin/obj/drivers/interrupts/gicv3/gicv3.o
 .debug_abbrev  0x0000000000002955      0x1a3 bin/obj/drivers/uart/uart.o

.debug_aranges  0x0000000000000000      0xaa0
 .debug_aranges
                0x0000000000000000       0x30 bin/obj/__arm/cache/cache.o
 .debug_aranges
                0x0000000000000030       0x30 bin/obj/__arm/cache/icache.o
 .debug_aranges
                0x0000000000000060       0x30 bin/obj/__arm/cache/dcache.o
 .debug_aranges
                0x0000000000000090       0x30 bin/obj/__arm/sysregs.o
 .debug_aranges
                0x00000000000000c0       0x40 bin/obj/__arm/exceptions/el2_vectors.o
 .debug_aranges
                0x0000000000000100       0x30 bin/obj/__arm/exceptions/exceptions.o
 .debug_aranges
                0x0000000000000130       0x40 bin/obj/__arm/exceptions/el1_vectors.o
 .debug_aranges
                0x0000000000000170       0x30 bin/obj/__lib/memcpy/memcpy.o
 .debug_aranges
                0x00000000000001a0       0x30 bin/obj/__boot/clean_bss.o
 .debug_aranges
                0x00000000000001d0       0x30 bin/obj/__boot/boot.o
 .debug_aranges
                0x0000000000000200       0x30 bin/obj/__boot/el1.o
 .debug_aranges
                0x0000000000000230       0x30 bin/obj/__boot/panic/panic.o
 .debug_aranges
                0x0000000000000260       0x30 bin/obj/__drivers/interrupts/gicv3/gicv3_arm_interface.o
 .debug_aranges
                0x0000000000000290       0x30 bin/obj/kernel/init.o
 .debug_aranges
                0x00000000000002c0       0x30 bin/obj/kernel/irq/handlers/uart.o
 .debug_aranges
                0x00000000000002f0       0x30 bin/obj/kernel/irq/irq.o
 .debug_aranges
                0x0000000000000320       0x30 bin/obj/kernel/kernel_entry.o
 .debug_aranges
                0x0000000000000350       0x30 bin/obj/arm/cpu.o
 .debug_aranges
                0x0000000000000380       0x30 bin/obj/arm/exceptions/handlers/el1/el1_cur_sp0_fiq.o
 .debug_aranges
                0x00000000000003b0       0x30 bin/obj/arm/exceptions/handlers/el1/el1_low_a32_serror.o
 .debug_aranges
                0x00000000000003e0       0x30 bin/obj/arm/exceptions/handlers/el1/el1_low_a32_fiq.o
 .debug_aranges
                0x0000000000000410       0x30 bin/obj/arm/exceptions/handlers/el1/el1_low_a64_sync.o
 .debug_aranges
                0x0000000000000440       0x30 bin/obj/arm/exceptions/handlers/el1/el1_cur_spx_sync.o
 .debug_aranges
                0x0000000000000470       0x30 bin/obj/arm/exceptions/handlers/el1/el1_cur_spx_fiq.o
 .debug_aranges
                0x00000000000004a0       0x30 bin/obj/arm/exceptions/handlers/el1/el1_cur_spx_irq.o
 .debug_aranges
                0x00000000000004d0       0x30 bin/obj/arm/exceptions/handlers/el1/el1_cur_spx_serror.o
 .debug_aranges
                0x0000000000000500       0x30 bin/obj/arm/exceptions/handlers/el1/el1_low_a32_irq.o
 .debug_aranges
                0x0000000000000530       0x30 bin/obj/arm/exceptions/handlers/el1/el1_low_a64_fiq.o
 .debug_aranges
                0x0000000000000560       0x30 bin/obj/arm/exceptions/handlers/el1/el1_low_a64_irq.o
 .debug_aranges
                0x0000000000000590       0x30 bin/obj/arm/exceptions/handlers/el1/el1_cur_sp0_sync.o
 .debug_aranges
                0x00000000000005c0       0x30 bin/obj/arm/exceptions/handlers/el1/el1_cur_sp0_irq.o
 .debug_aranges
                0x00000000000005f0       0x30 bin/obj/arm/exceptions/handlers/el1/el1_low_a64_serror.o
 .debug_aranges
                0x0000000000000620       0x30 bin/obj/arm/exceptions/handlers/el1/el1_low_a32_sync.o
 .debug_aranges
                0x0000000000000650       0x30 bin/obj/arm/exceptions/handlers/el1/el1_cur_sp0_serror.o
 .debug_aranges
                0x0000000000000680       0x30 bin/obj/arm/exceptions/handlers/el2/el2_low_a32_serror.o
 .debug_aranges
                0x00000000000006b0       0x30 bin/obj/arm/exceptions/handlers/el2/el2_cur_spx_serror.o
 .debug_aranges
                0x00000000000006e0       0x30 bin/obj/arm/exceptions/handlers/el2/el2_low_a64_serror.o
 .debug_aranges
                0x0000000000000710       0x30 bin/obj/arm/exceptions/handlers/el2/el2_low_a64_sync.o
 .debug_aranges
                0x0000000000000740       0x30 bin/obj/arm/exceptions/handlers/el2/el2_cur_sp0_irq.o
 .debug_aranges
                0x0000000000000770       0x30 bin/obj/arm/exceptions/handlers/el2/el2_cur_sp0_serror.o
 .debug_aranges
                0x00000000000007a0       0x30 bin/obj/arm/exceptions/handlers/el2/el2_low_a64_irq.o
 .debug_aranges
                0x00000000000007d0       0x30 bin/obj/arm/exceptions/handlers/el2/el2_low_a64_fiq.o
 .debug_aranges
                0x0000000000000800       0x30 bin/obj/arm/exceptions/handlers/el2/el2_cur_spx_fiq.o
 .debug_aranges
                0x0000000000000830       0x30 bin/obj/arm/exceptions/handlers/el2/el2_low_a32_irq.o
 .debug_aranges
                0x0000000000000860       0x30 bin/obj/arm/exceptions/handlers/el2/el2_cur_sp0_fiq.o
 .debug_aranges
                0x0000000000000890       0x30 bin/obj/arm/exceptions/handlers/el2/el2_low_a32_fiq.o
 .debug_aranges
                0x00000000000008c0       0x30 bin/obj/arm/exceptions/handlers/el2/el2_cur_spx_sync.o
 .debug_aranges
                0x00000000000008f0       0x30 bin/obj/arm/exceptions/handlers/el2/el2_low_a32_sync.o
 .debug_aranges
                0x0000000000000920       0x30 bin/obj/arm/exceptions/handlers/el2/el2_cur_sp0_sync.o
 .debug_aranges
                0x0000000000000950       0x30 bin/obj/arm/exceptions/handlers/el2/el2_cur_spx_irq.o
 .debug_aranges
                0x0000000000000980       0x30 bin/obj/arm/exceptions/exceptions.o
 .debug_aranges
                0x00000000000009b0       0x30 bin/obj/lib/string.o
 .debug_aranges
                0x00000000000009e0       0x30 bin/obj/lib/memcpy/memcpy.o
 .debug_aranges
                0x0000000000000a10       0x30 bin/obj/boot/panic/panic.o
 .debug_aranges
                0x0000000000000a40       0x30 bin/obj/drivers/interrupts/gicv3/gicv3.o
 .debug_aranges
                0x0000000000000a70       0x30 bin/obj/drivers/uart/uart.o

.debug_str      0x0000000000000000     0x282a
 .debug_str     0x0000000000000000     0x282a bin/obj/__arm/cache/cache.o
                                         0x50 (size before relaxing)
 .debug_str     0x000000000000282a       0x51 bin/obj/__arm/cache/icache.o
 .debug_str     0x000000000000282a       0x51 bin/obj/__arm/cache/dcache.o
 .debug_str     0x000000000000282a       0x4c bin/obj/__arm/sysregs.o
 .debug_str     0x000000000000282a       0x5b bin/obj/__arm/exceptions/el2_vectors.o
 .debug_str     0x000000000000282a       0x5a bin/obj/__arm/exceptions/exceptions.o
 .debug_str     0x000000000000282a       0x5b bin/obj/__arm/exceptions/el1_vectors.o
 .debug_str     0x000000000000282a       0x52 bin/obj/__lib/memcpy/memcpy.o
 .debug_str     0x000000000000282a       0x4f bin/obj/__boot/clean_bss.o
 .debug_str     0x000000000000282a       0x4a bin/obj/__boot/boot.o
 .debug_str     0x000000000000282a       0x49 bin/obj/__boot/el1.o
 .debug_str     0x000000000000282a       0x51 bin/obj/__boot/panic/panic.o
 .debug_str     0x000000000000282a       0x6d bin/obj/__drivers/interrupts/gicv3/gicv3_arm_interface.o
 .debug_str     0x000000000000282a      0x2ee bin/obj/kernel/init.o
 .debug_str     0x000000000000282a      0x3e9 bin/obj/kernel/irq/handlers/uart.o
 .debug_str     0x000000000000282a      0xef1 bin/obj/kernel/irq/irq.o
 .debug_str     0x000000000000282a       0x79 bin/obj/kernel/malloc/buddy_allocator.o
 .debug_str     0x000000000000282a      0x15b bin/obj/kernel/kernel_entry.o
 .debug_str     0x000000000000282a      0x159 bin/obj/arm/cpu.o
 .debug_str     0x000000000000282a      0x1d7 bin/obj/arm/exceptions/handlers/el1/el1_cur_sp0_fiq.o
 .debug_str     0x000000000000282a      0x1da bin/obj/arm/exceptions/handlers/el1/el1_low_a32_serror.o
 .debug_str     0x000000000000282a      0x1d7 bin/obj/arm/exceptions/handlers/el1/el1_low_a32_fiq.o
 .debug_str     0x000000000000282a      0x1d8 bin/obj/arm/exceptions/handlers/el1/el1_low_a64_sync.o
 .debug_str     0x000000000000282a      0x1d8 bin/obj/arm/exceptions/handlers/el1/el1_cur_spx_sync.o
 .debug_str     0x000000000000282a      0x1d7 bin/obj/arm/exceptions/handlers/el1/el1_cur_spx_fiq.o
 .debug_str     0x000000000000282a      0xdf7 bin/obj/arm/exceptions/handlers/el1/el1_cur_spx_irq.o
 .debug_str     0x000000000000282a      0x1da bin/obj/arm/exceptions/handlers/el1/el1_cur_spx_serror.o
 .debug_str     0x000000000000282a      0x1d7 bin/obj/arm/exceptions/handlers/el1/el1_low_a32_irq.o
 .debug_str     0x000000000000282a      0x1d7 bin/obj/arm/exceptions/handlers/el1/el1_low_a64_fiq.o
 .debug_str     0x000000000000282a      0x1d7 bin/obj/arm/exceptions/handlers/el1/el1_low_a64_irq.o
 .debug_str     0x000000000000282a      0x1d8 bin/obj/arm/exceptions/handlers/el1/el1_cur_sp0_sync.o
 .debug_str     0x000000000000282a      0x1d7 bin/obj/arm/exceptions/handlers/el1/el1_cur_sp0_irq.o
 .debug_str     0x000000000000282a      0x1da bin/obj/arm/exceptions/handlers/el1/el1_low_a64_serror.o
 .debug_str     0x000000000000282a      0x1d8 bin/obj/arm/exceptions/handlers/el1/el1_low_a32_sync.o
 .debug_str     0x000000000000282a      0x1da bin/obj/arm/exceptions/handlers/el1/el1_cur_sp0_serror.o
 .debug_str     0x000000000000282a      0x1da bin/obj/arm/exceptions/handlers/el2/el2_low_a32_serror.o
 .debug_str     0x000000000000282a      0x1da bin/obj/arm/exceptions/handlers/el2/el2_cur_spx_serror.o
 .debug_str     0x000000000000282a      0x1da bin/obj/arm/exceptions/handlers/el2/el2_low_a64_serror.o
 .debug_str     0x000000000000282a      0x1d8 bin/obj/arm/exceptions/handlers/el2/el2_low_a64_sync.o
 .debug_str     0x000000000000282a      0x1d7 bin/obj/arm/exceptions/handlers/el2/el2_cur_sp0_irq.o
 .debug_str     0x000000000000282a      0x1da bin/obj/arm/exceptions/handlers/el2/el2_cur_sp0_serror.o
 .debug_str     0x000000000000282a      0x1d7 bin/obj/arm/exceptions/handlers/el2/el2_low_a64_irq.o
 .debug_str     0x000000000000282a      0x1d7 bin/obj/arm/exceptions/handlers/el2/el2_low_a64_fiq.o
 .debug_str     0x000000000000282a      0x1d7 bin/obj/arm/exceptions/handlers/el2/el2_cur_spx_fiq.o
 .debug_str     0x000000000000282a      0x1d7 bin/obj/arm/exceptions/handlers/el2/el2_low_a32_irq.o
 .debug_str     0x000000000000282a      0x1d7 bin/obj/arm/exceptions/handlers/el2/el2_cur_sp0_fiq.o
 .debug_str     0x000000000000282a      0x1d7 bin/obj/arm/exceptions/handlers/el2/el2_low_a32_fiq.o
 .debug_str     0x000000000000282a      0x1d8 bin/obj/arm/exceptions/handlers/el2/el2_cur_spx_sync.o
 .debug_str     0x000000000000282a      0x1d8 bin/obj/arm/exceptions/handlers/el2/el2_low_a32_sync.o
 .debug_str     0x000000000000282a      0x1d8 bin/obj/arm/exceptions/handlers/el2/el2_cur_sp0_sync.o
 .debug_str     0x000000000000282a      0x1d7 bin/obj/arm/exceptions/handlers/el2/el2_cur_spx_irq.o
 .debug_str     0x000000000000282a      0x36c bin/obj/arm/exceptions/exceptions.o
 .debug_str     0x000000000000282a      0x389 bin/obj/lib/string.o
 .debug_str     0x000000000000282a      0x374 bin/obj/lib/memcpy/memcpy.o
 .debug_str     0x000000000000282a      0x59e bin/obj/boot/panic/panic.o
 .debug_str     0x000000000000282a     0x1587 bin/obj/drivers/interrupts/gicv3/gicv3.o
 .debug_str     0x000000000000282a       0x79 bin/obj/drivers/interrupts/irq.o
 .debug_str     0x000000000000282a      0xa44 bin/obj/drivers/uart/uart.o

.debug_rnglists
                0x0000000000000000       0x71
 .debug_rnglists
                0x0000000000000000       0x23 bin/obj/__arm/exceptions/el2_vectors.o
 .debug_rnglists
                0x0000000000000023       0x23 bin/obj/__arm/exceptions/el1_vectors.o
 .debug_rnglists
                0x0000000000000046       0x2b bin/obj/lib/string.o

.comment        0x0000000000000000       0x45
 .comment       0x0000000000000000       0x45 bin/obj/kernel/init.o
                                         0x46 (size before relaxing)
 .comment       0x0000000000000045       0x46 bin/obj/kernel/irq/handlers/uart.o
 .comment       0x0000000000000045       0x46 bin/obj/kernel/irq/irq.o
 .comment       0x0000000000000045       0x46 bin/obj/kernel/malloc/buddy_allocator.o
 .comment       0x0000000000000045       0x46 bin/obj/kernel/kernel_entry.o
 .comment       0x0000000000000045       0x46 bin/obj/arm/cpu.o
 .comment       0x0000000000000045       0x46 bin/obj/arm/exceptions/handlers/el1/el1_cur_sp0_fiq.o
 .comment       0x0000000000000045       0x46 bin/obj/arm/exceptions/handlers/el1/el1_low_a32_serror.o
 .comment       0x0000000000000045       0x46 bin/obj/arm/exceptions/handlers/el1/el1_low_a32_fiq.o
 .comment       0x0000000000000045       0x46 bin/obj/arm/exceptions/handlers/el1/el1_low_a64_sync.o
 .comment       0x0000000000000045       0x46 bin/obj/arm/exceptions/handlers/el1/el1_cur_spx_sync.o
 .comment       0x0000000000000045       0x46 bin/obj/arm/exceptions/handlers/el1/el1_cur_spx_fiq.o
 .comment       0x0000000000000045       0x46 bin/obj/arm/exceptions/handlers/el1/el1_cur_spx_irq.o
 .comment       0x0000000000000045       0x46 bin/obj/arm/exceptions/handlers/el1/el1_cur_spx_serror.o
 .comment       0x0000000000000045       0x46 bin/obj/arm/exceptions/handlers/el1/el1_low_a32_irq.o
 .comment       0x0000000000000045       0x46 bin/obj/arm/exceptions/handlers/el1/el1_low_a64_fiq.o
 .comment       0x0000000000000045       0x46 bin/obj/arm/exceptions/handlers/el1/el1_low_a64_irq.o
 .comment       0x0000000000000045       0x46 bin/obj/arm/exceptions/handlers/el1/el1_cur_sp0_sync.o
 .comment       0x0000000000000045       0x46 bin/obj/arm/exceptions/handlers/el1/el1_cur_sp0_irq.o
 .comment       0x0000000000000045       0x46 bin/obj/arm/exceptions/handlers/el1/el1_low_a64_serror.o
 .comment       0x0000000000000045       0x46 bin/obj/arm/exceptions/handlers/el1/el1_low_a32_sync.o
 .comment       0x0000000000000045       0x46 bin/obj/arm/exceptions/handlers/el1/el1_cur_sp0_serror.o
 .comment       0x0000000000000045       0x46 bin/obj/arm/exceptions/handlers/el2/el2_low_a32_serror.o
 .comment       0x0000000000000045       0x46 bin/obj/arm/exceptions/handlers/el2/el2_cur_spx_serror.o
 .comment       0x0000000000000045       0x46 bin/obj/arm/exceptions/handlers/el2/el2_low_a64_serror.o
 .comment       0x0000000000000045       0x46 bin/obj/arm/exceptions/handlers/el2/el2_low_a64_sync.o
 .comment       0x0000000000000045       0x46 bin/obj/arm/exceptions/handlers/el2/el2_cur_sp0_irq.o
 .comment       0x0000000000000045       0x46 bin/obj/arm/exceptions/handlers/el2/el2_cur_sp0_serror.o
 .comment       0x0000000000000045       0x46 bin/obj/arm/exceptions/handlers/el2/el2_low_a64_irq.o
 .comment       0x0000000000000045       0x46 bin/obj/arm/exceptions/handlers/el2/el2_low_a64_fiq.o
 .comment       0x0000000000000045       0x46 bin/obj/arm/exceptions/handlers/el2/el2_cur_spx_fiq.o
 .comment       0x0000000000000045       0x46 bin/obj/arm/exceptions/handlers/el2/el2_low_a32_irq.o
 .comment       0x0000000000000045       0x46 bin/obj/arm/exceptions/handlers/el2/el2_cur_sp0_fiq.o
 .comment       0x0000000000000045       0x46 bin/obj/arm/exceptions/handlers/el2/el2_low_a32_fiq.o
 .comment       0x0000000000000045       0x46 bin/obj/arm/exceptions/handlers/el2/el2_cur_spx_sync.o
 .comment       0x0000000000000045       0x46 bin/obj/arm/exceptions/handlers/el2/el2_low_a32_sync.o
 .comment       0x0000000000000045       0x46 bin/obj/arm/exceptions/handlers/el2/el2_cur_sp0_sync.o
 .comment       0x0000000000000045       0x46 bin/obj/arm/exceptions/handlers/el2/el2_cur_spx_irq.o
 .comment       0x0000000000000045       0x46 bin/obj/arm/exceptions/exceptions.o
 .comment       0x0000000000000045       0x46 bin/obj/lib/string.o
 .comment       0x0000000000000045       0x46 bin/obj/lib/memcpy/memcpy.o
 .comment       0x0000000000000045       0x46 bin/obj/boot/panic/panic.o
 .comment       0x0000000000000045       0x46 bin/obj/drivers/interrupts/gicv3/gicv3.o
 .comment       0x0000000000000045       0x46 bin/obj/drivers/interrupts/irq.o
 .comment       0x0000000000000045       0x46 bin/obj/drivers/uart/uart.o

.debug_frame    0x0000000000000000     0x1a18
 .debug_frame   0x0000000000000000       0x38 bin/obj/kernel/init.o
 .debug_frame   0x0000000000000038       0xe0 bin/obj/kernel/irq/handlers/uart.o
 .debug_frame   0x0000000000000118       0x78 bin/obj/kernel/irq/irq.o
 .debug_frame   0x0000000000000190       0x30 bin/obj/kernel/kernel_entry.o
 .debug_frame   0x00000000000001c0       0x38 bin/obj/arm/cpu.o
 .debug_frame   0x00000000000001f8       0x30 bin/obj/arm/exceptions/handlers/el1/el1_cur_sp0_fiq.o
 .debug_frame   0x0000000000000228       0x30 bin/obj/arm/exceptions/handlers/el1/el1_low_a32_serror.o
 .debug_frame   0x0000000000000258       0x30 bin/obj/arm/exceptions/handlers/el1/el1_low_a32_fiq.o
 .debug_frame   0x0000000000000288       0x30 bin/obj/arm/exceptions/handlers/el1/el1_low_a64_sync.o
 .debug_frame   0x00000000000002b8       0x30 bin/obj/arm/exceptions/handlers/el1/el1_cur_spx_sync.o
 .debug_frame   0x00000000000002e8       0x30 bin/obj/arm/exceptions/handlers/el1/el1_cur_spx_fiq.o
 .debug_frame   0x0000000000000318       0x38 bin/obj/arm/exceptions/handlers/el1/el1_cur_spx_irq.o
 .debug_frame   0x0000000000000350       0x30 bin/obj/arm/exceptions/handlers/el1/el1_cur_spx_serror.o
 .debug_frame   0x0000000000000380       0x30 bin/obj/arm/exceptions/handlers/el1/el1_low_a32_irq.o
 .debug_frame   0x00000000000003b0       0x30 bin/obj/arm/exceptions/handlers/el1/el1_low_a64_fiq.o
 .debug_frame   0x00000000000003e0       0x30 bin/obj/arm/exceptions/handlers/el1/el1_low_a64_irq.o
 .debug_frame   0x0000000000000410       0x30 bin/obj/arm/exceptions/handlers/el1/el1_cur_sp0_sync.o
 .debug_frame   0x0000000000000440       0x30 bin/obj/arm/exceptions/handlers/el1/el1_cur_sp0_irq.o
 .debug_frame   0x0000000000000470       0x30 bin/obj/arm/exceptions/handlers/el1/el1_low_a64_serror.o
 .debug_frame   0x00000000000004a0       0x30 bin/obj/arm/exceptions/handlers/el1/el1_low_a32_sync.o
 .debug_frame   0x00000000000004d0       0x30 bin/obj/arm/exceptions/handlers/el1/el1_cur_sp0_serror.o
 .debug_frame   0x0000000000000500       0x30 bin/obj/arm/exceptions/handlers/el2/el2_low_a32_serror.o
 .debug_frame   0x0000000000000530       0x30 bin/obj/arm/exceptions/handlers/el2/el2_cur_spx_serror.o
 .debug_frame   0x0000000000000560       0x30 bin/obj/arm/exceptions/handlers/el2/el2_low_a64_serror.o
 .debug_frame   0x0000000000000590       0x30 bin/obj/arm/exceptions/handlers/el2/el2_low_a64_sync.o
 .debug_frame   0x00000000000005c0       0x30 bin/obj/arm/exceptions/handlers/el2/el2_cur_sp0_irq.o
 .debug_frame   0x00000000000005f0       0x30 bin/obj/arm/exceptions/handlers/el2/el2_cur_sp0_serror.o
 .debug_frame   0x0000000000000620       0x30 bin/obj/arm/exceptions/handlers/el2/el2_low_a64_irq.o
 .debug_frame   0x0000000000000650       0x30 bin/obj/arm/exceptions/handlers/el2/el2_low_a64_fiq.o
 .debug_frame   0x0000000000000680       0x30 bin/obj/arm/exceptions/handlers/el2/el2_cur_spx_fiq.o
 .debug_frame   0x00000000000006b0       0x30 bin/obj/arm/exceptions/handlers/el2/el2_low_a32_irq.o
 .debug_frame   0x00000000000006e0       0x30 bin/obj/arm/exceptions/handlers/el2/el2_cur_sp0_fiq.o
 .debug_frame   0x0000000000000710       0x30 bin/obj/arm/exceptions/handlers/el2/el2_low_a32_fiq.o
 .debug_frame   0x0000000000000740       0x30 bin/obj/arm/exceptions/handlers/el2/el2_cur_spx_sync.o
 .debug_frame   0x0000000000000770       0x30 bin/obj/arm/exceptions/handlers/el2/el2_low_a32_sync.o
 .debug_frame   0x00000000000007a0       0x30 bin/obj/arm/exceptions/handlers/el2/el2_cur_sp0_sync.o
 .debug_frame   0x00000000000007d0       0x30 bin/obj/arm/exceptions/handlers/el2/el2_cur_spx_irq.o
 .debug_frame   0x0000000000000800       0xd8 bin/obj/arm/exceptions/exceptions.o
 .debug_frame   0x00000000000008d8       0x80 bin/obj/lib/string.o
 .debug_frame   0x0000000000000958       0x88 bin/obj/lib/memcpy/memcpy.o
 .debug_frame   0x00000000000009e0      0x120 bin/obj/boot/panic/panic.o
 .debug_frame   0x0000000000000b00      0x5a8 bin/obj/drivers/interrupts/gicv3/gicv3.o
 .debug_frame   0x00000000000010a8      0x970 bin/obj/drivers/uart/uart.o
