Archive member included to satisfy reference by file (symbol)

bin/obj/rslib.a(imx8mp_kernel-1a53598e06c50be6.imx8mp_kernel.241a9a11e0e6ae75-cgu.0.rcgu.o)
                              bin/obj/drivers/uart/uart.o (UART_rxbuf_pop)
bin/obj/rslib.a(core-dca77d77b03929cc.core.bbd04c23a4fa3c72-cgu.0.rcgu.o)
                              bin/obj/rslib.a(imx8mp_kernel-1a53598e06c50be6.imx8mp_kernel.241a9a11e0e6ae75-cgu.0.rcgu.o) (core::panicking::panic_fmt)
bin/obj/rslib.a(compiler_builtins-fabd8ee97a026881.compiler_builtins.f286be164c3a919f-cgu.099.rcgu.o)
                              bin/obj/rslib.a(core-dca77d77b03929cc.core.bbd04c23a4fa3c72-cgu.0.rcgu.o) (memcmp)
bin/obj/rslib.a(compiler_builtins-fabd8ee97a026881.compiler_builtins.f286be164c3a919f-cgu.173.rcgu.o)
                              bin/obj/rslib.a(imx8mp_kernel-1a53598e06c50be6.imx8mp_kernel.241a9a11e0e6ae75-cgu.0.rcgu.o) (memcpy)
bin/obj/rslib.a(compiler_builtins-fabd8ee97a026881.compiler_builtins.f286be164c3a919f-cgu.242.rcgu.o)
                              bin/obj/drivers/arm_generic_timer/arm_generic_timer.o (__udivti3)
bin/obj/rslib.a(compiler_builtins-fabd8ee97a026881.compiler_builtins.f286be164c3a919f-cgu.295.rcgu.o)
                              bin/obj/rslib.a(core-dca77d77b03929cc.core.bbd04c23a4fa3c72-cgu.0.rcgu.o) (memset)
bin/obj/rslib.a(compiler_builtins-fabd8ee97a026881.compiler_builtins.f286be164c3a919f-cgu.018.rcgu.o)
                              bin/obj/rslib.a(compiler_builtins-fabd8ee97a026881.compiler_builtins.f286be164c3a919f-cgu.242.rcgu.o) (compiler_builtins::int::specialized_div_rem::u128_div_rem)

Discarded input sections

 .llvmbc        0x0000000000000000   0x141958 bin/obj/rslib.a(core-dca77d77b03929cc.core.bbd04c23a4fa3c72-cgu.0.rcgu.o)
 .llvmcmd       0x0000000000000000        0x0 bin/obj/rslib.a(core-dca77d77b03929cc.core.bbd04c23a4fa3c72-cgu.0.rcgu.o)
 .llvmbc        0x0000000000000000     0x10b8 bin/obj/rslib.a(compiler_builtins-fabd8ee97a026881.compiler_builtins.f286be164c3a919f-cgu.099.rcgu.o)
 .llvmcmd       0x0000000000000000        0x0 bin/obj/rslib.a(compiler_builtins-fabd8ee97a026881.compiler_builtins.f286be164c3a919f-cgu.099.rcgu.o)
 .llvmbc        0x0000000000000000      0xbf4 bin/obj/rslib.a(compiler_builtins-fabd8ee97a026881.compiler_builtins.f286be164c3a919f-cgu.173.rcgu.o)
 .llvmcmd       0x0000000000000000        0x0 bin/obj/rslib.a(compiler_builtins-fabd8ee97a026881.compiler_builtins.f286be164c3a919f-cgu.173.rcgu.o)
 .llvmbc        0x0000000000000000      0xc04 bin/obj/rslib.a(compiler_builtins-fabd8ee97a026881.compiler_builtins.f286be164c3a919f-cgu.242.rcgu.o)
 .llvmcmd       0x0000000000000000        0x0 bin/obj/rslib.a(compiler_builtins-fabd8ee97a026881.compiler_builtins.f286be164c3a919f-cgu.242.rcgu.o)
 .llvmbc        0x0000000000000000      0xbf4 bin/obj/rslib.a(compiler_builtins-fabd8ee97a026881.compiler_builtins.f286be164c3a919f-cgu.295.rcgu.o)
 .llvmcmd       0x0000000000000000        0x0 bin/obj/rslib.a(compiler_builtins-fabd8ee97a026881.compiler_builtins.f286be164c3a919f-cgu.295.rcgu.o)
 .llvmbc        0x0000000000000000     0x1ca4 bin/obj/rslib.a(compiler_builtins-fabd8ee97a026881.compiler_builtins.f286be164c3a919f-cgu.018.rcgu.o)
 .llvmcmd       0x0000000000000000        0x0 bin/obj/rslib.a(compiler_builtins-fabd8ee97a026881.compiler_builtins.f286be164c3a919f-cgu.018.rcgu.o)

Memory Configuration

Name             Origin             Length             Attributes
*default*        0x0000000000000000 0xffffffffffffffff

Linker script and memory map

                0x0000000000000004                __NUM_CORES = 0x4
                0x0000000000020000                __EL2_STACK_SIZE = 0x20000
                0x0000000000100000                __EL1_STACK_SIZE = 0x100000
                0x0000000040200000                . = 0x40200000

.text           0x0000000040200000    0x2e780
                0x0000000040200000                __text_start = .
 *(.text.boot)
 .text.boot     0x0000000040200000       0x90 bin/obj/__boot/boot.o
                0x0000000040200000                _start
 *(.text*)
 .text          0x0000000040200090       0x40 bin/obj/__arm/cache/cache.o
                0x0000000040200090                _cache_flush_range
 .text          0x00000000402000d0       0x3c bin/obj/__arm/cache/icache.o
                0x00000000402000d0                _icache_flush_range
 .text          0x000000004020010c       0x3c bin/obj/__arm/cache/dcache.o
                0x000000004020010c                _dcache_flush_range
 *fill*         0x0000000040200148        0x8 
 .text          0x0000000040200150       0x10 bin/obj/__arm/tfa/smccc.o
                0x0000000040200150                _smc_call
 .text          0x0000000040200160      0x114 bin/obj/__arm/sysregs/arm_generic_timer.o
                0x0000000040200160                _ARM_CNTFRQ_EL0_set
                0x000000004020016c                _ARM_CNTFRQ_EL0_get
                0x0000000040200174                _ARM_CNTPCT_EL0_get
                0x000000004020017c                _ARM_CNTVCT_EL0_get
                0x0000000040200184                _ARM_CNTP_CTL_EL0_set
                0x0000000040200190                _ARM_CNTP_CTL_EL0_get
                0x0000000040200198                _ARM_CNTP_CVAL_EL0_set
                0x00000000402001a4                _ARM_CNTP_CVAL_EL0_get
                0x00000000402001ac                _ARM_CNTP_TVAL_EL0_set
                0x00000000402001b8                _ARM_CNTP_TVAL_EL0_get
                0x00000000402001c0                _ARM_CNTV_CTL_EL0_set
                0x00000000402001cc                _ARM_CNTV_CTL_EL0_get
                0x00000000402001d4                _ARM_CNTV_CVAL_EL0_set
                0x00000000402001e0                _ARM_CNTV_CVAL_EL0_get
                0x00000000402001e8                _ARM_CNTV_TVAL_EL0_set
                0x00000000402001f4                _ARM_CNTV_TVAL_EL0_get
                0x00000000402001fc                _ARM_CNTKCTL_EL1_set
                0x0000000040200208                _ARM_CNTKCTL_EL1_get
                0x0000000040200210                _ARM_CNTHCTL_EL2_set
                0x000000004020021c                _ARM_CNTHCTL_EL2_get
                0x0000000040200224                _ARM_CNTVOFF_EL2_set
                0x0000000040200230                _ARM_CNTVOFF_EL2_get
                0x0000000040200238                _ARM_CNTPS_CTL_EL1_set
                0x0000000040200244                _ARM_CNTPS_CTL_EL1_get
                0x000000004020024c                _ARM_CNTPS_CVAL_EL1_set
                0x0000000040200258                _ARM_CNTPS_CVAL_EL1_get
                0x0000000040200260                _ARM_CNTPS_TVAL_EL1_set
                0x000000004020026c                _ARM_CNTPS_TVAL_EL1_get
 .text          0x0000000040200274       0x74 bin/obj/__arm/sysregs/sysregs.o
                0x0000000040200274                _ARM_currentEL
                0x0000000040200280                _ARM_MPIDR_EL1
                0x0000000040200288                _ARM_ICC_SRE_EL2
                0x0000000040200290                _ARM_HCR_EL2
                0x0000000040200298                _ARM_ESR_EL2
                0x00000000402002a0                _ARM_ELR_EL2
                0x00000000402002a8                _ARM_FAR_EL2
                0x00000000402002b0                _ARM_SPSR_EL2
                0x00000000402002b8                _ARM_ESR_EL1
                0x00000000402002c0                _ARM_ELR_EL1
                0x00000000402002c8                _ARM_FAR_EL1
                0x00000000402002d0                _ARM_SPSR_EL1
                0x00000000402002d8                _ARM_SCTLR_EL1
                0x00000000402002e0                _ARM_SCTLR_EL2
 *fill*         0x00000000402002e8      0x518 
 .text          0x0000000040200800     0x1100 bin/obj/__arm/exceptions/el2_vectors.o
                0x0000000040200800                _el2_init_vector
 .text          0x0000000040201900       0x68 bin/obj/__arm/exceptions/exceptions.o
                0x0000000040201900                _exceptions_get_DAIF
                0x0000000040201908                _fiq_exceptions_enable
                0x0000000040201914                _irq_exceptions_enable
                0x0000000040201920                _serror_exceptions_enable
                0x000000004020192c                _debug_exceptions_enable
                0x0000000040201938                _fiq_exceptions_disable
                0x0000000040201944                _irq_exceptions_disable
                0x0000000040201950                _serror_exceptions_disable
                0x000000004020195c                _debug_exceptions_disable
 *fill*         0x0000000040201968      0x698 
 .text          0x0000000040202000     0x1100 bin/obj/__arm/exceptions/el1_vectors.o
                0x0000000040202000                _el1_init_vector
 .text          0x0000000040203100        0x8 bin/obj/__arm/cpu.o
                0x0000000040203100                _ARM_get_sp
 *fill*         0x0000000040203108        0x8 
 .text          0x0000000040203110      0x250 bin/obj/__lib/memcpy/memcpy.o
                0x0000000040203110                _memcpy
                0x0000000040203220                _memcpy64
                0x0000000040203250                _memcpy32
                0x0000000040203280                _memcpy16
                0x00000000402032b0                _memcpy8
                0x00000000402032e0                _memcpy4
                0x0000000040203310                _memcpy2
                0x0000000040203340                _memcpy1
 .text          0x0000000040203360       0x3c bin/obj/__lib/lock/spinlock_irq.o
                0x0000000040203360                _spin_lock_irqsave
                0x000000004020337c                _spin_unlock_irqrestore
 *fill*         0x000000004020339c        0x4 
 .text          0x00000000402033a0       0x74 bin/obj/__lib/lock/spinlock.o
                0x00000000402033a0                _spin_try_lock
                0x00000000402033c8                _spin_lock
                0x00000000402033f0                _spin_unlock
 *fill*         0x0000000040203414        0xc 
 .text          0x0000000040203420       0x14 bin/obj/__lib/lock/irqlock.o
                0x0000000040203420                _irq_lock
                0x000000004020342c                _irq_unlock
 *fill*         0x0000000040203434        0x4 
 .text          0x0000000040203438       0x58 bin/obj/__boot/clean_bss.o
                0x0000000040203438                _clean_bss
 .text          0x0000000040203490       0x68 bin/obj/__boot/panic/panic.o
                0x0000000040203490                _panic_exception_save_gpr
 .text          0x00000000402034f8        0x0 bin/obj/__boot/boot.o
 *fill*         0x00000000402034f8        0x8 
 .text          0x0000000040203500       0x98 bin/obj/__boot/el1.o
                0x0000000040203500                _switch_to_el1
                0x0000000040203560                _el1_entry
 *fill*         0x0000000040203598        0x8 
 .text          0x00000000402035a0       0x50 bin/obj/__boot/stacks.o
                0x00000000402035a0                _setup_stack_el1
 .text          0x00000000402035f0       0x68 bin/obj/__boot/secondary_entry.o
                0x00000000402035f0                _secondary_entry
 *fill*         0x0000000040203658        0x8 
 .text          0x0000000040203660        0x8 bin/obj/__drivers/tmu/tmu_critical_default.o
                0x0000000040203660                _TMU_critical_hang
 *fill*         0x0000000040203668        0x8 
 .text          0x0000000040203670       0x3c bin/obj/__drivers/interrupts/gicv3/gicv3_arm_interface.o
                0x0000000040203670                _GICV3_ARM_ICC_SRE_EL1_write
                0x000000004020367c                _GICV3_ARM_ICC_PMR_EL1_write
                0x0000000040203688                _GICV3_ARM_ICC_PMR_EL1_read
                0x0000000040203690                _GICV3_ARM_ICC_IGRPEN1_EL1_write
                0x000000004020369c                _GICV3_ARM_ICC_IAR1_EL1_read
                0x00000000402036a4                _GICV3_ARM_ICC_EOIR1_EL1_write
 .text          0x00000000402036ac      0x210 bin/obj/kernel/irq/irq.o
                0x0000000040203870                kernel_handle_irq
 .text          0x00000000402038bc        0x0 bin/obj/kernel/devices/drivers.o
 .text          0x00000000402038bc      0x128 bin/obj/kernel/init/init.o
                0x00000000402038bc                kernel_init
 .text          0x00000000402039e4      0x1c0 bin/obj/kernel/init/init_drivers.o
 .text          0x0000000040203ba4        0x0 bin/obj/kernel/malloc/buddy_allocator.o
 .text          0x0000000040203ba4       0xdc bin/obj/kernel/lib/smp.o
                0x0000000040203ba4                get_core_id
                0x0000000040203c1c                wake_core
 .text          0x0000000040203c80      0x290 bin/obj/kernel/kernel_entry.o
                0x0000000040203d30                kernel_entry
 .text          0x0000000040203f10        0x0 bin/obj/arm/tfa/smccc.o
 .text          0x0000000040203f10       0x58 bin/obj/arm/cpu.o
                0x0000000040203f10                ARM_get_cpu_affinity
 .text          0x0000000040203f68       0x54 bin/obj/arm/exceptions/handlers/el1/el1_cur_sp0_fiq.o
                0x0000000040203f68                el1_cur_sp0_fiq_handler
 .text          0x0000000040203fbc       0x54 bin/obj/arm/exceptions/handlers/el1/el1_low_a32_serror.o
                0x0000000040203fbc                el1_low_a32_serror_handler
 .text          0x0000000040204010       0x54 bin/obj/arm/exceptions/handlers/el1/el1_low_a32_fiq.o
                0x0000000040204010                el1_low_a32_fiq_handler
 .text          0x0000000040204064       0x54 bin/obj/arm/exceptions/handlers/el1/el1_low_a64_sync.o
                0x0000000040204064                el1_low_a64_sync_handler
 .text          0x00000000402040b8       0x54 bin/obj/arm/exceptions/handlers/el1/el1_cur_spx_fiq.o
                0x00000000402040b8                el1_cur_spx_fiq_handler
 .text          0x000000004020410c       0x2c bin/obj/arm/exceptions/handlers/el1/el1_cur_spx_irq.o
                0x000000004020410c                el1_cur_spx_irq_handler
 .text          0x0000000040204138       0x54 bin/obj/arm/exceptions/handlers/el1/el1_cur_spx_serror.o
                0x0000000040204138                el1_cur_spx_serror_handler
 .text          0x000000004020418c       0x54 bin/obj/arm/exceptions/handlers/el1/el1_low_a32_irq.o
                0x000000004020418c                el1_low_a32_irq_handler
 .text          0x00000000402041e0       0x54 bin/obj/arm/exceptions/handlers/el1/el1_low_a64_fiq.o
                0x00000000402041e0                el1_low_a64_fiq_handler
 .text          0x0000000040204234       0x54 bin/obj/arm/exceptions/handlers/el1/el1_low_a64_irq.o
                0x0000000040204234                el1_low_a64_irq_handler
 .text          0x0000000040204288       0x54 bin/obj/arm/exceptions/handlers/el1/el1_cur_sp0_sync.o
                0x0000000040204288                el1_cur_sp0_sync_handler
 .text          0x00000000402042dc       0x54 bin/obj/arm/exceptions/handlers/el1/el1_cur_sp0_irq.o
                0x00000000402042dc                el1_cur_sp0_irq_handler
 .text          0x0000000040204330       0x54 bin/obj/arm/exceptions/handlers/el1/el1_low_a64_serror.o
                0x0000000040204330                el1_low_a64_serror_handler
 .text          0x0000000040204384       0x54 bin/obj/arm/exceptions/handlers/el1/el1_low_a32_sync.o
                0x0000000040204384                el1_low_a32_sync_handler
 .text          0x00000000402043d8       0x54 bin/obj/arm/exceptions/handlers/el1/el1_cur_sp0_serror.o
                0x00000000402043d8                el1_cur_sp0_serror_handler
 .text          0x000000004020442c       0x54 bin/obj/arm/exceptions/handlers/el1/el1_cur_spx_sync.o
                0x000000004020442c                el1_cur_spx_sync_handler
 .text          0x0000000040204480       0x54 bin/obj/arm/exceptions/handlers/el2/el2_low_a32_serror.o
                0x0000000040204480                el2_low_a32_serror_handler
 .text          0x00000000402044d4       0x54 bin/obj/arm/exceptions/handlers/el2/el2_cur_spx_serror.o
                0x00000000402044d4                el2_cur_spx_serror_handler
 .text          0x0000000040204528       0x54 bin/obj/arm/exceptions/handlers/el2/el2_low_a64_serror.o
                0x0000000040204528                el2_low_a64_serror_handler
 .text          0x000000004020457c       0x54 bin/obj/arm/exceptions/handlers/el2/el2_low_a64_sync.o
                0x000000004020457c                el2_low_a64_sync_handler
 .text          0x00000000402045d0       0x54 bin/obj/arm/exceptions/handlers/el2/el2_cur_sp0_irq.o
                0x00000000402045d0                el2_cur_sp0_irq_handler
 .text          0x0000000040204624       0x54 bin/obj/arm/exceptions/handlers/el2/el2_cur_sp0_serror.o
                0x0000000040204624                el2_cur_sp0_serror_handler
 .text          0x0000000040204678       0x54 bin/obj/arm/exceptions/handlers/el2/el2_low_a64_irq.o
                0x0000000040204678                el2_low_a64_irq_handler
 .text          0x00000000402046cc       0x54 bin/obj/arm/exceptions/handlers/el2/el2_low_a64_fiq.o
                0x00000000402046cc                el2_low_a64_fiq_handler
 .text          0x0000000040204720       0x54 bin/obj/arm/exceptions/handlers/el2/el2_cur_spx_fiq.o
                0x0000000040204720                el2_cur_spx_fiq_handler
 .text          0x0000000040204774       0x54 bin/obj/arm/exceptions/handlers/el2/el2_low_a32_irq.o
                0x0000000040204774                el2_low_a32_irq_handler
 .text          0x00000000402047c8       0x54 bin/obj/arm/exceptions/handlers/el2/el2_cur_sp0_fiq.o
                0x00000000402047c8                el2_cur_sp0_fiq_handler
 .text          0x000000004020481c       0x54 bin/obj/arm/exceptions/handlers/el2/el2_low_a32_fiq.o
                0x000000004020481c                el2_low_a32_fiq_handler
 .text          0x0000000040204870       0x54 bin/obj/arm/exceptions/handlers/el2/el2_cur_spx_sync.o
                0x0000000040204870                el2_cur_spx_sync_handler
 .text          0x00000000402048c4       0x54 bin/obj/arm/exceptions/handlers/el2/el2_low_a32_sync.o
                0x00000000402048c4                el2_low_a32_sync_handler
 .text          0x0000000040204918       0x54 bin/obj/arm/exceptions/handlers/el2/el2_cur_sp0_sync.o
                0x0000000040204918                el2_cur_sp0_sync_handler
 .text          0x000000004020496c       0x54 bin/obj/arm/exceptions/handlers/el2/el2_cur_spx_irq.o
                0x000000004020496c                el2_cur_spx_irq_handler
 .text          0x00000000402049c0      0x2ac bin/obj/arm/exceptions/exceptions.o
                0x00000000402049c0                ARM_exceptions_get_status
                0x0000000040204a54                ARM_exceptions_set_status
                0x0000000040204b70                ARM_exceptions_enable
                0x0000000040204be4                ARM_exceptions_disable
                0x0000000040204c58                ARM_get_exception_level
 .text          0x0000000040204c6c      0x43c bin/obj/arm/mmu/mmu.o
                0x0000000040204f18                mmu_create_table
                0x0000000040204f9c                mmu_set_page_descriptor_cfg
                0x0000000040205040                mmu_get_page_descriptor
 .text          0x00000000402050a8      0x7ec bin/obj/lib/string.o
                0x00000000402050a8                strcopy
                0x000000004020513c                uint8_to_ascii_char
                0x00000000402051b4                stdint_to_ascii
 .text          0x0000000040205894      0x42c bin/obj/lib/memcpy/memcpy.o
                0x0000000040205894                memcpy64_aligned
                0x00000000402059e8                memcpy64
                0x0000000040205a84                test_memcpy
 .text          0x0000000040205cc0      0x7b8 bin/obj/boot/panic/panic.o
                0x0000000040205d10                init_panic
                0x0000000040205e18                set_panic
                0x0000000040205e98                panic
                0x000000004020608c                set_and_throw_panic
 .text          0x0000000040206478      0x790 bin/obj/drivers/arm_generic_timer/arm_generic_timer.o
                0x0000000040206478                AGT_ns_to_cycles
                0x0000000040206524                AGT_us_to_cycles
                0x00000000402065c4                AGT_cnt_cycles
                0x00000000402065d8                AGT_cnt_freq
                0x00000000402065ec                AGT_cnt_time_ns
                0x0000000040206654                AGT_cnt_time_us
                0x0000000040206750                AGT_timer_schedule_cycles
                0x0000000040206840                AGT_timer_schedule_delta
                0x0000000040206950                AGT_timer_is_armed
                0x00000000402069ac                AGT_timer_has_fired
                0x0000000040206a40                AGT_timer_cancel
                0x0000000040206a9c                AGT_handle_irq
                0x0000000040206b98                AGT_init_stage0
 .text          0x0000000040206c08     0x1e74 bin/obj/drivers/tmu/tmu.o
                0x0000000040207d48                TMU_init_stage0
                0x0000000040207e80                TMU_init_stage1
                0x00000000402081d8                TMU_handle_irq
                0x0000000040208264                TMU_set_warn_temp
                0x000000004020843c                TMU_get_warnings_enabled
                0x0000000040208518                TMU_enable_warnings
                0x0000000040208584                TMU_disable_warnings
                0x00000000402085f0                TMU_warn_pending
                0x000000004020865c                TMU_set_critical_temp
                0x0000000040208834                TMU_get_temp
 .text          0x0000000040208a7c     0x117c bin/obj/drivers/interrupts/gicv3/gicv3.o
                0x00000000402094d0                GICV3_set_cpu_priority_threshold
                0x00000000402095d0                GICV3_set_spi_group1ns
                0x000000004020964c                GICV3_route_spi_to_cpu
                0x00000000402096cc                GICV3_route_spi_to_self
                0x00000000402096fc                GICV3_enable_spi
                0x0000000040209750                GICV3_set_priority
                0x00000000402097cc                GICV3_set_edge_triggered
                0x0000000040209844                GICV3_set_level_sensitive
                0x00000000402098bc                GICV3_wake_redistributor
                0x0000000040209974                GICV3_init_distributor
                0x00000000402099c4                GICV3_init_cpu
                0x00000000402099f0                GICV3_init_irq
                0x0000000040209adc                GICV3_get_intid_el1
                0x0000000040209af8                GICV3_ack_intid_el1
                0x0000000040209b18                GICV3_enable_ppi
 .text          0x0000000040209bf8        0x0 bin/obj/drivers/interrupts/irq.o
 .text          0x0000000040209bf8     0x2778 bin/obj/drivers/uart/uart.o
                0x000000004020ac04                UART_reset
                0x000000004020ad10                UART_read
                0x000000004020b458                UART_get_irq_sources
                0x000000004020b9f0                unhandled_irq_source
                0x000000004020bcb4                UART_handle_irq
                0x000000004020bd5c                UART_init_stage0
                0x000000004020bfe0                UART_init_stage1
                0x000000004020c090                UART_putc_sync
                0x000000004020c100                UART_puts_sync
                0x000000004020c270                UART_putc
                0x000000004020c2e0                UART_puts
 .text          0x000000004020c370        0x0 bin/obj/rslib.a(imx8mp_kernel-1a53598e06c50be6.imx8mp_kernel.241a9a11e0e6ae75-cgu.0.rcgu.o)
 .text.UART_rxbuf_pop
                0x000000004020c370       0x58 bin/obj/rslib.a(imx8mp_kernel-1a53598e06c50be6.imx8mp_kernel.241a9a11e0e6ae75-cgu.0.rcgu.o)
                0x000000004020c370                UART_rxbuf_pop
 .text.UART_rxbuf_push
                0x000000004020c3c8       0x6c bin/obj/rslib.a(imx8mp_kernel-1a53598e06c50be6.imx8mp_kernel.241a9a11e0e6ae75-cgu.0.rcgu.o)
                0x000000004020c3c8                UART_rxbuf_push
 .text.UART_txbuf_pop
                0x000000004020c434       0x68 bin/obj/rslib.a(imx8mp_kernel-1a53598e06c50be6.imx8mp_kernel.241a9a11e0e6ae75-cgu.0.rcgu.o)
                0x000000004020c434                UART_txbuf_pop
 .text.UART_txbuf_push
                0x000000004020c49c       0x60 bin/obj/rslib.a(imx8mp_kernel-1a53598e06c50be6.imx8mp_kernel.241a9a11e0e6ae75-cgu.0.rcgu.o)
                0x000000004020c49c                UART_txbuf_push
 .text._RNvCsiGVaDesi5rv_7___rustc17rust_begin_unwind
                0x000000004020c4fc       0xc4 bin/obj/rslib.a(imx8mp_kernel-1a53598e06c50be6.imx8mp_kernel.241a9a11e0e6ae75-cgu.0.rcgu.o)
                0x000000004020c4fc                __rustc::rust_begin_unwind
 .text._ZN4core5panic10panic_info12PanicMessage6as_str17hbb6bd39abae2bf02E
                0x000000004020c5c0       0x40 bin/obj/rslib.a(imx8mp_kernel-1a53598e06c50be6.imx8mp_kernel.241a9a11e0e6ae75-cgu.0.rcgu.o)
 .text.pow2_ring_buffer_new
                0x000000004020c600       0x70 bin/obj/rslib.a(imx8mp_kernel-1a53598e06c50be6.imx8mp_kernel.241a9a11e0e6ae75-cgu.0.rcgu.o)
                0x000000004020c600                pow2_ring_buffer_new
 .text.pow2_ring_buffer_pop
                0x000000004020c670       0x90 bin/obj/rslib.a(imx8mp_kernel-1a53598e06c50be6.imx8mp_kernel.241a9a11e0e6ae75-cgu.0.rcgu.o)
                0x000000004020c670                pow2_ring_buffer_pop
 .text.pow2_ring_buffer_push
                0x000000004020c700       0xbc bin/obj/rslib.a(imx8mp_kernel-1a53598e06c50be6.imx8mp_kernel.241a9a11e0e6ae75-cgu.0.rcgu.o)
                0x000000004020c700                pow2_ring_buffer_push
 .text.rust_kernel_initcalls_stage0
                0x000000004020c7bc        0x4 bin/obj/rslib.a(imx8mp_kernel-1a53598e06c50be6.imx8mp_kernel.241a9a11e0e6ae75-cgu.0.rcgu.o)
                0x000000004020c7bc                rust_kernel_initcalls_stage1
                0x000000004020c7bc                rust_kernel_initcalls_stage2
                0x000000004020c7bc                rust_kernel_initcalls_stage0
 .text.unlikely.rust_test_panic
                0x000000004020c7c0       0x2c bin/obj/rslib.a(imx8mp_kernel-1a53598e06c50be6.imx8mp_kernel.241a9a11e0e6ae75-cgu.0.rcgu.o)
                0x000000004020c7c0                rust_test_panic
 .text          0x000000004020c7ec        0x0 bin/obj/rslib.a(core-dca77d77b03929cc.core.bbd04c23a4fa3c72-cgu.0.rcgu.o)
 .text._ZN101_$LT$core..char..CaseMappingIter$u20$as$u20$core..iter..traits..double_ended..DoubleEndedIterator$GT$15advance_back_by17hf0d6f1ce58d3f07dE
                0x000000004020c7ec       0x28 bin/obj/rslib.a(core-dca77d77b03929cc.core.bbd04c23a4fa3c72-cgu.0.rcgu.o)
                0x000000004020c7ec                <core::char::CaseMappingIter as core::iter::traits::double_ended::DoubleEndedIterator>::advance_back_by
 .text._ZN101_$LT$core..char..CaseMappingIter$u20$as$u20$core..iter..traits..double_ended..DoubleEndedIterator$GT$9next_back17hc65cc64a3027a392E
                0x000000004020c814       0x28 bin/obj/rslib.a(core-dca77d77b03929cc.core.bbd04c23a4fa3c72-cgu.0.rcgu.o)
                0x000000004020c814                <core::char::CaseMappingIter as core::iter::traits::double_ended::DoubleEndedIterator>::next_back
 .text._ZN105_$LT$core..slice..ascii..EscapeAscii$u20$as$u20$core..iter..traits..double_ended..DoubleEndedIterator$GT$9next_back17h61446658ee893423E
                0x000000004020c83c      0x120 bin/obj/rslib.a(core-dca77d77b03929cc.core.bbd04c23a4fa3c72-cgu.0.rcgu.o)
                0x000000004020c83c                <core::slice::ascii::EscapeAscii as core::iter::traits::double_ended::DoubleEndedIterator>::next_back
 .text._ZN105_$LT$dyn$u20$core..any..Any$u2b$core..marker..Send$u2b$core..marker..Sync$u20$as$u20$core..fmt..Debug$GT$3fmt17hd0716b989b3da57dE
                0x000000004020c95c       0x60 bin/obj/rslib.a(core-dca77d77b03929cc.core.bbd04c23a4fa3c72-cgu.0.rcgu.o)
                0x000000004020c95c                <dyn core::any::Any as core::fmt::Debug>::fmt
                0x000000004020c95c                <dyn core::any::Any+core::marker::Send as core::fmt::Debug>::fmt
                0x000000004020c95c                <dyn core::any::Any+core::marker::Send+core::marker::Sync as core::fmt::Debug>::fmt
 .text._ZN110_$LT$$LT$core..wtf8..EncodeWide$u20$as$u20$core..fmt..Debug$GT$..fmt..CodeUnit$u20$as$u20$core..fmt..Debug$GT$3fmt17hda14d4f4daf3c5c9E
                0x000000004020c9bc       0xa0 bin/obj/rslib.a(core-dca77d77b03929cc.core.bbd04c23a4fa3c72-cgu.0.rcgu.o)
                0x000000004020c9bc                <<core::wtf8::EncodeWide as core::fmt::Debug>::fmt::CodeUnit as core::fmt::Debug>::fmt
 .text._ZN116_$LT$core..net..ip_addr..Ipv4Addr$u20$as$u20$core..ops..bit..BitOrAssign$LT$$RF$core..net..ip_addr..Ipv4Addr$GT$$GT$12bitor_assign17h2747ee25fbf1738bE
                0x000000004020ca5c       0x80 bin/obj/rslib.a(core-dca77d77b03929cc.core.bbd04c23a4fa3c72-cgu.0.rcgu.o)
                0x000000004020ca5c                <core::net::ip_addr::Ipv4Addr as core::ops::bit::BitOrAssign<&core::net::ip_addr::Ipv4Addr>>::bitor_assign
 .text._ZN116_$LT$core..net..ip_addr..Ipv6Addr$u20$as$u20$core..ops..bit..BitOrAssign$LT$$RF$core..net..ip_addr..Ipv6Addr$GT$$GT$12bitor_assign17hff885b6f68f5609cE
                0x000000004020cadc      0x1d0 bin/obj/rslib.a(core-dca77d77b03929cc.core.bbd04c23a4fa3c72-cgu.0.rcgu.o)
                0x000000004020cadc                <core::net::ip_addr::Ipv6Addr as core::ops::bit::BitOrAssign<&core::net::ip_addr::Ipv6Addr>>::bitor_assign
 .text._ZN117_$LT$core..net..ip_addr..Ipv4Addr$u20$as$u20$core..ops..bit..BitAndAssign$LT$$RF$core..net..ip_addr..Ipv4Addr$GT$$GT$13bitand_assign17hb3faa6ba9d6ecb06E
                0x000000004020ccac       0x80 bin/obj/rslib.a(core-dca77d77b03929cc.core.bbd04c23a4fa3c72-cgu.0.rcgu.o)
                0x000000004020ccac                <core::net::ip_addr::Ipv4Addr as core::ops::bit::BitAndAssign<&core::net::ip_addr::Ipv4Addr>>::bitand_assign
 .text._ZN117_$LT$core..net..ip_addr..Ipv6Addr$u20$as$u20$core..ops..bit..BitAndAssign$LT$$RF$core..net..ip_addr..Ipv6Addr$GT$$GT$13bitand_assign17hb1c67c235aa10d9dE
                0x000000004020cd2c      0x1d0 bin/obj/rslib.a(core-dca77d77b03929cc.core.bbd04c23a4fa3c72-cgu.0.rcgu.o)
                0x000000004020cd2c                <core::net::ip_addr::Ipv6Addr as core::ops::bit::BitAndAssign<&core::net::ip_addr::Ipv6Addr>>::bitand_assign
 .text._ZN40_$LT$str$u20$as$u20$core..fmt..Debug$GT$3fmt17h5f6f1bf3a0007201E
                0x000000004020cefc      0x3b0 bin/obj/rslib.a(core-dca77d77b03929cc.core.bbd04c23a4fa3c72-cgu.0.rcgu.o)
                0x000000004020cefc                <str as core::fmt::Debug>::fmt
 .text._ZN41_$LT$char$u20$as$u20$core..fmt..Debug$GT$3fmt17h05bf1d95c56e9d68E
                0x000000004020d2ac       0xe4 bin/obj/rslib.a(core-dca77d77b03929cc.core.bbd04c23a4fa3c72-cgu.0.rcgu.o)
                0x000000004020d2ac                <char as core::fmt::Debug>::fmt
 .text._ZN42_$LT$$RF$T$u20$as$u20$core..fmt..Debug$GT$3fmt17h2cdcb51347d218f7E
                0x000000004020d390        0x8 bin/obj/rslib.a(core-dca77d77b03929cc.core.bbd04c23a4fa3c72-cgu.0.rcgu.o)
 .text._ZN42_$LT$$RF$T$u20$as$u20$core..fmt..Debug$GT$3fmt17h479b8efc69ca8267E
                0x000000004020d398        0x8 bin/obj/rslib.a(core-dca77d77b03929cc.core.bbd04c23a4fa3c72-cgu.0.rcgu.o)
 .text._ZN42_$LT$$RF$T$u20$as$u20$core..fmt..Debug$GT$3fmt17h5583193454f8b8d6E
                0x000000004020d3a0      0x164 bin/obj/rslib.a(core-dca77d77b03929cc.core.bbd04c23a4fa3c72-cgu.0.rcgu.o)
 .text._ZN42_$LT$$RF$T$u20$as$u20$core..fmt..Debug$GT$3fmt17h56b7a391078316eaE
                0x000000004020d504        0xc bin/obj/rslib.a(core-dca77d77b03929cc.core.bbd04c23a4fa3c72-cgu.0.rcgu.o)
 .text._ZN42_$LT$$RF$T$u20$as$u20$core..fmt..Debug$GT$3fmt17h7040e3522c936441E
                0x000000004020d510        0xc bin/obj/rslib.a(core-dca77d77b03929cc.core.bbd04c23a4fa3c72-cgu.0.rcgu.o)
 .text._ZN42_$LT$$RF$T$u20$as$u20$core..fmt..Debug$GT$3fmt17h73d6b45e08bc8e15E
                0x000000004020d51c       0x14 bin/obj/rslib.a(core-dca77d77b03929cc.core.bbd04c23a4fa3c72-cgu.0.rcgu.o)
 .text._ZN42_$LT$$RF$T$u20$as$u20$core..fmt..Debug$GT$3fmt17ha642bfdd7996c379E
                0x000000004020d530       0x14 bin/obj/rslib.a(core-dca77d77b03929cc.core.bbd04c23a4fa3c72-cgu.0.rcgu.o)
 .text._ZN42_$LT$str$u20$as$u20$core..fmt..Display$GT$3fmt17hc0780a4df539a16aE
                0x000000004020d544       0x14 bin/obj/rslib.a(core-dca77d77b03929cc.core.bbd04c23a4fa3c72-cgu.0.rcgu.o)
                0x000000004020d544                <str as core::fmt::Display>::fmt
 .text._ZN43_$LT$bool$u20$as$u20$core..fmt..Display$GT$3fmt17h9806e9f5fa916ff1E
                0x000000004020d558       0x2c bin/obj/rslib.a(core-dca77d77b03929cc.core.bbd04c23a4fa3c72-cgu.0.rcgu.o)
                0x000000004020d558                <bool as core::fmt::Display>::fmt
 .text._ZN43_$LT$char$u20$as$u20$core..fmt..Display$GT$3fmt17h83f04f7b2308e64bE
                0x000000004020d584       0xf8 bin/obj/rslib.a(core-dca77d77b03929cc.core.bbd04c23a4fa3c72-cgu.0.rcgu.o)
                0x000000004020d584                <char as core::fmt::Display>::fmt
 .text._ZN44_$LT$$RF$T$u20$as$u20$core..fmt..Display$GT$3fmt17h703b070ad8b43283E
                0x000000004020d67c        0x8 bin/obj/rslib.a(core-dca77d77b03929cc.core.bbd04c23a4fa3c72-cgu.0.rcgu.o)
 .text._ZN44_$LT$$RF$T$u20$as$u20$core..fmt..Display$GT$3fmt17h9bd2ce85ae1d3eddE
                0x000000004020d684      0x158 bin/obj/rslib.a(core-dca77d77b03929cc.core.bbd04c23a4fa3c72-cgu.0.rcgu.o)
 .text._ZN44_$LT$$RF$T$u20$as$u20$core..fmt..Display$GT$3fmt17hac20f0bb39cfdd9eE
                0x000000004020d7dc       0x10 bin/obj/rslib.a(core-dca77d77b03929cc.core.bbd04c23a4fa3c72-cgu.0.rcgu.o)
 .text._ZN44_$LT$$RF$T$u20$as$u20$core..fmt..Display$GT$3fmt17hfec459358b2b0a7cE
                0x000000004020d7ec        0x8 bin/obj/rslib.a(core-dca77d77b03929cc.core.bbd04c23a4fa3c72-cgu.0.rcgu.o)
 .text._ZN45_$LT$$RF$T$u20$as$u20$core..fmt..LowerHex$GT$3fmt17h05bd91b15c4ae0d9E
                0x000000004020d7f4       0x7c bin/obj/rslib.a(core-dca77d77b03929cc.core.bbd04c23a4fa3c72-cgu.0.rcgu.o)
 .text._ZN46_$LT$i8$u20$as$u20$core..pat..RangePattern$GT$7sub_one17h9a01a105c96fcbd5E
                0x000000004020d870       0x48 bin/obj/rslib.a(core-dca77d77b03929cc.core.bbd04c23a4fa3c72-cgu.0.rcgu.o)
                0x000000004020d870                <i8 as core::pat::RangePattern>::sub_one
 .text._ZN46_$LT$u8$u20$as$u20$core..pat..RangePattern$GT$7sub_one17h670240648e8e7fb4E
                0x000000004020d8b8       0x40 bin/obj/rslib.a(core-dca77d77b03929cc.core.bbd04c23a4fa3c72-cgu.0.rcgu.o)
                0x000000004020d8b8                <u8 as core::pat::RangePattern>::sub_one
 .text._ZN47_$LT$i16$u20$as$u20$core..pat..RangePattern$GT$7sub_one17h541e4bf249e12cddE
                0x000000004020d8f8       0x48 bin/obj/rslib.a(core-dca77d77b03929cc.core.bbd04c23a4fa3c72-cgu.0.rcgu.o)
                0x000000004020d8f8                <i16 as core::pat::RangePattern>::sub_one
 .text._ZN47_$LT$i32$u20$as$u20$core..pat..RangePattern$GT$7sub_one17h97b022b5d897e388E
                0x000000004020d940       0x3c bin/obj/rslib.a(core-dca77d77b03929cc.core.bbd04c23a4fa3c72-cgu.0.rcgu.o)
                0x000000004020d940                <i32 as core::pat::RangePattern>::sub_one
 .text._ZN47_$LT$i64$u20$as$u20$core..pat..RangePattern$GT$7sub_one17h0d4cbf88673eab66E
                0x000000004020d97c       0x3c bin/obj/rslib.a(core-dca77d77b03929cc.core.bbd04c23a4fa3c72-cgu.0.rcgu.o)
                0x000000004020d97c                <i64 as core::pat::RangePattern>::sub_one
                0x000000004020d97c                <isize as core::pat::RangePattern>::sub_one
 .text._ZN47_$LT$u16$u20$as$u20$core..pat..RangePattern$GT$7sub_one17hf1b3147e5737ed06E
                0x000000004020d9b8       0x40 bin/obj/rslib.a(core-dca77d77b03929cc.core.bbd04c23a4fa3c72-cgu.0.rcgu.o)
                0x000000004020d9b8                <u16 as core::pat::RangePattern>::sub_one
 .text._ZN47_$LT$u32$u20$as$u20$core..pat..RangePattern$GT$7sub_one17h5f94339af8ab10a1E
                0x000000004020d9f8       0x3c bin/obj/rslib.a(core-dca77d77b03929cc.core.bbd04c23a4fa3c72-cgu.0.rcgu.o)
                0x000000004020d9f8                <u32 as core::pat::RangePattern>::sub_one
 .text._ZN47_$LT$u64$u20$as$u20$core..pat..RangePattern$GT$7sub_one17h24c018f405b1f310E
                0x000000004020da34       0x3c bin/obj/rslib.a(core-dca77d77b03929cc.core.bbd04c23a4fa3c72-cgu.0.rcgu.o)
                0x000000004020da34                <usize as core::pat::RangePattern>::sub_one
                0x000000004020da34                <u64 as core::pat::RangePattern>::sub_one
 .text._ZN48_$LT$char$u20$as$u20$core..pat..RangePattern$GT$7sub_one17he70177f83f7ceafcE
                0x000000004020da70       0x54 bin/obj/rslib.a(core-dca77d77b03929cc.core.bbd04c23a4fa3c72-cgu.0.rcgu.o)
                0x000000004020da70                <char as core::pat::RangePattern>::sub_one
 .text._ZN48_$LT$i128$u20$as$u20$core..pat..RangePattern$GT$7sub_one17hcbc11fca96f2cd53E
                0x000000004020dac4       0x4c bin/obj/rslib.a(core-dca77d77b03929cc.core.bbd04c23a4fa3c72-cgu.0.rcgu.o)
                0x000000004020dac4                <i128 as core::pat::RangePattern>::sub_one
 .text._ZN48_$LT$u128$u20$as$u20$core..pat..RangePattern$GT$7sub_one17h082c3491375e9509E
                0x000000004020db10       0x4c bin/obj/rslib.a(core-dca77d77b03929cc.core.bbd04c23a4fa3c72-cgu.0.rcgu.o)
                0x000000004020db10                <u128 as core::pat::RangePattern>::sub_one
 .text._ZN49_$LT$u8$u20$as$u20$core..num..bignum..FullOps$GT$12full_div_rem17h6fed2e224afbc72dE
                0x000000004020db5c       0x38 bin/obj/rslib.a(core-dca77d77b03929cc.core.bbd04c23a4fa3c72-cgu.0.rcgu.o)
                0x000000004020db5c                <u8 as core::num::bignum::FullOps>::full_div_rem
 .text.unlikely._ZN4core3f3221_$LT$impl$u20$f32$GT$5clamp8do_panic7runtime17h36a43f140f64d661E
                0x000000004020db94       0x50 bin/obj/rslib.a(core-dca77d77b03929cc.core.bbd04c23a4fa3c72-cgu.0.rcgu.o)
                0x000000004020db94                core::f32::<impl f32>::clamp::do_panic::runtime
 .text.unlikely._ZN4core3f6421_$LT$impl$u20$f64$GT$5clamp8do_panic7runtime17h94d48098c87e850eE
                0x000000004020dbe4       0x50 bin/obj/rslib.a(core-dca77d77b03929cc.core.bbd04c23a4fa3c72-cgu.0.rcgu.o)
                0x000000004020dbe4                core::f64::<impl f64>::clamp::do_panic::runtime
 .text._ZN4core3ffi5c_str4CStr19from_bytes_with_nul17hf7126ca100a56b9eE
                0x000000004020dc34       0xf0 bin/obj/rslib.a(core-dca77d77b03929cc.core.bbd04c23a4fa3c72-cgu.0.rcgu.o)
                0x000000004020dc34                core::ffi::c_str::CStr::from_bytes_with_nul
 .text._ZN4core3ffi5c_str4CStr20from_bytes_until_nul17h4a4d4ec068c826baE
                0x000000004020dd24       0xdc bin/obj/rslib.a(core-dca77d77b03929cc.core.bbd04c23a4fa3c72-cgu.0.rcgu.o)
                0x000000004020dd24                core::ffi::c_str::CStr::from_bytes_until_nul
 .text._ZN4core3ffi5c_str4CStr6to_str17hf906734cbe15885eE
                0x000000004020de00        0x8 bin/obj/rslib.a(core-dca77d77b03929cc.core.bbd04c23a4fa3c72-cgu.0.rcgu.o)
                0x000000004020de00                core::ffi::c_str::CStr::to_str
 .text._ZN4core3fmt17FormattingOptions8get_fill17he0043a57724473c7E
                0x000000004020de08        0xc bin/obj/rslib.a(core-dca77d77b03929cc.core.bbd04c23a4fa3c72-cgu.0.rcgu.o)
                0x000000004020de08                core::fmt::FormattingOptions::get_fill
 .text._ZN4core3fmt17pointer_fmt_inner17h9512fbe23d32d8a3E
                0x000000004020de14       0xb8 bin/obj/rslib.a(core-dca77d77b03929cc.core.bbd04c23a4fa3c72-cgu.0.rcgu.o)
                0x000000004020de14                core::fmt::pointer_fmt_inner
 .text._ZN4core3fmt3num22_$LT$impl$u20$i128$GT$11format_into17h7da8cadabd24f583E
                0x000000004020decc       0x74 bin/obj/rslib.a(core-dca77d77b03929cc.core.bbd04c23a4fa3c72-cgu.0.rcgu.o)
                0x000000004020decc                core::fmt::num::<impl i128>::format_into
 .text._ZN4core3fmt3num22_$LT$impl$u20$u128$GT$10_fmt_inner17hf030a7152409751aE
                0x000000004020df40      0x578 bin/obj/rslib.a(core-dca77d77b03929cc.core.bbd04c23a4fa3c72-cgu.0.rcgu.o)
 .text._ZN4core3fmt3num22_$LT$impl$u20$u128$GT$11format_into17h5dee2ace129fe29cE
                0x000000004020e4b8       0x34 bin/obj/rslib.a(core-dca77d77b03929cc.core.bbd04c23a4fa3c72-cgu.0.rcgu.o)
                0x000000004020e4b8                core::fmt::num::<impl u128>::format_into
 .text._ZN4core3fmt3num22_$LT$impl$u20$u128$GT$4_fmt17ha65d27b87d338669E
                0x000000004020e4ec       0x2c bin/obj/rslib.a(core-dca77d77b03929cc.core.bbd04c23a4fa3c72-cgu.0.rcgu.o)
                0x000000004020e4ec                core::fmt::num::<impl u128>::_fmt
 .text._ZN4core3fmt3num3imp20_$LT$impl$u20$i8$GT$11format_into17hfa6336419ff83042E
                0x000000004020e518      0x134 bin/obj/rslib.a(core-dca77d77b03929cc.core.bbd04c23a4fa3c72-cgu.0.rcgu.o)
                0x000000004020e518                core::fmt::num::imp::<impl i8>::format_into
 .text._ZN4core3fmt3num3imp20_$LT$impl$u20$u8$GT$11format_into17h879b7eff6dae2147E
                0x000000004020e64c       0xa0 bin/obj/rslib.a(core-dca77d77b03929cc.core.bbd04c23a4fa3c72-cgu.0.rcgu.o)
                0x000000004020e64c                core::fmt::num::imp::<impl u8>::format_into
 .text._ZN4core3fmt3num3imp20_$LT$impl$u20$u8$GT$4_fmt17ha676af9982528506E
                0x000000004020e6ec       0x90 bin/obj/rslib.a(core-dca77d77b03929cc.core.bbd04c23a4fa3c72-cgu.0.rcgu.o)
                0x000000004020e6ec                core::fmt::num::imp::<impl u8>::_fmt
 .text._ZN4core3fmt3num3imp21_$LT$impl$u20$i16$GT$11format_into17h2f71a14c8f3a6320E
                0x000000004020e77c      0x1ec bin/obj/rslib.a(core-dca77d77b03929cc.core.bbd04c23a4fa3c72-cgu.0.rcgu.o)
                0x000000004020e77c                core::fmt::num::imp::<impl i16>::format_into
 .text._ZN4core3fmt3num3imp21_$LT$impl$u20$i32$GT$11format_into17hbc98fbdd3b5c6d6eE
                0x000000004020e968      0x274 bin/obj/rslib.a(core-dca77d77b03929cc.core.bbd04c23a4fa3c72-cgu.0.rcgu.o)
                0x000000004020e968                core::fmt::num::imp::<impl i32>::format_into
 .text._ZN4core3fmt3num3imp21_$LT$impl$u20$i64$GT$11format_into17he56d1a706514badaE
                0x000000004020ebdc      0x27c bin/obj/rslib.a(core-dca77d77b03929cc.core.bbd04c23a4fa3c72-cgu.0.rcgu.o)
                0x000000004020ebdc                core::fmt::num::imp::<impl isize>::format_into
                0x000000004020ebdc                core::fmt::num::imp::<impl i64>::format_into
 .text._ZN4core3fmt3num3imp21_$LT$impl$u20$u16$GT$11format_into17hf5acce3bc060a7a4E
                0x000000004020ee58       0xf8 bin/obj/rslib.a(core-dca77d77b03929cc.core.bbd04c23a4fa3c72-cgu.0.rcgu.o)
                0x000000004020ee58                core::fmt::num::imp::<impl u16>::format_into
 .text._ZN4core3fmt3num3imp21_$LT$impl$u20$u16$GT$4_fmt17h9b16707f2c4d83c7E
                0x000000004020ef50      0x108 bin/obj/rslib.a(core-dca77d77b03929cc.core.bbd04c23a4fa3c72-cgu.0.rcgu.o)
                0x000000004020ef50                core::fmt::num::imp::<impl u16>::_fmt
 .text._ZN4core3fmt3num3imp21_$LT$impl$u20$u32$GT$11format_into17h699a29a216c381bfE
                0x000000004020f058      0x12c bin/obj/rslib.a(core-dca77d77b03929cc.core.bbd04c23a4fa3c72-cgu.0.rcgu.o)
                0x000000004020f058                core::fmt::num::imp::<impl u32>::format_into
 .text._ZN4core3fmt3num3imp21_$LT$impl$u20$u32$GT$4_fmt17hc5bdfc1c3dd3fd08E
                0x000000004020f184      0x130 bin/obj/rslib.a(core-dca77d77b03929cc.core.bbd04c23a4fa3c72-cgu.0.rcgu.o)
                0x000000004020f184                core::fmt::num::imp::<impl u32>::_fmt
 .text._ZN4core3fmt3num3imp21_$LT$impl$u20$u64$GT$11format_into17he2b4201a970f20d7E
                0x000000004020f2b4      0x130 bin/obj/rslib.a(core-dca77d77b03929cc.core.bbd04c23a4fa3c72-cgu.0.rcgu.o)
                0x000000004020f2b4                core::fmt::num::imp::<impl u64>::format_into
                0x000000004020f2b4                core::fmt::num::imp::<impl usize>::format_into
 .text._ZN4core3fmt3num3imp21_$LT$impl$u20$u64$GT$4_fmt17hf5cf8cc64887d18dE
                0x000000004020f3e4      0x134 bin/obj/rslib.a(core-dca77d77b03929cc.core.bbd04c23a4fa3c72-cgu.0.rcgu.o)
                0x000000004020f3e4                core::fmt::num::imp::<impl u64>::_fmt
                0x000000004020f3e4                core::fmt::num::imp::<impl usize>::_fmt
 .text._ZN4core3fmt3num3imp51_$LT$impl$u20$core..fmt..Display$u20$for$u20$i8$GT$3fmt17hcb39de988782ba27E
                0x000000004020f518       0xcc bin/obj/rslib.a(core-dca77d77b03929cc.core.bbd04c23a4fa3c72-cgu.0.rcgu.o)
                0x000000004020f518                core::fmt::num::imp::<impl core::fmt::Display for i8>::fmt
 .text._ZN4core3fmt3num3imp51_$LT$impl$u20$core..fmt..Display$u20$for$u20$u8$GT$3fmt17hf7d8c920e29b5333E
                0x000000004020f5e4       0xac bin/obj/rslib.a(core-dca77d77b03929cc.core.bbd04c23a4fa3c72-cgu.0.rcgu.o)
                0x000000004020f5e4                core::fmt::num::imp::<impl core::fmt::Display for u8>::fmt
 .text._ZN4core3fmt3num3imp52_$LT$impl$u20$core..fmt..Display$u20$for$u20$i16$GT$3fmt17h104a3911dccd2ff7E
                0x000000004020f690      0x11c bin/obj/rslib.a(core-dca77d77b03929cc.core.bbd04c23a4fa3c72-cgu.0.rcgu.o)
                0x000000004020f690                core::fmt::num::imp::<impl core::fmt::Display for i16>::fmt
 .text._ZN4core3fmt3num3imp52_$LT$impl$u20$core..fmt..Display$u20$for$u20$i32$GT$3fmt17h80bd409755b2ddaeE
                0x000000004020f7ac      0x158 bin/obj/rslib.a(core-dca77d77b03929cc.core.bbd04c23a4fa3c72-cgu.0.rcgu.o)
                0x000000004020f7ac                core::fmt::num::imp::<impl core::fmt::Display for i32>::fmt
 .text._ZN4core3fmt3num3imp52_$LT$impl$u20$core..fmt..Display$u20$for$u20$i64$GT$3fmt17h1e801d532e5ecaafE
                0x000000004020f904      0x15c bin/obj/rslib.a(core-dca77d77b03929cc.core.bbd04c23a4fa3c72-cgu.0.rcgu.o)
                0x000000004020f904                core::fmt::num::imp::<impl core::fmt::Display for isize>::fmt
                0x000000004020f904                core::fmt::num::imp::<impl core::fmt::Display for i64>::fmt
 .text._ZN4core3fmt3num3imp52_$LT$impl$u20$core..fmt..Display$u20$for$u20$u16$GT$3fmt17hdb2998ab968581d1E
                0x000000004020fa60      0x104 bin/obj/rslib.a(core-dca77d77b03929cc.core.bbd04c23a4fa3c72-cgu.0.rcgu.o)
                0x000000004020fa60                core::fmt::num::imp::<impl core::fmt::Display for u16>::fmt
 .text._ZN4core3fmt3num3imp52_$LT$impl$u20$core..fmt..Display$u20$for$u20$u32$GT$3fmt17h0b158e54c199f5dbE
                0x000000004020fb64      0x14c bin/obj/rslib.a(core-dca77d77b03929cc.core.bbd04c23a4fa3c72-cgu.0.rcgu.o)
                0x000000004020fb64                core::fmt::num::imp::<impl core::fmt::Display for u32>::fmt
 .text._ZN4core3fmt3num3imp52_$LT$impl$u20$core..fmt..Display$u20$for$u20$u64$GT$3fmt17h64f3911dafa6269fE
                0x000000004020fcb0      0x154 bin/obj/rslib.a(core-dca77d77b03929cc.core.bbd04c23a4fa3c72-cgu.0.rcgu.o)
                0x000000004020fcb0                core::fmt::num::imp::<impl core::fmt::Display for usize>::fmt
                0x000000004020fcb0                core::fmt::num::imp::<impl core::fmt::Display for u64>::fmt
 .text._ZN4core3fmt3num3imp52_$LT$impl$u20$core..fmt..LowerExp$u20$for$u20$i8$GT$3fmt17h58d82f5837eb5be0E
                0x000000004020fe04       0x24 bin/obj/rslib.a(core-dca77d77b03929cc.core.bbd04c23a4fa3c72-cgu.0.rcgu.o)
                0x000000004020fe04                core::fmt::num::imp::<impl core::fmt::LowerExp for i8>::fmt
 .text._ZN4core3fmt3num3imp52_$LT$impl$u20$core..fmt..LowerExp$u20$for$u20$u8$GT$3fmt17h501ecc2dbdd34467E
                0x000000004020fe28       0x18 bin/obj/rslib.a(core-dca77d77b03929cc.core.bbd04c23a4fa3c72-cgu.0.rcgu.o)
                0x000000004020fe28                core::fmt::num::imp::<impl core::fmt::LowerExp for u8>::fmt
 .text._ZN4core3fmt3num3imp52_$LT$impl$u20$core..fmt..UpperExp$u20$for$u20$i8$GT$3fmt17ha0f846b22050294aE
                0x000000004020fe40       0x24 bin/obj/rslib.a(core-dca77d77b03929cc.core.bbd04c23a4fa3c72-cgu.0.rcgu.o)
                0x000000004020fe40                core::fmt::num::imp::<impl core::fmt::UpperExp for i8>::fmt
 .text._ZN4core3fmt3num3imp52_$LT$impl$u20$core..fmt..UpperExp$u20$for$u20$u8$GT$3fmt17h010e9c1ce5bc6f83E
                0x000000004020fe64       0x18 bin/obj/rslib.a(core-dca77d77b03929cc.core.bbd04c23a4fa3c72-cgu.0.rcgu.o)
                0x000000004020fe64                core::fmt::num::imp::<impl core::fmt::UpperExp for u8>::fmt
 .text._ZN4core3fmt3num3imp53_$LT$impl$u20$core..fmt..LowerExp$u20$for$u20$i16$GT$3fmt17h0ef11d9cfa7db045E
                0x000000004020fe7c       0x24 bin/obj/rslib.a(core-dca77d77b03929cc.core.bbd04c23a4fa3c72-cgu.0.rcgu.o)
                0x000000004020fe7c                core::fmt::num::imp::<impl core::fmt::LowerExp for i16>::fmt
 .text._ZN4core3fmt3num3imp53_$LT$impl$u20$core..fmt..LowerExp$u20$for$u20$i32$GT$3fmt17h73a92d63361655e1E
                0x000000004020fea0       0x24 bin/obj/rslib.a(core-dca77d77b03929cc.core.bbd04c23a4fa3c72-cgu.0.rcgu.o)
                0x000000004020fea0                core::fmt::num::imp::<impl core::fmt::LowerExp for i32>::fmt
 .text._ZN4core3fmt3num3imp53_$LT$impl$u20$core..fmt..LowerExp$u20$for$u20$i64$GT$3fmt17he8eaeb98c7470710E
                0x000000004020fec4       0x24 bin/obj/rslib.a(core-dca77d77b03929cc.core.bbd04c23a4fa3c72-cgu.0.rcgu.o)
                0x000000004020fec4                core::fmt::num::imp::<impl core::fmt::LowerExp for isize>::fmt
                0x000000004020fec4                core::fmt::num::imp::<impl core::fmt::LowerExp for i64>::fmt
 .text._ZN4core3fmt3num3imp53_$LT$impl$u20$core..fmt..LowerExp$u20$for$u20$u16$GT$3fmt17h49c4e818814d45dbE
                0x000000004020fee8       0x18 bin/obj/rslib.a(core-dca77d77b03929cc.core.bbd04c23a4fa3c72-cgu.0.rcgu.o)
                0x000000004020fee8                core::fmt::num::imp::<impl core::fmt::LowerExp for u16>::fmt
 .text._ZN4core3fmt3num3imp53_$LT$impl$u20$core..fmt..LowerExp$u20$for$u20$u32$GT$3fmt17h158f35b2865c949eE
                0x000000004020ff00       0x18 bin/obj/rslib.a(core-dca77d77b03929cc.core.bbd04c23a4fa3c72-cgu.0.rcgu.o)
                0x000000004020ff00                core::fmt::num::imp::<impl core::fmt::LowerExp for u32>::fmt
 .text._ZN4core3fmt3num3imp53_$LT$impl$u20$core..fmt..LowerExp$u20$for$u20$u64$GT$3fmt17hd02b9c2dab05dc10E
                0x000000004020ff18       0x18 bin/obj/rslib.a(core-dca77d77b03929cc.core.bbd04c23a4fa3c72-cgu.0.rcgu.o)
                0x000000004020ff18                core::fmt::num::imp::<impl core::fmt::LowerExp for usize>::fmt
                0x000000004020ff18                core::fmt::num::imp::<impl core::fmt::LowerExp for u64>::fmt
 .text._ZN4core3fmt3num3imp53_$LT$impl$u20$core..fmt..UpperExp$u20$for$u20$i16$GT$3fmt17h3fab035472132d68E
                0x000000004020ff30       0x24 bin/obj/rslib.a(core-dca77d77b03929cc.core.bbd04c23a4fa3c72-cgu.0.rcgu.o)
                0x000000004020ff30                core::fmt::num::imp::<impl core::fmt::UpperExp for i16>::fmt
 .text._ZN4core3fmt3num3imp53_$LT$impl$u20$core..fmt..UpperExp$u20$for$u20$i32$GT$3fmt17hc873c09afcd74914E
                0x000000004020ff54       0x24 bin/obj/rslib.a(core-dca77d77b03929cc.core.bbd04c23a4fa3c72-cgu.0.rcgu.o)
                0x000000004020ff54                core::fmt::num::imp::<impl core::fmt::UpperExp for i32>::fmt
 .text._ZN4core3fmt3num3imp53_$LT$impl$u20$core..fmt..UpperExp$u20$for$u20$i64$GT$3fmt17he2f6e251da279662E
                0x000000004020ff78       0x24 bin/obj/rslib.a(core-dca77d77b03929cc.core.bbd04c23a4fa3c72-cgu.0.rcgu.o)
                0x000000004020ff78                core::fmt::num::imp::<impl core::fmt::UpperExp for isize>::fmt
                0x000000004020ff78                core::fmt::num::imp::<impl core::fmt::UpperExp for i64>::fmt
 .text._ZN4core3fmt3num3imp53_$LT$impl$u20$core..fmt..UpperExp$u20$for$u20$u16$GT$3fmt17h2e49b62056d088d3E
                0x000000004020ff9c       0x18 bin/obj/rslib.a(core-dca77d77b03929cc.core.bbd04c23a4fa3c72-cgu.0.rcgu.o)
                0x000000004020ff9c                core::fmt::num::imp::<impl core::fmt::UpperExp for u16>::fmt
 .text._ZN4core3fmt3num3imp53_$LT$impl$u20$core..fmt..UpperExp$u20$for$u20$u32$GT$3fmt17h67f329f6a561b042E
                0x000000004020ffb4       0x18 bin/obj/rslib.a(core-dca77d77b03929cc.core.bbd04c23a4fa3c72-cgu.0.rcgu.o)
                0x000000004020ffb4                core::fmt::num::imp::<impl core::fmt::UpperExp for u32>::fmt
 .text._ZN4core3fmt3num3imp53_$LT$impl$u20$core..fmt..UpperExp$u20$for$u20$u64$GT$3fmt17h089d5041d0086602E
                0x000000004020ffcc       0x18 bin/obj/rslib.a(core-dca77d77b03929cc.core.bbd04c23a4fa3c72-cgu.0.rcgu.o)
                0x000000004020ffcc                core::fmt::num::imp::<impl core::fmt::UpperExp for usize>::fmt
                0x000000004020ffcc                core::fmt::num::imp::<impl core::fmt::UpperExp for u64>::fmt
 .text._ZN4core3fmt3num3imp7exp_u6417hcfe3e43662793de3E
                0x000000004020ffe4      0x540 bin/obj/rslib.a(core-dca77d77b03929cc.core.bbd04c23a4fa3c72-cgu.0.rcgu.o)
 .text._ZN4core3fmt3num49_$LT$impl$u20$core..fmt..Debug$u20$for$u20$i8$GT$3fmt17h827ef15b7c2cc75eE
                0x0000000040210524      0x18c bin/obj/rslib.a(core-dca77d77b03929cc.core.bbd04c23a4fa3c72-cgu.0.rcgu.o)
 .text._ZN4core3fmt3num49_$LT$impl$u20$core..fmt..Debug$u20$for$u20$u8$GT$3fmt17hbfcfc52b811f831eE
                0x00000000402106b0      0x170 bin/obj/rslib.a(core-dca77d77b03929cc.core.bbd04c23a4fa3c72-cgu.0.rcgu.o)
 .text._ZN4core3fmt3num49_$LT$impl$u20$core..fmt..Octal$u20$for$u20$i8$GT$3fmt17h938552005bb66eb0E
                0x0000000040210820       0x78 bin/obj/rslib.a(core-dca77d77b03929cc.core.bbd04c23a4fa3c72-cgu.0.rcgu.o)
                0x0000000040210820                core::fmt::num::<impl core::fmt::Octal for i8>::fmt
 .text._ZN4core3fmt3num49_$LT$impl$u20$core..fmt..Octal$u20$for$u20$u8$GT$3fmt17hf4ab8ae14edcc341E
                0x0000000040210898       0x78 bin/obj/rslib.a(core-dca77d77b03929cc.core.bbd04c23a4fa3c72-cgu.0.rcgu.o)
                0x0000000040210898                core::fmt::num::<impl core::fmt::Octal for u8>::fmt
 .text._ZN4core3fmt3num50_$LT$impl$u20$core..fmt..Binary$u20$for$u20$i8$GT$3fmt17h364fc7cada5f95ebE
                0x0000000040210910       0x78 bin/obj/rslib.a(core-dca77d77b03929cc.core.bbd04c23a4fa3c72-cgu.0.rcgu.o)
                0x0000000040210910                core::fmt::num::<impl core::fmt::Binary for i8>::fmt
 .text._ZN4core3fmt3num50_$LT$impl$u20$core..fmt..Binary$u20$for$u20$u8$GT$3fmt17he2c0567fc6506356E
                0x0000000040210988       0x78 bin/obj/rslib.a(core-dca77d77b03929cc.core.bbd04c23a4fa3c72-cgu.0.rcgu.o)
                0x0000000040210988                core::fmt::num::<impl core::fmt::Binary for u8>::fmt
 .text._ZN4core3fmt3num50_$LT$impl$u20$core..fmt..Debug$u20$for$u20$i16$GT$3fmt17hd85915d27365f48cE
                0x0000000040210a00      0x1dc bin/obj/rslib.a(core-dca77d77b03929cc.core.bbd04c23a4fa3c72-cgu.0.rcgu.o)
 .text._ZN4core3fmt3num50_$LT$impl$u20$core..fmt..Debug$u20$for$u20$u16$GT$3fmt17h02c79a3af51ec021E
                0x0000000040210bdc      0x1c8 bin/obj/rslib.a(core-dca77d77b03929cc.core.bbd04c23a4fa3c72-cgu.0.rcgu.o)
 .text._ZN4core3fmt3num50_$LT$impl$u20$core..fmt..Debug$u20$for$u20$u32$GT$3fmt17hdcaa54ae5b814f37E
                0x0000000040210da4      0x200 bin/obj/rslib.a(core-dca77d77b03929cc.core.bbd04c23a4fa3c72-cgu.0.rcgu.o)
 .text._ZN4core3fmt3num50_$LT$impl$u20$core..fmt..Debug$u20$for$u20$u64$GT$3fmt17h6612a6d4aeffcfe3E
                0x0000000040210fa4      0x1fc bin/obj/rslib.a(core-dca77d77b03929cc.core.bbd04c23a4fa3c72-cgu.0.rcgu.o)
 .text._ZN4core3fmt3num50_$LT$impl$u20$core..fmt..Octal$u20$for$u20$i16$GT$3fmt17hb30f0eff41b795d7E
                0x00000000402111a0       0x78 bin/obj/rslib.a(core-dca77d77b03929cc.core.bbd04c23a4fa3c72-cgu.0.rcgu.o)
                0x00000000402111a0                core::fmt::num::<impl core::fmt::Octal for i16>::fmt
 .text._ZN4core3fmt3num50_$LT$impl$u20$core..fmt..Octal$u20$for$u20$i32$GT$3fmt17h96bda70b13d869cfE
                0x0000000040211218       0x78 bin/obj/rslib.a(core-dca77d77b03929cc.core.bbd04c23a4fa3c72-cgu.0.rcgu.o)
                0x0000000040211218                core::fmt::num::<impl core::fmt::Octal for i32>::fmt
 .text._ZN4core3fmt3num50_$LT$impl$u20$core..fmt..Octal$u20$for$u20$i64$GT$3fmt17hbca0bdf49b956695E
                0x0000000040211290       0x78 bin/obj/rslib.a(core-dca77d77b03929cc.core.bbd04c23a4fa3c72-cgu.0.rcgu.o)
                0x0000000040211290                core::fmt::num::<impl core::fmt::Octal for i64>::fmt
                0x0000000040211290                core::fmt::num::<impl core::fmt::Octal for isize>::fmt
 .text._ZN4core3fmt3num50_$LT$impl$u20$core..fmt..Octal$u20$for$u20$u16$GT$3fmt17haa5505935580f60eE
                0x0000000040211308       0x78 bin/obj/rslib.a(core-dca77d77b03929cc.core.bbd04c23a4fa3c72-cgu.0.rcgu.o)
                0x0000000040211308                core::fmt::num::<impl core::fmt::Octal for u16>::fmt
 .text._ZN4core3fmt3num50_$LT$impl$u20$core..fmt..Octal$u20$for$u20$u32$GT$3fmt17h4a01e2886ae035d3E
                0x0000000040211380       0x78 bin/obj/rslib.a(core-dca77d77b03929cc.core.bbd04c23a4fa3c72-cgu.0.rcgu.o)
                0x0000000040211380                core::fmt::num::<impl core::fmt::Octal for u32>::fmt
 .text._ZN4core3fmt3num50_$LT$impl$u20$core..fmt..Octal$u20$for$u20$u64$GT$3fmt17hf6bc247530776172E
                0x00000000402113f8       0x78 bin/obj/rslib.a(core-dca77d77b03929cc.core.bbd04c23a4fa3c72-cgu.0.rcgu.o)
                0x00000000402113f8                core::fmt::num::<impl core::fmt::Octal for usize>::fmt
                0x00000000402113f8                core::fmt::num::<impl core::fmt::Octal for u64>::fmt
 .text._ZN4core3fmt3num51_$LT$impl$u20$core..fmt..Binary$u20$for$u20$i16$GT$3fmt17h57858060feef142cE
                0x0000000040211470       0x78 bin/obj/rslib.a(core-dca77d77b03929cc.core.bbd04c23a4fa3c72-cgu.0.rcgu.o)
                0x0000000040211470                core::fmt::num::<impl core::fmt::Binary for i16>::fmt
 .text._ZN4core3fmt3num51_$LT$impl$u20$core..fmt..Binary$u20$for$u20$i32$GT$3fmt17h0b19d692da06108dE
                0x00000000402114e8       0x78 bin/obj/rslib.a(core-dca77d77b03929cc.core.bbd04c23a4fa3c72-cgu.0.rcgu.o)
                0x00000000402114e8                core::fmt::num::<impl core::fmt::Binary for i32>::fmt
 .text._ZN4core3fmt3num51_$LT$impl$u20$core..fmt..Binary$u20$for$u20$i64$GT$3fmt17haeba80af4dc4e17eE
                0x0000000040211560       0x78 bin/obj/rslib.a(core-dca77d77b03929cc.core.bbd04c23a4fa3c72-cgu.0.rcgu.o)
                0x0000000040211560                core::fmt::num::<impl core::fmt::Binary for isize>::fmt
                0x0000000040211560                core::fmt::num::<impl core::fmt::Binary for i64>::fmt
 .text._ZN4core3fmt3num51_$LT$impl$u20$core..fmt..Binary$u20$for$u20$u16$GT$3fmt17h994032199faeaac8E
                0x00000000402115d8       0x78 bin/obj/rslib.a(core-dca77d77b03929cc.core.bbd04c23a4fa3c72-cgu.0.rcgu.o)
                0x00000000402115d8                core::fmt::num::<impl core::fmt::Binary for u16>::fmt
 .text._ZN4core3fmt3num51_$LT$impl$u20$core..fmt..Binary$u20$for$u20$u32$GT$3fmt17h97ec4d142d6b0a75E
                0x0000000040211650       0x78 bin/obj/rslib.a(core-dca77d77b03929cc.core.bbd04c23a4fa3c72-cgu.0.rcgu.o)
                0x0000000040211650                core::fmt::num::<impl core::fmt::Binary for u32>::fmt
 .text._ZN4core3fmt3num51_$LT$impl$u20$core..fmt..Binary$u20$for$u20$u64$GT$3fmt17h88494fdefc0ff8d9E
                0x00000000402116c8       0x78 bin/obj/rslib.a(core-dca77d77b03929cc.core.bbd04c23a4fa3c72-cgu.0.rcgu.o)
                0x00000000402116c8                core::fmt::num::<impl core::fmt::Binary for u64>::fmt
                0x00000000402116c8                core::fmt::num::<impl core::fmt::Binary for usize>::fmt
 .text._ZN4core3fmt3num51_$LT$impl$u20$core..fmt..Debug$u20$for$u20$i128$GT$3fmt17h02f9e17982837adcE
                0x0000000040211740      0x148 bin/obj/rslib.a(core-dca77d77b03929cc.core.bbd04c23a4fa3c72-cgu.0.rcgu.o)
 .text._ZN4core3fmt3num51_$LT$impl$u20$core..fmt..Debug$u20$for$u20$u128$GT$3fmt17hacbd24b09e2e612dE
                0x0000000040211888      0x128 bin/obj/rslib.a(core-dca77d77b03929cc.core.bbd04c23a4fa3c72-cgu.0.rcgu.o)
 .text._ZN4core3fmt3num51_$LT$impl$u20$core..fmt..Octal$u20$for$u20$i128$GT$3fmt17h30a46ebffb686345E
                0x00000000402119b0       0x84 bin/obj/rslib.a(core-dca77d77b03929cc.core.bbd04c23a4fa3c72-cgu.0.rcgu.o)
                0x00000000402119b0                core::fmt::num::<impl core::fmt::Octal for i128>::fmt
 .text._ZN4core3fmt3num51_$LT$impl$u20$core..fmt..Octal$u20$for$u20$u128$GT$3fmt17he9c20ead1f4ddb45E
                0x0000000040211a34       0x84 bin/obj/rslib.a(core-dca77d77b03929cc.core.bbd04c23a4fa3c72-cgu.0.rcgu.o)
                0x0000000040211a34                core::fmt::num::<impl core::fmt::Octal for u128>::fmt
 .text._ZN4core3fmt3num52_$LT$impl$u20$core..fmt..Binary$u20$for$u20$i128$GT$3fmt17h5ddc35715bb3478dE
                0x0000000040211ab8       0x84 bin/obj/rslib.a(core-dca77d77b03929cc.core.bbd04c23a4fa3c72-cgu.0.rcgu.o)
                0x0000000040211ab8                core::fmt::num::<impl core::fmt::Binary for i128>::fmt
 .text._ZN4core3fmt3num52_$LT$impl$u20$core..fmt..Binary$u20$for$u20$u128$GT$3fmt17h7c0ba53f984ef09eE
                0x0000000040211b3c       0x84 bin/obj/rslib.a(core-dca77d77b03929cc.core.bbd04c23a4fa3c72-cgu.0.rcgu.o)
                0x0000000040211b3c                core::fmt::num::<impl core::fmt::Binary for u128>::fmt
 .text._ZN4core3fmt3num52_$LT$impl$u20$core..fmt..Debug$u20$for$u20$usize$GT$3fmt17h43b30080ace008ecE
                0x0000000040211bc0      0x208 bin/obj/rslib.a(core-dca77d77b03929cc.core.bbd04c23a4fa3c72-cgu.0.rcgu.o)
 .text._ZN4core3fmt3num52_$LT$impl$u20$core..fmt..LowerHex$u20$for$u20$i8$GT$3fmt17hf695129635c083b3E
                0x0000000040211dc8       0x78 bin/obj/rslib.a(core-dca77d77b03929cc.core.bbd04c23a4fa3c72-cgu.0.rcgu.o)
                0x0000000040211dc8                core::fmt::num::<impl core::fmt::LowerHex for i8>::fmt
 .text._ZN4core3fmt3num52_$LT$impl$u20$core..fmt..LowerHex$u20$for$u20$u8$GT$3fmt17h41223f6c79c82479E
                0x0000000040211e40       0x78 bin/obj/rslib.a(core-dca77d77b03929cc.core.bbd04c23a4fa3c72-cgu.0.rcgu.o)
                0x0000000040211e40                core::fmt::num::<impl core::fmt::LowerHex for u8>::fmt
 .text._ZN4core3fmt3num52_$LT$impl$u20$core..fmt..UpperHex$u20$for$u20$i8$GT$3fmt17h407840cf8f4701b9E
                0x0000000040211eb8       0x78 bin/obj/rslib.a(core-dca77d77b03929cc.core.bbd04c23a4fa3c72-cgu.0.rcgu.o)
                0x0000000040211eb8                core::fmt::num::<impl core::fmt::UpperHex for i8>::fmt
 .text._ZN4core3fmt3num52_$LT$impl$u20$core..fmt..UpperHex$u20$for$u20$u8$GT$3fmt17h1c056f3c85dae395E
                0x0000000040211f30       0x78 bin/obj/rslib.a(core-dca77d77b03929cc.core.bbd04c23a4fa3c72-cgu.0.rcgu.o)
                0x0000000040211f30                core::fmt::num::<impl core::fmt::UpperHex for u8>::fmt
 .text._ZN4core3fmt3num53_$LT$impl$u20$core..fmt..Display$u20$for$u20$i128$GT$3fmt17h143e7e69baa593e3E
                0x0000000040211fa8       0x78 bin/obj/rslib.a(core-dca77d77b03929cc.core.bbd04c23a4fa3c72-cgu.0.rcgu.o)
                0x0000000040211fa8                core::fmt::num::<impl core::fmt::Display for i128>::fmt
 .text._ZN4core3fmt3num53_$LT$impl$u20$core..fmt..Display$u20$for$u20$u128$GT$3fmt17h93d3e8374317a9ebE
                0x0000000040212020       0x64 bin/obj/rslib.a(core-dca77d77b03929cc.core.bbd04c23a4fa3c72-cgu.0.rcgu.o)
                0x0000000040212020                core::fmt::num::<impl core::fmt::Display for u128>::fmt
 .text._ZN4core3fmt3num53_$LT$impl$u20$core..fmt..LowerHex$u20$for$u20$i16$GT$3fmt17h5b03a43fe071e9d2E
                0x0000000040212084       0x78 bin/obj/rslib.a(core-dca77d77b03929cc.core.bbd04c23a4fa3c72-cgu.0.rcgu.o)
                0x0000000040212084                core::fmt::num::<impl core::fmt::LowerHex for i16>::fmt
 .text._ZN4core3fmt3num53_$LT$impl$u20$core..fmt..LowerHex$u20$for$u20$i32$GT$3fmt17hc95ab94a833a1d52E
                0x00000000402120fc       0x78 bin/obj/rslib.a(core-dca77d77b03929cc.core.bbd04c23a4fa3c72-cgu.0.rcgu.o)
                0x00000000402120fc                core::fmt::num::<impl core::fmt::LowerHex for i32>::fmt
 .text._ZN4core3fmt3num53_$LT$impl$u20$core..fmt..LowerHex$u20$for$u20$i64$GT$3fmt17h78bab8b90a4593cfE
                0x0000000040212174       0x78 bin/obj/rslib.a(core-dca77d77b03929cc.core.bbd04c23a4fa3c72-cgu.0.rcgu.o)
                0x0000000040212174                core::fmt::num::<impl core::fmt::LowerHex for i64>::fmt
                0x0000000040212174                core::fmt::num::<impl core::fmt::LowerHex for isize>::fmt
 .text._ZN4core3fmt3num53_$LT$impl$u20$core..fmt..LowerHex$u20$for$u20$u16$GT$3fmt17h763f8ccc440b53a1E
                0x00000000402121ec       0x78 bin/obj/rslib.a(core-dca77d77b03929cc.core.bbd04c23a4fa3c72-cgu.0.rcgu.o)
                0x00000000402121ec                core::fmt::num::<impl core::fmt::LowerHex for u16>::fmt
 .text._ZN4core3fmt3num53_$LT$impl$u20$core..fmt..LowerHex$u20$for$u20$u32$GT$3fmt17h549c5dc88a23e071E
                0x0000000040212264       0x78 bin/obj/rslib.a(core-dca77d77b03929cc.core.bbd04c23a4fa3c72-cgu.0.rcgu.o)
                0x0000000040212264                core::fmt::num::<impl core::fmt::LowerHex for u32>::fmt
 .text._ZN4core3fmt3num53_$LT$impl$u20$core..fmt..LowerHex$u20$for$u20$u64$GT$3fmt17hdaccb1a7b83ad970E
                0x00000000402122dc       0x78 bin/obj/rslib.a(core-dca77d77b03929cc.core.bbd04c23a4fa3c72-cgu.0.rcgu.o)
                0x00000000402122dc                core::fmt::num::<impl core::fmt::LowerHex for usize>::fmt
                0x00000000402122dc                core::fmt::num::<impl core::fmt::LowerHex for u64>::fmt
 .text._ZN4core3fmt3num53_$LT$impl$u20$core..fmt..UpperHex$u20$for$u20$i16$GT$3fmt17hdc971805de989b2aE
                0x0000000040212354       0x78 bin/obj/rslib.a(core-dca77d77b03929cc.core.bbd04c23a4fa3c72-cgu.0.rcgu.o)
                0x0000000040212354                core::fmt::num::<impl core::fmt::UpperHex for i16>::fmt
 .text._ZN4core3fmt3num53_$LT$impl$u20$core..fmt..UpperHex$u20$for$u20$i32$GT$3fmt17h7f105a3b4f757369E
                0x00000000402123cc       0x78 bin/obj/rslib.a(core-dca77d77b03929cc.core.bbd04c23a4fa3c72-cgu.0.rcgu.o)
                0x00000000402123cc                core::fmt::num::<impl core::fmt::UpperHex for i32>::fmt
 .text._ZN4core3fmt3num53_$LT$impl$u20$core..fmt..UpperHex$u20$for$u20$i64$GT$3fmt17h9e197d4c17bda1a5E
                0x0000000040212444       0x78 bin/obj/rslib.a(core-dca77d77b03929cc.core.bbd04c23a4fa3c72-cgu.0.rcgu.o)
                0x0000000040212444                core::fmt::num::<impl core::fmt::UpperHex for isize>::fmt
                0x0000000040212444                core::fmt::num::<impl core::fmt::UpperHex for i64>::fmt
 .text._ZN4core3fmt3num53_$LT$impl$u20$core..fmt..UpperHex$u20$for$u20$u16$GT$3fmt17h4d373f4e1b192db5E
                0x00000000402124bc       0x78 bin/obj/rslib.a(core-dca77d77b03929cc.core.bbd04c23a4fa3c72-cgu.0.rcgu.o)
                0x00000000402124bc                core::fmt::num::<impl core::fmt::UpperHex for u16>::fmt
 .text._ZN4core3fmt3num53_$LT$impl$u20$core..fmt..UpperHex$u20$for$u20$u32$GT$3fmt17hfe57b8c17b9bbf1aE
                0x0000000040212534       0x78 bin/obj/rslib.a(core-dca77d77b03929cc.core.bbd04c23a4fa3c72-cgu.0.rcgu.o)
                0x0000000040212534                core::fmt::num::<impl core::fmt::UpperHex for u32>::fmt
 .text._ZN4core3fmt3num53_$LT$impl$u20$core..fmt..UpperHex$u20$for$u20$u64$GT$3fmt17h995153f9b3a5bfe9E
                0x00000000402125ac       0x78 bin/obj/rslib.a(core-dca77d77b03929cc.core.bbd04c23a4fa3c72-cgu.0.rcgu.o)
                0x00000000402125ac                core::fmt::num::<impl core::fmt::UpperHex for usize>::fmt
                0x00000000402125ac                core::fmt::num::<impl core::fmt::UpperHex for u64>::fmt
 .text._ZN4core3fmt3num54_$LT$impl$u20$core..fmt..LowerExp$u20$for$u20$i128$GT$3fmt17h30434f360a41b4c4E
                0x0000000040212624       0x2c bin/obj/rslib.a(core-dca77d77b03929cc.core.bbd04c23a4fa3c72-cgu.0.rcgu.o)
                0x0000000040212624                core::fmt::num::<impl core::fmt::LowerExp for i128>::fmt
 .text._ZN4core3fmt3num54_$LT$impl$u20$core..fmt..LowerExp$u20$for$u20$u128$GT$3fmt17ha11197f8c52dd830E
                0x0000000040212650       0x14 bin/obj/rslib.a(core-dca77d77b03929cc.core.bbd04c23a4fa3c72-cgu.0.rcgu.o)
                0x0000000040212650                core::fmt::num::<impl core::fmt::LowerExp for u128>::fmt
 .text._ZN4core3fmt3num54_$LT$impl$u20$core..fmt..LowerHex$u20$for$u20$i128$GT$3fmt17hb7c2328b2927a7e4E
                0x0000000040212664       0x84 bin/obj/rslib.a(core-dca77d77b03929cc.core.bbd04c23a4fa3c72-cgu.0.rcgu.o)
                0x0000000040212664                core::fmt::num::<impl core::fmt::LowerHex for i128>::fmt
 .text._ZN4core3fmt3num54_$LT$impl$u20$core..fmt..LowerHex$u20$for$u20$u128$GT$3fmt17hb4c13cc4839c5400E
                0x00000000402126e8       0x84 bin/obj/rslib.a(core-dca77d77b03929cc.core.bbd04c23a4fa3c72-cgu.0.rcgu.o)
                0x00000000402126e8                core::fmt::num::<impl core::fmt::LowerHex for u128>::fmt
 .text._ZN4core3fmt3num54_$LT$impl$u20$core..fmt..UpperExp$u20$for$u20$i128$GT$3fmt17h5f34c241245c987fE
                0x000000004021276c       0x2c bin/obj/rslib.a(core-dca77d77b03929cc.core.bbd04c23a4fa3c72-cgu.0.rcgu.o)
                0x000000004021276c                core::fmt::num::<impl core::fmt::UpperExp for i128>::fmt
 .text._ZN4core3fmt3num54_$LT$impl$u20$core..fmt..UpperExp$u20$for$u20$u128$GT$3fmt17h6e59dbb5e808480cE
                0x0000000040212798       0x14 bin/obj/rslib.a(core-dca77d77b03929cc.core.bbd04c23a4fa3c72-cgu.0.rcgu.o)
                0x0000000040212798                core::fmt::num::<impl core::fmt::UpperExp for u128>::fmt
 .text._ZN4core3fmt3num54_$LT$impl$u20$core..fmt..UpperHex$u20$for$u20$i128$GT$3fmt17h37959fbc370fc230E
                0x00000000402127ac       0x84 bin/obj/rslib.a(core-dca77d77b03929cc.core.bbd04c23a4fa3c72-cgu.0.rcgu.o)
                0x00000000402127ac                core::fmt::num::<impl core::fmt::UpperHex for i128>::fmt
 .text._ZN4core3fmt3num54_$LT$impl$u20$core..fmt..UpperHex$u20$for$u20$u128$GT$3fmt17h631d1b7b37eac1b1E
                0x0000000040212830       0x84 bin/obj/rslib.a(core-dca77d77b03929cc.core.bbd04c23a4fa3c72-cgu.0.rcgu.o)
                0x0000000040212830                core::fmt::num::<impl core::fmt::UpperHex for u128>::fmt
 .text._ZN4core3fmt3num8exp_u12817h1e087a08c7e7821cE
                0x00000000402128b4      0x908 bin/obj/rslib.a(core-dca77d77b03929cc.core.bbd04c23a4fa3c72-cgu.0.rcgu.o)
 .text._ZN4core3fmt5Write10write_char17h6c9f62c53d255419E
                0x00000000402131bc      0x110 bin/obj/rslib.a(core-dca77d77b03929cc.core.bbd04c23a4fa3c72-cgu.0.rcgu.o)
 .text._ZN4core3fmt5Write10write_char17hab3113e5f50b8d55E
                0x00000000402132cc      0x110 bin/obj/rslib.a(core-dca77d77b03929cc.core.bbd04c23a4fa3c72-cgu.0.rcgu.o)
 .text._ZN4core3fmt5Write10write_char17hafd2cc98f3cc0f9eE
                0x00000000402133dc      0x110 bin/obj/rslib.a(core-dca77d77b03929cc.core.bbd04c23a4fa3c72-cgu.0.rcgu.o)
 .text._ZN4core3fmt5Write10write_char17hafeca256d596fff5E
                0x00000000402134ec      0x110 bin/obj/rslib.a(core-dca77d77b03929cc.core.bbd04c23a4fa3c72-cgu.0.rcgu.o)
 .text._ZN4core3fmt5Write9write_fmt17h520d20e91ea5545dE
                0x00000000402135fc       0x10 bin/obj/rslib.a(core-dca77d77b03929cc.core.bbd04c23a4fa3c72-cgu.0.rcgu.o)
 .text._ZN4core3fmt5Write9write_fmt17h7c092140abd88642E
                0x000000004021360c       0x10 bin/obj/rslib.a(core-dca77d77b03929cc.core.bbd04c23a4fa3c72-cgu.0.rcgu.o)
 .text._ZN4core3fmt5Write9write_fmt17h95b21c1cd5581451E
                0x000000004021361c       0x10 bin/obj/rslib.a(core-dca77d77b03929cc.core.bbd04c23a4fa3c72-cgu.0.rcgu.o)
 .text._ZN4core3fmt5Write9write_fmt17h9e49c072d75e96bdE
                0x000000004021362c       0x10 bin/obj/rslib.a(core-dca77d77b03929cc.core.bbd04c23a4fa3c72-cgu.0.rcgu.o)
 .text._ZN4core3fmt5Write9write_fmt17hb1a75934f62025f1E
                0x000000004021363c       0x10 bin/obj/rslib.a(core-dca77d77b03929cc.core.bbd04c23a4fa3c72-cgu.0.rcgu.o)
 .text._ZN4core3fmt5float29float_to_decimal_common_exact17h0e50918e8fa3ee13E
                0x000000004021364c      0x330 bin/obj/rslib.a(core-dca77d77b03929cc.core.bbd04c23a4fa3c72-cgu.0.rcgu.o)
 .text._ZN4core3fmt5float29float_to_decimal_common_exact17hb9a2c5d04883627eE
                0x000000004021397c      0x32c bin/obj/rslib.a(core-dca77d77b03929cc.core.bbd04c23a4fa3c72-cgu.0.rcgu.o)
 .text._ZN4core3fmt5float29float_to_decimal_common_exact17hca083ab3e7c8879bE
                0x0000000040213ca8      0x330 bin/obj/rslib.a(core-dca77d77b03929cc.core.bbd04c23a4fa3c72-cgu.0.rcgu.o)
 .text._ZN4core3fmt5float32float_to_decimal_common_shortest17h0ceec187bec91d8aE
                0x0000000040213fd8      0x274 bin/obj/rslib.a(core-dca77d77b03929cc.core.bbd04c23a4fa3c72-cgu.0.rcgu.o)
 .text._ZN4core3fmt5float32float_to_decimal_common_shortest17hccc6e50c18412f99E
                0x000000004021424c      0x270 bin/obj/rslib.a(core-dca77d77b03929cc.core.bbd04c23a4fa3c72-cgu.0.rcgu.o)
 .text._ZN4core3fmt5float32float_to_decimal_common_shortest17he31e808fe2c6de51E
                0x00000000402144bc      0x274 bin/obj/rslib.a(core-dca77d77b03929cc.core.bbd04c23a4fa3c72-cgu.0.rcgu.o)
 .text._ZN4core3fmt5float33float_to_exponential_common_exact17h139f809f18339707E
                0x0000000040214730      0x364 bin/obj/rslib.a(core-dca77d77b03929cc.core.bbd04c23a4fa3c72-cgu.0.rcgu.o)
 .text._ZN4core3fmt5float33float_to_exponential_common_exact17h3b54b606a5e93c9aE
                0x0000000040214a94      0x360 bin/obj/rslib.a(core-dca77d77b03929cc.core.bbd04c23a4fa3c72-cgu.0.rcgu.o)
 .text._ZN4core3fmt5float33float_to_exponential_common_exact17h72232f886c9338e7E
                0x0000000040214df4      0x364 bin/obj/rslib.a(core-dca77d77b03929cc.core.bbd04c23a4fa3c72-cgu.0.rcgu.o)
 .text._ZN4core3fmt5float36float_to_exponential_common_shortest17hd613faf6d122fffdE
                0x0000000040215158      0x324 bin/obj/rslib.a(core-dca77d77b03929cc.core.bbd04c23a4fa3c72-cgu.0.rcgu.o)
 .text._ZN4core3fmt5float36float_to_exponential_common_shortest17hd81e605b83b8c904E
                0x000000004021547c      0x324 bin/obj/rslib.a(core-dca77d77b03929cc.core.bbd04c23a4fa3c72-cgu.0.rcgu.o)
 .text._ZN4core3fmt5float36float_to_exponential_common_shortest17hf01e77856c0611c9E
                0x00000000402157a0      0x320 bin/obj/rslib.a(core-dca77d77b03929cc.core.bbd04c23a4fa3c72-cgu.0.rcgu.o)
 .text._ZN4core3fmt5float50_$LT$impl$u20$core..fmt..Debug$u20$for$u20$f16$GT$3fmt17h98073eaa521987d1E
                0x0000000040215ac0       0x84 bin/obj/rslib.a(core-dca77d77b03929cc.core.bbd04c23a4fa3c72-cgu.0.rcgu.o)
                0x0000000040215ac0                core::fmt::float::<impl core::fmt::Debug for f16>::fmt
 .text._ZN4core3fmt5float50_$LT$impl$u20$core..fmt..Debug$u20$for$u20$f32$GT$3fmt17h356a0d769d6699d8E
                0x0000000040215b44       0x78 bin/obj/rslib.a(core-dca77d77b03929cc.core.bbd04c23a4fa3c72-cgu.0.rcgu.o)
                0x0000000040215b44                core::fmt::float::<impl core::fmt::Debug for f32>::fmt
 .text._ZN4core3fmt5float50_$LT$impl$u20$core..fmt..Debug$u20$for$u20$f64$GT$3fmt17hf05e6bf68a96b818E
                0x0000000040215bbc       0x70 bin/obj/rslib.a(core-dca77d77b03929cc.core.bbd04c23a4fa3c72-cgu.0.rcgu.o)
                0x0000000040215bbc                core::fmt::float::<impl core::fmt::Debug for f64>::fmt
 .text._ZN4core3fmt5float52_$LT$impl$u20$core..fmt..Display$u20$for$u20$f16$GT$3fmt17h99e2214d9239d00dE
                0x0000000040215c2c       0x2c bin/obj/rslib.a(core-dca77d77b03929cc.core.bbd04c23a4fa3c72-cgu.0.rcgu.o)
                0x0000000040215c2c                core::fmt::float::<impl core::fmt::Display for f16>::fmt
 .text._ZN4core3fmt5float52_$LT$impl$u20$core..fmt..Display$u20$for$u20$f32$GT$3fmt17h65e0a609525384cfE
                0x0000000040215c58       0x2c bin/obj/rslib.a(core-dca77d77b03929cc.core.bbd04c23a4fa3c72-cgu.0.rcgu.o)
                0x0000000040215c58                core::fmt::float::<impl core::fmt::Display for f32>::fmt
 .text._ZN4core3fmt5float52_$LT$impl$u20$core..fmt..Display$u20$for$u20$f64$GT$3fmt17he0314ea48bfe4fd0E
                0x0000000040215c84       0x2c bin/obj/rslib.a(core-dca77d77b03929cc.core.bbd04c23a4fa3c72-cgu.0.rcgu.o)
                0x0000000040215c84                core::fmt::float::<impl core::fmt::Display for f64>::fmt
 .text._ZN4core3fmt5float53_$LT$impl$u20$core..fmt..LowerExp$u20$for$u20$f16$GT$3fmt17h32eae0d8e61a65e8E
                0x0000000040215cb0       0x38 bin/obj/rslib.a(core-dca77d77b03929cc.core.bbd04c23a4fa3c72-cgu.0.rcgu.o)
                0x0000000040215cb0                core::fmt::float::<impl core::fmt::LowerExp for f16>::fmt
 .text._ZN4core3fmt5float53_$LT$impl$u20$core..fmt..LowerExp$u20$for$u20$f32$GT$3fmt17h48c202800b407b9eE
                0x0000000040215ce8       0x38 bin/obj/rslib.a(core-dca77d77b03929cc.core.bbd04c23a4fa3c72-cgu.0.rcgu.o)
                0x0000000040215ce8                core::fmt::float::<impl core::fmt::LowerExp for f32>::fmt
 .text._ZN4core3fmt5float53_$LT$impl$u20$core..fmt..LowerExp$u20$for$u20$f64$GT$3fmt17h12fcc30f7b05009fE
                0x0000000040215d20       0x38 bin/obj/rslib.a(core-dca77d77b03929cc.core.bbd04c23a4fa3c72-cgu.0.rcgu.o)
                0x0000000040215d20                core::fmt::float::<impl core::fmt::LowerExp for f64>::fmt
 .text._ZN4core3fmt5float53_$LT$impl$u20$core..fmt..UpperExp$u20$for$u20$f16$GT$3fmt17h83654050f23ca0ecE
                0x0000000040215d58       0x38 bin/obj/rslib.a(core-dca77d77b03929cc.core.bbd04c23a4fa3c72-cgu.0.rcgu.o)
[...]
 .debug_str     0x000000000003fd10       0x4f bin/obj/__boot/clean_bss.o
 .debug_str     0x000000000003fd10       0x51 bin/obj/__boot/panic/panic.o
 .debug_str     0x000000000003fd10       0x4a bin/obj/__boot/boot.o
 .debug_str     0x000000000003fd10       0x49 bin/obj/__boot/el1.o
 .debug_str     0x000000000003fd10       0x4c bin/obj/__boot/stacks.o
 .debug_str     0x000000000003fd10       0x55 bin/obj/__boot/secondary_entry.o
 .debug_str     0x000000000003fd10       0x61 bin/obj/__drivers/tmu/tmu_critical_default.o
 .debug_str     0x000000000003fd10       0x6d bin/obj/__drivers/interrupts/gicv3/gicv3_arm_interface.o
 .debug_str     0x000000000003fd10      0xfb6 bin/obj/kernel/irq/irq.o
 .debug_str     0x000000000003fd10      0x352 bin/obj/kernel/devices/drivers.o
 .debug_str     0x000000000003fd10      0x37a bin/obj/kernel/init/init.o
 .debug_str     0x000000000003fd10     0x1025 bin/obj/kernel/init/init_drivers.o
 .debug_str     0x000000000003fd10       0x8d bin/obj/kernel/malloc/buddy_allocator.o
 .debug_str     0x000000000003fd10      0x27e bin/obj/kernel/lib/smp.o
 .debug_str     0x000000000003fd10      0x371 bin/obj/kernel/kernel_entry.o
 .debug_str     0x000000000003fd10      0x111 bin/obj/arm/tfa/smccc.o
 .debug_str     0x000000000003fd10      0x16d bin/obj/arm/cpu.o
 .debug_str     0x000000000003fd10      0x1eb bin/obj/arm/exceptions/handlers/el1/el1_cur_sp0_fiq.o
 .debug_str     0x000000000003fd10      0x1ee bin/obj/arm/exceptions/handlers/el1/el1_low_a32_serror.o
 .debug_str     0x000000000003fd10      0x1eb bin/obj/arm/exceptions/handlers/el1/el1_low_a32_fiq.o
 .debug_str     0x000000000003fd10      0x1ec bin/obj/arm/exceptions/handlers/el1/el1_low_a64_sync.o
 .debug_str     0x000000000003fd10      0x1eb bin/obj/arm/exceptions/handlers/el1/el1_cur_spx_fiq.o
 .debug_str     0x000000000003fd10      0x182 bin/obj/arm/exceptions/handlers/el1/el1_cur_spx_irq.o
 .debug_str     0x000000000003fd10      0x1ee bin/obj/arm/exceptions/handlers/el1/el1_cur_spx_serror.o
 .debug_str     0x000000000003fd10      0x1eb bin/obj/arm/exceptions/handlers/el1/el1_low_a32_irq.o
 .debug_str     0x000000000003fd10      0x1eb bin/obj/arm/exceptions/handlers/el1/el1_low_a64_fiq.o
 .debug_str     0x000000000003fd10      0x1eb bin/obj/arm/exceptions/handlers/el1/el1_low_a64_irq.o
 .debug_str     0x000000000003fd10      0x1ec bin/obj/arm/exceptions/handlers/el1/el1_cur_sp0_sync.o
 .debug_str     0x000000000003fd10      0x1eb bin/obj/arm/exceptions/handlers/el1/el1_cur_sp0_irq.o
 .debug_str     0x000000000003fd10      0x1ee bin/obj/arm/exceptions/handlers/el1/el1_low_a64_serror.o
 .debug_str     0x000000000003fd10      0x1ec bin/obj/arm/exceptions/handlers/el1/el1_low_a32_sync.o
 .debug_str     0x000000000003fd10      0x1ee bin/obj/arm/exceptions/handlers/el1/el1_cur_sp0_serror.o
 .debug_str     0x000000000003fd10      0x1ec bin/obj/arm/exceptions/handlers/el1/el1_cur_spx_sync.o
 .debug_str     0x000000000003fd10      0x1ee bin/obj/arm/exceptions/handlers/el2/el2_low_a32_serror.o
 .debug_str     0x000000000003fd10      0x1ee bin/obj/arm/exceptions/handlers/el2/el2_cur_spx_serror.o
 .debug_str     0x000000000003fd10      0x1ee bin/obj/arm/exceptions/handlers/el2/el2_low_a64_serror.o
 .debug_str     0x000000000003fd10      0x1ec bin/obj/arm/exceptions/handlers/el2/el2_low_a64_sync.o
 .debug_str     0x000000000003fd10      0x1eb bin/obj/arm/exceptions/handlers/el2/el2_cur_sp0_irq.o
 .debug_str     0x000000000003fd10      0x1ee bin/obj/arm/exceptions/handlers/el2/el2_cur_sp0_serror.o
 .debug_str     0x000000000003fd10      0x1eb bin/obj/arm/exceptions/handlers/el2/el2_low_a64_irq.o
 .debug_str     0x000000000003fd10      0x1eb bin/obj/arm/exceptions/handlers/el2/el2_low_a64_fiq.o
 .debug_str     0x000000000003fd10      0x1eb bin/obj/arm/exceptions/handlers/el2/el2_cur_spx_fiq.o
 .debug_str     0x000000000003fd10      0x1eb bin/obj/arm/exceptions/handlers/el2/el2_low_a32_irq.o
 .debug_str     0x000000000003fd10      0x1eb bin/obj/arm/exceptions/handlers/el2/el2_cur_sp0_fiq.o
 .debug_str     0x000000000003fd10      0x1eb bin/obj/arm/exceptions/handlers/el2/el2_low_a32_fiq.o
 .debug_str     0x000000000003fd10      0x1ec bin/obj/arm/exceptions/handlers/el2/el2_cur_spx_sync.o
 .debug_str     0x000000000003fd10      0x1ec bin/obj/arm/exceptions/handlers/el2/el2_low_a32_sync.o
 .debug_str     0x000000000003fd10      0x1ec bin/obj/arm/exceptions/handlers/el2/el2_cur_sp0_sync.o
 .debug_str     0x000000000003fd10      0x1eb bin/obj/arm/exceptions/handlers/el2/el2_cur_spx_irq.o
 .debug_str     0x000000000003fd10      0x380 bin/obj/arm/exceptions/exceptions.o
 .debug_str     0x000000000003fd10      0x52e bin/obj/arm/mmu/mmu.o
 .debug_str     0x000000000003fd10      0x39d bin/obj/lib/string.o
 .debug_str     0x000000000003fd10      0x384 bin/obj/lib/memcpy/memcpy.o
 .debug_str     0x000000000003fd10      0x608 bin/obj/boot/panic/panic.o
 .debug_str     0x000000000003fd10      0x402 bin/obj/drivers/arm_generic_timer/arm_generic_timer.o
 .debug_str     0x000000000003fd10      0xb11 bin/obj/drivers/tmu/tmu.o
 .debug_str     0x000000000003fd10      0x8fb bin/obj/drivers/interrupts/gicv3/gicv3.o
 .debug_str     0x000000000003fd10       0x8d bin/obj/drivers/interrupts/irq.o
 .debug_str     0x000000000003fd10      0xf35 bin/obj/drivers/uart/uart.o
 .debug_str     0x000000000003fd10     0x1313 bin/obj/rslib.a(imx8mp_kernel-1a53598e06c50be6.imx8mp_kernel.241a9a11e0e6ae75-cgu.0.rcgu.o)
 .debug_str     0x000000000003fd10    0x3a6b4 bin/obj/rslib.a(core-dca77d77b03929cc.core.bbd04c23a4fa3c72-cgu.0.rcgu.o)
 .debug_str     0x000000000003fd10      0x178 bin/obj/rslib.a(compiler_builtins-fabd8ee97a026881.compiler_builtins.f286be164c3a919f-cgu.099.rcgu.o)
 .debug_str     0x000000000003fd10      0x7b4 bin/obj/rslib.a(compiler_builtins-fabd8ee97a026881.compiler_builtins.f286be164c3a919f-cgu.173.rcgu.o)
 .debug_str     0x000000000003fd10      0x194 bin/obj/rslib.a(compiler_builtins-fabd8ee97a026881.compiler_builtins.f286be164c3a919f-cgu.242.rcgu.o)
 .debug_str     0x000000000003fd10      0x47f bin/obj/rslib.a(compiler_builtins-fabd8ee97a026881.compiler_builtins.f286be164c3a919f-cgu.295.rcgu.o)
 .debug_str     0x000000000003fd10      0x4f9 bin/obj/rslib.a(compiler_builtins-fabd8ee97a026881.compiler_builtins.f286be164c3a919f-cgu.018.rcgu.o)

.debug_rnglists
                0x0000000000000000       0x71
 .debug_rnglists
                0x0000000000000000       0x23 bin/obj/__arm/exceptions/el2_vectors.o
 .debug_rnglists
                0x0000000000000023       0x23 bin/obj/__arm/exceptions/el1_vectors.o
 .debug_rnglists
                0x0000000000000046       0x2b bin/obj/lib/string.o

.comment        0x0000000000000000       0x71
 .comment       0x0000000000000000       0x71 bin/obj/kernel/irq/irq.o
                                         0x46 (size before relaxing)
 .comment       0x0000000000000071       0x46 bin/obj/kernel/devices/drivers.o
 .comment       0x0000000000000071       0x46 bin/obj/kernel/init/init.o
 .comment       0x0000000000000071       0x46 bin/obj/kernel/init/init_drivers.o
 .comment       0x0000000000000071       0x46 bin/obj/kernel/malloc/buddy_allocator.o
 .comment       0x0000000000000071       0x46 bin/obj/kernel/lib/smp.o
 .comment       0x0000000000000071       0x46 bin/obj/kernel/kernel_entry.o
 .comment       0x0000000000000071       0x46 bin/obj/arm/tfa/smccc.o
 .comment       0x0000000000000071       0x46 bin/obj/arm/cpu.o
 .comment       0x0000000000000071       0x46 bin/obj/arm/exceptions/handlers/el1/el1_cur_sp0_fiq.o
 .comment       0x0000000000000071       0x46 bin/obj/arm/exceptions/handlers/el1/el1_low_a32_serror.o
 .comment       0x0000000000000071       0x46 bin/obj/arm/exceptions/handlers/el1/el1_low_a32_fiq.o
 .comment       0x0000000000000071       0x46 bin/obj/arm/exceptions/handlers/el1/el1_low_a64_sync.o
 .comment       0x0000000000000071       0x46 bin/obj/arm/exceptions/handlers/el1/el1_cur_spx_fiq.o
 .comment       0x0000000000000071       0x46 bin/obj/arm/exceptions/handlers/el1/el1_cur_spx_irq.o
 .comment       0x0000000000000071       0x46 bin/obj/arm/exceptions/handlers/el1/el1_cur_spx_serror.o
 .comment       0x0000000000000071       0x46 bin/obj/arm/exceptions/handlers/el1/el1_low_a32_irq.o
 .comment       0x0000000000000071       0x46 bin/obj/arm/exceptions/handlers/el1/el1_low_a64_fiq.o
 .comment       0x0000000000000071       0x46 bin/obj/arm/exceptions/handlers/el1/el1_low_a64_irq.o
 .comment       0x0000000000000071       0x46 bin/obj/arm/exceptions/handlers/el1/el1_cur_sp0_sync.o
 .comment       0x0000000000000071       0x46 bin/obj/arm/exceptions/handlers/el1/el1_cur_sp0_irq.o
 .comment       0x0000000000000071       0x46 bin/obj/arm/exceptions/handlers/el1/el1_low_a64_serror.o
 .comment       0x0000000000000071       0x46 bin/obj/arm/exceptions/handlers/el1/el1_low_a32_sync.o
 .comment       0x0000000000000071       0x46 bin/obj/arm/exceptions/handlers/el1/el1_cur_sp0_serror.o
 .comment       0x0000000000000071       0x46 bin/obj/arm/exceptions/handlers/el1/el1_cur_spx_sync.o
 .comment       0x0000000000000071       0x46 bin/obj/arm/exceptions/handlers/el2/el2_low_a32_serror.o
 .comment       0x0000000000000071       0x46 bin/obj/arm/exceptions/handlers/el2/el2_cur_spx_serror.o
 .comment       0x0000000000000071       0x46 bin/obj/arm/exceptions/handlers/el2/el2_low_a64_serror.o
 .comment       0x0000000000000071       0x46 bin/obj/arm/exceptions/handlers/el2/el2_low_a64_sync.o
 .comment       0x0000000000000071       0x46 bin/obj/arm/exceptions/handlers/el2/el2_cur_sp0_irq.o
 .comment       0x0000000000000071       0x46 bin/obj/arm/exceptions/handlers/el2/el2_cur_sp0_serror.o
 .comment       0x0000000000000071       0x46 bin/obj/arm/exceptions/handlers/el2/el2_low_a64_irq.o
 .comment       0x0000000000000071       0x46 bin/obj/arm/exceptions/handlers/el2/el2_low_a64_fiq.o
 .comment       0x0000000000000071       0x46 bin/obj/arm/exceptions/handlers/el2/el2_cur_spx_fiq.o
 .comment       0x0000000000000071       0x46 bin/obj/arm/exceptions/handlers/el2/el2_low_a32_irq.o
 .comment       0x0000000000000071       0x46 bin/obj/arm/exceptions/handlers/el2/el2_cur_sp0_fiq.o
 .comment       0x0000000000000071       0x46 bin/obj/arm/exceptions/handlers/el2/el2_low_a32_fiq.o
 .comment       0x0000000000000071       0x46 bin/obj/arm/exceptions/handlers/el2/el2_cur_spx_sync.o
 .comment       0x0000000000000071       0x46 bin/obj/arm/exceptions/handlers/el2/el2_low_a32_sync.o
 .comment       0x0000000000000071       0x46 bin/obj/arm/exceptions/handlers/el2/el2_cur_sp0_sync.o
 .comment       0x0000000000000071       0x46 bin/obj/arm/exceptions/handlers/el2/el2_cur_spx_irq.o
 .comment       0x0000000000000071       0x46 bin/obj/arm/exceptions/exceptions.o
 .comment       0x0000000000000071       0x46 bin/obj/arm/mmu/mmu.o
 .comment       0x0000000000000071       0x46 bin/obj/lib/string.o
 .comment       0x0000000000000071       0x46 bin/obj/lib/memcpy/memcpy.o
 .comment       0x0000000000000071       0x46 bin/obj/boot/panic/panic.o
 .comment       0x0000000000000071       0x46 bin/obj/drivers/arm_generic_timer/arm_generic_timer.o
 .comment       0x0000000000000071       0x46 bin/obj/drivers/tmu/tmu.o
 .comment       0x0000000000000071       0x46 bin/obj/drivers/interrupts/gicv3/gicv3.o
 .comment       0x0000000000000071       0x46 bin/obj/drivers/interrupts/irq.o
 .comment       0x0000000000000071       0x46 bin/obj/drivers/uart/uart.o
 .comment       0x0000000000000071       0x2d bin/obj/rslib.a(imx8mp_kernel-1a53598e06c50be6.imx8mp_kernel.241a9a11e0e6ae75-cgu.0.rcgu.o)
 .comment       0x0000000000000071       0x2d bin/obj/rslib.a(core-dca77d77b03929cc.core.bbd04c23a4fa3c72-cgu.0.rcgu.o)
 .comment       0x0000000000000071       0x2d bin/obj/rslib.a(compiler_builtins-fabd8ee97a026881.compiler_builtins.f286be164c3a919f-cgu.099.rcgu.o)
 .comment       0x0000000000000071       0x2d bin/obj/rslib.a(compiler_builtins-fabd8ee97a026881.compiler_builtins.f286be164c3a919f-cgu.173.rcgu.o)
 .comment       0x0000000000000071       0x2d bin/obj/rslib.a(compiler_builtins-fabd8ee97a026881.compiler_builtins.f286be164c3a919f-cgu.242.rcgu.o)
 .comment       0x0000000000000071       0x2d bin/obj/rslib.a(compiler_builtins-fabd8ee97a026881.compiler_builtins.f286be164c3a919f-cgu.295.rcgu.o)
 .comment       0x0000000000000071       0x2d bin/obj/rslib.a(compiler_builtins-fabd8ee97a026881.compiler_builtins.f286be164c3a919f-cgu.018.rcgu.o)

.note.GNU-stack
                0x0000000000000000        0x0
 .note.GNU-stack
                0x0000000000000000        0x0 bin/obj/rslib.a(imx8mp_kernel-1a53598e06c50be6.imx8mp_kernel.241a9a11e0e6ae75-cgu.0.rcgu.o)
 .note.GNU-stack
                0x0000000000000000        0x0 bin/obj/rslib.a(core-dca77d77b03929cc.core.bbd04c23a4fa3c72-cgu.0.rcgu.o)
 .note.GNU-stack
                0x0000000000000000        0x0 bin/obj/rslib.a(compiler_builtins-fabd8ee97a026881.compiler_builtins.f286be164c3a919f-cgu.099.rcgu.o)
 .note.GNU-stack
                0x0000000000000000        0x0 bin/obj/rslib.a(compiler_builtins-fabd8ee97a026881.compiler_builtins.f286be164c3a919f-cgu.173.rcgu.o)
 .note.GNU-stack
                0x0000000000000000        0x0 bin/obj/rslib.a(compiler_builtins-fabd8ee97a026881.compiler_builtins.f286be164c3a919f-cgu.242.rcgu.o)
 .note.GNU-stack
                0x0000000000000000        0x0 bin/obj/rslib.a(compiler_builtins-fabd8ee97a026881.compiler_builtins.f286be164c3a919f-cgu.295.rcgu.o)
 .note.GNU-stack
                0x0000000000000000        0x0 bin/obj/rslib.a(compiler_builtins-fabd8ee97a026881.compiler_builtins.f286be164c3a919f-cgu.018.rcgu.o)

.debug_frame    0x0000000000000000     0x78e0
 .debug_frame   0x0000000000000000       0xa8 bin/obj/kernel/irq/irq.o
 .debug_frame   0x00000000000000a8       0x40 bin/obj/kernel/init/init.o
 .debug_frame   0x00000000000000e8      0x170 bin/obj/kernel/init/init_drivers.o
 .debug_frame   0x0000000000000258       0x60 bin/obj/kernel/lib/smp.o
 .debug_frame   0x00000000000002b8       0x58 bin/obj/kernel/kernel_entry.o
 .debug_frame   0x0000000000000310       0x38 bin/obj/arm/cpu.o
 .debug_frame   0x0000000000000348       0x30 bin/obj/arm/exceptions/handlers/el1/el1_cur_sp0_fiq.o
 .debug_frame   0x0000000000000378       0x30 bin/obj/arm/exceptions/handlers/el1/el1_low_a32_serror.o
 .debug_frame   0x00000000000003a8       0x30 bin/obj/arm/exceptions/handlers/el1/el1_low_a32_fiq.o
 .debug_frame   0x00000000000003d8       0x30 bin/obj/arm/exceptions/handlers/el1/el1_low_a64_sync.o
 .debug_frame   0x0000000000000408       0x30 bin/obj/arm/exceptions/handlers/el1/el1_cur_spx_fiq.o
 .debug_frame   0x0000000000000438       0x38 bin/obj/arm/exceptions/handlers/el1/el1_cur_spx_irq.o
 .debug_frame   0x0000000000000470       0x30 bin/obj/arm/exceptions/handlers/el1/el1_cur_spx_serror.o
 .debug_frame   0x00000000000004a0       0x30 bin/obj/arm/exceptions/handlers/el1/el1_low_a32_irq.o
 .debug_frame   0x00000000000004d0       0x30 bin/obj/arm/exceptions/handlers/el1/el1_low_a64_fiq.o
 .debug_frame   0x0000000000000500       0x30 bin/obj/arm/exceptions/handlers/el1/el1_low_a64_irq.o
 .debug_frame   0x0000000000000530       0x30 bin/obj/arm/exceptions/handlers/el1/el1_cur_sp0_sync.o
 .debug_frame   0x0000000000000560       0x30 bin/obj/arm/exceptions/handlers/el1/el1_cur_sp0_irq.o
 .debug_frame   0x0000000000000590       0x30 bin/obj/arm/exceptions/handlers/el1/el1_low_a64_serror.o
 .debug_frame   0x00000000000005c0       0x30 bin/obj/arm/exceptions/handlers/el1/el1_low_a32_sync.o
 .debug_frame   0x00000000000005f0       0x30 bin/obj/arm/exceptions/handlers/el1/el1_cur_sp0_serror.o
 .debug_frame   0x0000000000000620       0x30 bin/obj/arm/exceptions/handlers/el1/el1_cur_spx_sync.o
 .debug_frame   0x0000000000000650       0x30 bin/obj/arm/exceptions/handlers/el2/el2_low_a32_serror.o
 .debug_frame   0x0000000000000680       0x30 bin/obj/arm/exceptions/handlers/el2/el2_cur_spx_serror.o
 .debug_frame   0x00000000000006b0       0x30 bin/obj/arm/exceptions/handlers/el2/el2_low_a64_serror.o
 .debug_frame   0x00000000000006e0       0x30 bin/obj/arm/exceptions/handlers/el2/el2_low_a64_sync.o
 .debug_frame   0x0000000000000710       0x30 bin/obj/arm/exceptions/handlers/el2/el2_cur_sp0_irq.o
 .debug_frame   0x0000000000000740       0x30 bin/obj/arm/exceptions/handlers/el2/el2_cur_sp0_serror.o
 .debug_frame   0x0000000000000770       0x30 bin/obj/arm/exceptions/handlers/el2/el2_low_a64_irq.o
 .debug_frame   0x00000000000007a0       0x30 bin/obj/arm/exceptions/handlers/el2/el2_low_a64_fiq.o
 .debug_frame   0x00000000000007d0       0x30 bin/obj/arm/exceptions/handlers/el2/el2_cur_spx_fiq.o
 .debug_frame   0x0000000000000800       0x30 bin/obj/arm/exceptions/handlers/el2/el2_low_a32_irq.o
 .debug_frame   0x0000000000000830       0x30 bin/obj/arm/exceptions/handlers/el2/el2_cur_sp0_fiq.o
 .debug_frame   0x0000000000000860       0x30 bin/obj/arm/exceptions/handlers/el2/el2_low_a32_fiq.o
 .debug_frame   0x0000000000000890       0x30 bin/obj/arm/exceptions/handlers/el2/el2_cur_spx_sync.o
 .debug_frame   0x00000000000008c0       0x30 bin/obj/arm/exceptions/handlers/el2/el2_low_a32_sync.o
 .debug_frame   0x00000000000008f0       0x30 bin/obj/arm/exceptions/handlers/el2/el2_cur_sp0_sync.o
 .debug_frame   0x0000000000000920       0x30 bin/obj/arm/exceptions/handlers/el2/el2_cur_spx_irq.o
 .debug_frame   0x0000000000000950       0xd8 bin/obj/arm/exceptions/exceptions.o
 .debug_frame   0x0000000000000a28      0x128 bin/obj/arm/mmu/mmu.o
 .debug_frame   0x0000000000000b50       0x80 bin/obj/lib/string.o
 .debug_frame   0x0000000000000bd0       0x88 bin/obj/lib/memcpy/memcpy.o
 .debug_frame   0x0000000000000c58      0x148 bin/obj/boot/panic/panic.o
 .debug_frame   0x0000000000000da0      0x278 bin/obj/drivers/arm_generic_timer/arm_generic_timer.o
 .debug_frame   0x0000000000001018      0x978 bin/obj/drivers/tmu/tmu.o
 .debug_frame   0x0000000000001990      0x6f0 bin/obj/drivers/interrupts/gicv3/gicv3.o
 .debug_frame   0x0000000000002080      0xe48 bin/obj/drivers/uart/uart.o
 .debug_frame   0x0000000000002ec8      0x160 bin/obj/rslib.a(imx8mp_kernel-1a53598e06c50be6.imx8mp_kernel.241a9a11e0e6ae75-cgu.0.rcgu.o)
 .debug_frame   0x0000000000003028     0x47c0 bin/obj/rslib.a(core-dca77d77b03929cc.core.bbd04c23a4fa3c72-cgu.0.rcgu.o)
 .debug_frame   0x00000000000077e8       0x30 bin/obj/rslib.a(compiler_builtins-fabd8ee97a026881.compiler_builtins.f286be164c3a919f-cgu.099.rcgu.o)
 .debug_frame   0x0000000000007818       0x30 bin/obj/rslib.a(compiler_builtins-fabd8ee97a026881.compiler_builtins.f286be164c3a919f-cgu.173.rcgu.o)
 .debug_frame   0x0000000000007848       0x38 bin/obj/rslib.a(compiler_builtins-fabd8ee97a026881.compiler_builtins.f286be164c3a919f-cgu.242.rcgu.o)
 .debug_frame   0x0000000000007880       0x30 bin/obj/rslib.a(compiler_builtins-fabd8ee97a026881.compiler_builtins.f286be164c3a919f-cgu.295.rcgu.o)
 .debug_frame   0x00000000000078b0       0x30 bin/obj/rslib.a(compiler_builtins-fabd8ee97a026881.compiler_builtins.f286be164c3a919f-cgu.018.rcgu.o)

.debug_loc      0x0000000000000000      0xe2e
 .debug_loc     0x0000000000000000      0xe2e bin/obj/rslib.a(imx8mp_kernel-1a53598e06c50be6.imx8mp_kernel.241a9a11e0e6ae75-cgu.0.rcgu.o)

.debug_ranges   0x0000000000000000    0x1bc10
 .debug_ranges  0x0000000000000000      0x640 bin/obj/rslib.a(imx8mp_kernel-1a53598e06c50be6.imx8mp_kernel.241a9a11e0e6ae75-cgu.0.rcgu.o)
 .debug_ranges  0x0000000000000640    0x1b320 bin/obj/rslib.a(core-dca77d77b03929cc.core.bbd04c23a4fa3c72-cgu.0.rcgu.o)
 .debug_ranges  0x000000000001b960       0x90 bin/obj/rslib.a(compiler_builtins-fabd8ee97a026881.compiler_builtins.f286be164c3a919f-cgu.173.rcgu.o)
 .debug_ranges  0x000000000001b9f0       0x90 bin/obj/rslib.a(compiler_builtins-fabd8ee97a026881.compiler_builtins.f286be164c3a919f-cgu.295.rcgu.o)
 .debug_ranges  0x000000000001ba80      0x190 bin/obj/rslib.a(compiler_builtins-fabd8ee97a026881.compiler_builtins.f286be164c3a919f-cgu.018.rcgu.o)
