
There are no discarded input sections

Memory Configuration

Name             Origin             Length             Attributes
*default*        0x0000000000000000 0xffffffffffffffff

Linker script and memory map

                0x0000000040000000                . = 0x40000000

.text           0x0000000040000000     0x28f0
 *(.text.boot)
 .text.boot     0x0000000040000000       0x38 bin/obj/__boot/boot.o
                0x0000000040000000                _start
 *(.text*)
 .text          0x0000000040000038        0xc bin/obj/__arm/sysregs.o
                0x0000000040000038                _currentEL
 *fill*         0x0000000040000044        0xc 
 .text          0x0000000040000050      0x910 bin/obj/__arm/exceptions/el2_vectors.o
                0x0000000040000050                _el2_init_vector
 .text          0x0000000040000960       0x68 bin/obj/__arm/exceptions/exceptions.o
                0x0000000040000960                _exceptions_get_DAIF
                0x0000000040000968                _fiq_exceptions_enable
                0x0000000040000974                _irq_exceptions_enable
                0x0000000040000980                _serror_exceptions_enable
                0x000000004000098c                _debug_exceptions_enable
                0x0000000040000998                _fiq_exceptions_disable
                0x00000000400009a4                _irq_exceptions_disable
                0x00000000400009b0                _serror_exceptions_disable
                0x00000000400009bc                _debug_exceptions_disable
 *fill*         0x00000000400009c8        0x8 
 .text          0x00000000400009d0      0x250 bin/obj/__lib/memcpy/memcpy.o
                0x00000000400009d0                _memcpy
                0x0000000040000ae0                _memcpy64
                0x0000000040000b10                _memcpy32
                0x0000000040000b40                _memcpy16
                0x0000000040000b70                _memcpy8
                0x0000000040000ba0                _memcpy4
                0x0000000040000bd0                _memcpy2
                0x0000000040000c00                _memcpy1
 .text          0x0000000040000c20       0x58 bin/obj/__boot/clean_bss.o
                0x0000000040000c20                _clean_bss
 .text          0x0000000040000c78        0x0 bin/obj/__boot/boot.o
 .text          0x0000000040000c78      0x270 bin/obj/kernel/panic.o
                0x0000000040000c78                init_panic
                0x0000000040000d2c                panic
                0x0000000040000e44                set_panic
                0x0000000040000eb4                set_and_throw_panic
 .text          0x0000000040000ee8        0x0 bin/obj/kernel/malloc/buddy_allocator.o
 .text          0x0000000040000ee8      0x180 bin/obj/kernel/kernel_entry.o
                0x0000000040000f08                kernel_entry
 .text          0x0000000040001068       0x4c bin/obj/arm/exceptions/handlers/el2/el2_low_a32_serror.o
                0x0000000040001068                el2_low_a32_serror_handler
 .text          0x00000000400010b4       0x4c bin/obj/arm/exceptions/handlers/el2/el2_cur_spx_serror.o
                0x00000000400010b4                el2_cur_spx_serror_handler
 .text          0x0000000040001100       0x4c bin/obj/arm/exceptions/handlers/el2/el2_low_a64_serror.o
                0x0000000040001100                el2_low_a64_serror_handler
 .text          0x000000004000114c       0x4c bin/obj/arm/exceptions/handlers/el2/el2_low_a64_sync.o
                0x000000004000114c                el2_low_a64_sync_handler
 .text          0x0000000040001198       0x4c bin/obj/arm/exceptions/handlers/el2/el2_cur_sp0_irq.o
                0x0000000040001198                el2_cur_sp0_irq_handler
 .text          0x00000000400011e4       0x4c bin/obj/arm/exceptions/handlers/el2/el2_cur_sp0_serror.o
                0x00000000400011e4                el2_cur_sp0_serror_handler
 .text          0x0000000040001230       0x4c bin/obj/arm/exceptions/handlers/el2/el2_low_a64_irq.o
                0x0000000040001230                el2_low_a64_irq_handler
 .text          0x000000004000127c       0x4c bin/obj/arm/exceptions/handlers/el2/el2_low_a64_fiq.o
                0x000000004000127c                el2_low_a64_fiq_handler
 .text          0x00000000400012c8       0x4c bin/obj/arm/exceptions/handlers/el2/el2_cur_spx_fiq.o
                0x00000000400012c8                el2_cur_spx_fiq_handler
 .text          0x0000000040001314       0x4c bin/obj/arm/exceptions/handlers/el2/el2_low_a32_irq.o
                0x0000000040001314                el2_low_a32_irq_handler
 .text          0x0000000040001360       0x4c bin/obj/arm/exceptions/handlers/el2/el2_cur_sp0_fiq.o
                0x0000000040001360                el2_cur_sp0_fiq_handler
 .text          0x00000000400013ac       0x4c bin/obj/arm/exceptions/handlers/el2/el2_low_a32_fiq.o
                0x00000000400013ac                el2_low_a32_fiq_handler
 .text          0x00000000400013f8       0x4c bin/obj/arm/exceptions/handlers/el2/el2_cur_spx_sync.o
                0x00000000400013f8                el2_cur_spx_sync_handler
 .text          0x0000000040001444       0x4c bin/obj/arm/exceptions/handlers/el2/el2_low_a32_sync.o
                0x0000000040001444                el2_low_a32_sync_handler
 .text          0x0000000040001490       0x4c bin/obj/arm/exceptions/handlers/el2/el2_cur_sp0_sync.o
                0x0000000040001490                el2_cur_sp0_sync_handler
 .text          0x00000000400014dc       0x4c bin/obj/arm/exceptions/handlers/el2/el2_cur_spx_irq.o
                0x00000000400014dc                el2_cur_spx_irq_handler
 .text          0x0000000040001528      0x1f4 bin/obj/arm/exceptions/exceptions.o
                0x0000000040001528                exceptions_get_status
                0x00000000400015ac                exceptions_set_status
                0x0000000040001634                exceptions_enable
                0x00000000400016a8                exceptions_disable
 .text          0x000000004000171c      0x7cc bin/obj/lib/string.o
                0x000000004000171c                strcopy
                0x00000000400017b0                uint8_to_ascii_char
                0x0000000040001820                stdint_to_ascii
 .text          0x0000000040001ee8      0x1d0 bin/obj/lib/memcpy/memcpy.o
                0x0000000040001ee8                memcpy64_aligned
                0x0000000040002024                memcpy64
 .text          0x00000000400020b8      0x830 bin/obj/drivers/uart/uart.o
                0x00000000400025d8                UART_putc
                0x0000000040002640                UART_puts
                0x0000000040002690                UART_reset
                0x0000000040002728                UART_init
                0x0000000040002874                UART_read
                0x00000000400028f0                . = ALIGN (0x10)
 *fill*         0x00000000400028e8        0x8 

.iplt           0x00000000400028f0        0x0
 .iplt          0x00000000400028f0        0x0 bin/obj/__arm/exceptions/el2_vectors.o

.vectors        0x0000000040003000      0x784
 *(.vectors)
 .vectors       0x0000000040003000      0x784 bin/obj/__arm/exceptions/el2_vectors.o
                0x0000000040003000                _el2_vector_table

.rodata         0x0000000040003790      0x8e0
 *(.rodata*)
 .rodata        0x0000000040003790       0xba bin/obj/kernel/panic.o
 *fill*         0x000000004000384a        0x6 
 .rodata        0x0000000040003850       0x83 bin/obj/kernel/kernel_entry.o
 *fill*         0x00000000400038d3        0x5 
 .rodata        0x00000000400038d8       0x56 bin/obj/arm/exceptions/handlers/el2/el2_low_a32_serror.o
 *fill*         0x000000004000392e        0x2 
 .rodata        0x0000000040003930       0x56 bin/obj/arm/exceptions/handlers/el2/el2_cur_spx_serror.o
 *fill*         0x0000000040003986        0x2 
 .rodata        0x0000000040003988       0x56 bin/obj/arm/exceptions/handlers/el2/el2_low_a64_serror.o
 *fill*         0x00000000400039de        0x2 
 .rodata        0x00000000400039e0       0x54 bin/obj/arm/exceptions/handlers/el2/el2_low_a64_sync.o
 *fill*         0x0000000040003a34        0x4 
 .rodata        0x0000000040003a38       0x53 bin/obj/arm/exceptions/handlers/el2/el2_cur_sp0_irq.o
 *fill*         0x0000000040003a8b        0x5 
 .rodata        0x0000000040003a90       0x56 bin/obj/arm/exceptions/handlers/el2/el2_cur_sp0_serror.o
 *fill*         0x0000000040003ae6        0x2 
 .rodata        0x0000000040003ae8       0x53 bin/obj/arm/exceptions/handlers/el2/el2_low_a64_irq.o
 *fill*         0x0000000040003b3b        0x5 
 .rodata        0x0000000040003b40       0x53 bin/obj/arm/exceptions/handlers/el2/el2_low_a64_fiq.o
 *fill*         0x0000000040003b93        0x5 
 .rodata        0x0000000040003b98       0x53 bin/obj/arm/exceptions/handlers/el2/el2_cur_spx_fiq.o
 *fill*         0x0000000040003beb        0x5 
 .rodata        0x0000000040003bf0       0x53 bin/obj/arm/exceptions/handlers/el2/el2_low_a32_irq.o
 *fill*         0x0000000040003c43        0x5 
 .rodata        0x0000000040003c48       0x53 bin/obj/arm/exceptions/handlers/el2/el2_cur_sp0_fiq.o
 *fill*         0x0000000040003c9b        0x5 
 .rodata        0x0000000040003ca0       0x53 bin/obj/arm/exceptions/handlers/el2/el2_low_a32_fiq.o
 *fill*         0x0000000040003cf3        0x5 
 .rodata        0x0000000040003cf8       0x54 bin/obj/arm/exceptions/handlers/el2/el2_cur_spx_sync.o
 *fill*         0x0000000040003d4c        0x4 
 .rodata        0x0000000040003d50       0x54 bin/obj/arm/exceptions/handlers/el2/el2_low_a32_sync.o
 *fill*         0x0000000040003da4        0x4 
 .rodata        0x0000000040003da8       0x54 bin/obj/arm/exceptions/handlers/el2/el2_cur_sp0_sync.o
 *fill*         0x0000000040003dfc        0x4 
 .rodata        0x0000000040003e00       0x53 bin/obj/arm/exceptions/handlers/el2/el2_cur_spx_irq.o
 *fill*         0x0000000040003e53        0x5 
 .rodata        0x0000000040003e58      0x115 bin/obj/lib/string.o
 *fill*         0x0000000040003f6d        0x3 
 .rodata        0x0000000040003f70       0xd7 bin/obj/lib/memcpy/memcpy.o
 *fill*         0x0000000040004047        0x1 
 .rodata        0x0000000040004048       0x20 bin/obj/drivers/uart/uart.o
                0x0000000040004070                . = ALIGN (0x10)
 *fill*         0x0000000040004068        0x8 

.rela.dyn       0x0000000040004070        0x0
 .rela.iplt     0x0000000040004070        0x0 bin/obj/__arm/exceptions/el2_vectors.o
 .rela.text     0x0000000040004070        0x0 bin/obj/__arm/exceptions/el2_vectors.o
 .rela.text.boot
                0x0000000040004070        0x0 bin/obj/__arm/exceptions/el2_vectors.o

.data           0x0000000040004070        0x0
 *(.data*)
 .data          0x0000000040004070        0x0 bin/obj/__arm/sysregs.o
 .data          0x0000000040004070        0x0 bin/obj/__arm/exceptions/el2_vectors.o
 .data          0x0000000040004070        0x0 bin/obj/__arm/exceptions/exceptions.o
 .data          0x0000000040004070        0x0 bin/obj/__lib/memcpy/memcpy.o
 .data          0x0000000040004070        0x0 bin/obj/__boot/clean_bss.o
 .data          0x0000000040004070        0x0 bin/obj/__boot/boot.o
 .data          0x0000000040004070        0x0 bin/obj/kernel/panic.o
 .data          0x0000000040004070        0x0 bin/obj/kernel/malloc/buddy_allocator.o
 .data          0x0000000040004070        0x0 bin/obj/kernel/kernel_entry.o
 .data          0x0000000040004070        0x0 bin/obj/arm/exceptions/handlers/el2/el2_low_a32_serror.o
 .data          0x0000000040004070        0x0 bin/obj/arm/exceptions/handlers/el2/el2_cur_spx_serror.o
 .data          0x0000000040004070        0x0 bin/obj/arm/exceptions/handlers/el2/el2_low_a64_serror.o
 .data          0x0000000040004070        0x0 bin/obj/arm/exceptions/handlers/el2/el2_low_a64_sync.o
 .data          0x0000000040004070        0x0 bin/obj/arm/exceptions/handlers/el2/el2_cur_sp0_irq.o
 .data          0x0000000040004070        0x0 bin/obj/arm/exceptions/handlers/el2/el2_cur_sp0_serror.o
 .data          0x0000000040004070        0x0 bin/obj/arm/exceptions/handlers/el2/el2_low_a64_irq.o
 .data          0x0000000040004070        0x0 bin/obj/arm/exceptions/handlers/el2/el2_low_a64_fiq.o
 .data          0x0000000040004070        0x0 bin/obj/arm/exceptions/handlers/el2/el2_cur_spx_fiq.o
 .data          0x0000000040004070        0x0 bin/obj/arm/exceptions/handlers/el2/el2_low_a32_irq.o
 .data          0x0000000040004070        0x0 bin/obj/arm/exceptions/handlers/el2/el2_cur_sp0_fiq.o
 .data          0x0000000040004070        0x0 bin/obj/arm/exceptions/handlers/el2/el2_low_a32_fiq.o
 .data          0x0000000040004070        0x0 bin/obj/arm/exceptions/handlers/el2/el2_cur_spx_sync.o
 .data          0x0000000040004070        0x0 bin/obj/arm/exceptions/handlers/el2/el2_low_a32_sync.o
 .data          0x0000000040004070        0x0 bin/obj/arm/exceptions/handlers/el2/el2_cur_sp0_sync.o
 .data          0x0000000040004070        0x0 bin/obj/arm/exceptions/handlers/el2/el2_cur_spx_irq.o
 .data          0x0000000040004070        0x0 bin/obj/arm/exceptions/exceptions.o
 .data          0x0000000040004070        0x0 bin/obj/lib/string.o
 .data          0x0000000040004070        0x0 bin/obj/lib/memcpy/memcpy.o
 .data          0x0000000040004070        0x0 bin/obj/drivers/uart/uart.o
                0x0000000040004070                . = ALIGN (0x10)

.igot.plt       0x0000000040004070        0x0
 .igot.plt      0x0000000040004070        0x0 bin/obj/__arm/exceptions/el2_vectors.o

.bss            0x0000000040004080     0x1440
                0x0000000040004080                __bss_start = .
 *(.bss*)
 .bss           0x0000000040004080        0x0 bin/obj/__arm/sysregs.o
 .bss           0x0000000040004080        0x0 bin/obj/__arm/exceptions/el2_vectors.o
 .bss           0x0000000040004080        0x0 bin/obj/__arm/exceptions/exceptions.o
 .bss           0x0000000040004080        0x0 bin/obj/__lib/memcpy/memcpy.o
 .bss           0x0000000040004080        0x0 bin/obj/__boot/clean_bss.o
 .bss           0x0000000040004080        0x0 bin/obj/__boot/boot.o
 .bss           0x0000000040004080     0x1430 bin/obj/kernel/panic.o
                0x0000000040004080                PANIC_MESSAGE_BUF_SIZE
                0x0000000040004088                PANIC_FILE_BUF_SIZE
                0x0000000040004090                PANIC_MESSAGE_BUF_PTR
                0x0000000040004098                PANIC_FILE_BUF_PTR
                0x00000000400040a0                PANIC_LINE
                0x00000000400040a4                PANIC_COL
 .bss           0x00000000400054b0        0x0 bin/obj/kernel/malloc/buddy_allocator.o
 .bss           0x00000000400054b0        0x0 bin/obj/kernel/kernel_entry.o
 .bss           0x00000000400054b0        0x0 bin/obj/arm/exceptions/handlers/el2/el2_low_a32_serror.o
 .bss           0x00000000400054b0        0x0 bin/obj/arm/exceptions/handlers/el2/el2_cur_spx_serror.o
 .bss           0x00000000400054b0        0x0 bin/obj/arm/exceptions/handlers/el2/el2_low_a64_serror.o
 .bss           0x00000000400054b0        0x0 bin/obj/arm/exceptions/handlers/el2/el2_low_a64_sync.o
 .bss           0x00000000400054b0        0x0 bin/obj/arm/exceptions/handlers/el2/el2_cur_sp0_irq.o
 .bss           0x00000000400054b0        0x0 bin/obj/arm/exceptions/handlers/el2/el2_cur_sp0_serror.o
 .bss           0x00000000400054b0        0x0 bin/obj/arm/exceptions/handlers/el2/el2_low_a64_irq.o
 .bss           0x00000000400054b0        0x0 bin/obj/arm/exceptions/handlers/el2/el2_low_a64_fiq.o
 .bss           0x00000000400054b0        0x0 bin/obj/arm/exceptions/handlers/el2/el2_cur_spx_fiq.o
 .bss           0x00000000400054b0        0x0 bin/obj/arm/exceptions/handlers/el2/el2_low_a32_irq.o
 .bss           0x00000000400054b0        0x0 bin/obj/arm/exceptions/handlers/el2/el2_cur_sp0_fiq.o
 .bss           0x00000000400054b0        0x0 bin/obj/arm/exceptions/handlers/el2/el2_low_a32_fiq.o
 .bss           0x00000000400054b0        0x0 bin/obj/arm/exceptions/handlers/el2/el2_cur_spx_sync.o
 .bss           0x00000000400054b0        0x0 bin/obj/arm/exceptions/handlers/el2/el2_low_a32_sync.o
 .bss           0x00000000400054b0        0x0 bin/obj/arm/exceptions/handlers/el2/el2_cur_sp0_sync.o
 .bss           0x00000000400054b0        0x0 bin/obj/arm/exceptions/handlers/el2/el2_cur_spx_irq.o
 .bss           0x00000000400054b0        0x0 bin/obj/arm/exceptions/exceptions.o
 .bss           0x00000000400054b0        0x0 bin/obj/lib/string.o
 .bss           0x00000000400054b0        0x0 bin/obj/lib/memcpy/memcpy.o
 .bss           0x00000000400054b0        0x0 bin/obj/drivers/uart/uart.o
 *(COMMON)
                0x00000000400054c0                . = ALIGN (0x40)
 *fill*         0x00000000400054b0       0x10 
                0x00000000400054c0                __bss_end = .

.stacks         0x0000000040006000   0xa00000
                0x0000000040006000                . = ALIGN (0x10)
                0x0000000040006000                __stack_el1_bottom = .
                0x0000000040506000                . = (. + 0x500000)
 *fill*         0x0000000040006000   0x500000 
                0x0000000040506000                __stack_el1_top = .
                0x0000000040506000                . = ALIGN (0x10)
                0x0000000040506000                __stack_el2_bottom = .
                0x0000000040a06000                . = (. + 0x500000)
 *fill*         0x0000000040506000   0x500000 
                0x0000000040a06000                __stack_el2_top = .
LOAD bin/obj/__arm/sysregs.o
LOAD bin/obj/__arm/exceptions/el2_vectors.o
LOAD bin/obj/__arm/exceptions/exceptions.o
LOAD bin/obj/__lib/memcpy/memcpy.o
LOAD bin/obj/__boot/clean_bss.o
LOAD bin/obj/__boot/boot.o
LOAD bin/obj/kernel/panic.o
LOAD bin/obj/kernel/malloc/buddy_allocator.o
LOAD bin/obj/kernel/kernel_entry.o
LOAD bin/obj/arm/exceptions/handlers/el2/el2_low_a32_serror.o
LOAD bin/obj/arm/exceptions/handlers/el2/el2_cur_spx_serror.o
LOAD bin/obj/arm/exceptions/handlers/el2/el2_low_a64_serror.o
LOAD bin/obj/arm/exceptions/handlers/el2/el2_low_a64_sync.o
LOAD bin/obj/arm/exceptions/handlers/el2/el2_cur_sp0_irq.o
LOAD bin/obj/arm/exceptions/handlers/el2/el2_cur_sp0_serror.o
LOAD bin/obj/arm/exceptions/handlers/el2/el2_low_a64_irq.o
LOAD bin/obj/arm/exceptions/handlers/el2/el2_low_a64_fiq.o
LOAD bin/obj/arm/exceptions/handlers/el2/el2_cur_spx_fiq.o
LOAD bin/obj/arm/exceptions/handlers/el2/el2_low_a32_irq.o
LOAD bin/obj/arm/exceptions/handlers/el2/el2_cur_sp0_fiq.o
LOAD bin/obj/arm/exceptions/handlers/el2/el2_low_a32_fiq.o
LOAD bin/obj/arm/exceptions/handlers/el2/el2_cur_spx_sync.o
LOAD bin/obj/arm/exceptions/handlers/el2/el2_low_a32_sync.o
LOAD bin/obj/arm/exceptions/handlers/el2/el2_cur_sp0_sync.o
LOAD bin/obj/arm/exceptions/handlers/el2/el2_cur_spx_irq.o
LOAD bin/obj/arm/exceptions/exceptions.o
LOAD bin/obj/lib/string.o
LOAD bin/obj/lib/memcpy/memcpy.o
LOAD bin/obj/drivers/uart/uart.o
LOAD bin/obj/rslib.a
OUTPUT(bin/kernel.elf elf64-littleaarch64)
LOAD linker stubs

.comment        0x0000000000000000       0x45
 .comment       0x0000000000000000       0x45 bin/obj/kernel/panic.o
                                         0x46 (size before relaxing)
 .comment       0x0000000000000045       0x46 bin/obj/kernel/malloc/buddy_allocator.o
 .comment       0x0000000000000045       0x46 bin/obj/kernel/kernel_entry.o
 .comment       0x0000000000000045       0x46 bin/obj/arm/exceptions/handlers/el2/el2_low_a32_serror.o
 .comment       0x0000000000000045       0x46 bin/obj/arm/exceptions/handlers/el2/el2_cur_spx_serror.o
 .comment       0x0000000000000045       0x46 bin/obj/arm/exceptions/handlers/el2/el2_low_a64_serror.o
 .comment       0x0000000000000045       0x46 bin/obj/arm/exceptions/handlers/el2/el2_low_a64_sync.o
 .comment       0x0000000000000045       0x46 bin/obj/arm/exceptions/handlers/el2/el2_cur_sp0_irq.o
 .comment       0x0000000000000045       0x46 bin/obj/arm/exceptions/handlers/el2/el2_cur_sp0_serror.o
 .comment       0x0000000000000045       0x46 bin/obj/arm/exceptions/handlers/el2/el2_low_a64_irq.o
 .comment       0x0000000000000045       0x46 bin/obj/arm/exceptions/handlers/el2/el2_low_a64_fiq.o
 .comment       0x0000000000000045       0x46 bin/obj/arm/exceptions/handlers/el2/el2_cur_spx_fiq.o
 .comment       0x0000000000000045       0x46 bin/obj/arm/exceptions/handlers/el2/el2_low_a32_irq.o
 .comment       0x0000000000000045       0x46 bin/obj/arm/exceptions/handlers/el2/el2_cur_sp0_fiq.o
 .comment       0x0000000000000045       0x46 bin/obj/arm/exceptions/handlers/el2/el2_low_a32_fiq.o
 .comment       0x0000000000000045       0x46 bin/obj/arm/exceptions/handlers/el2/el2_cur_spx_sync.o
 .comment       0x0000000000000045       0x46 bin/obj/arm/exceptions/handlers/el2/el2_low_a32_sync.o
 .comment       0x0000000000000045       0x46 bin/obj/arm/exceptions/handlers/el2/el2_cur_sp0_sync.o
 .comment       0x0000000000000045       0x46 bin/obj/arm/exceptions/handlers/el2/el2_cur_spx_irq.o
 .comment       0x0000000000000045       0x46 bin/obj/arm/exceptions/exceptions.o
 .comment       0x0000000000000045       0x46 bin/obj/lib/string.o
 .comment       0x0000000000000045       0x46 bin/obj/lib/memcpy/memcpy.o
 .comment       0x0000000000000045       0x46 bin/obj/drivers/uart/uart.o
